### #1

100  5443429 Soccer Positions Explained.mp4	./Soccer Tips & Soccer Advice/
 87  5443429 22 - Soccer Positions Explained.mp4	./How to improve Soccer conditioning & Soccer fitness/

### #2

100  5973267 Football Dribbling Tips - How to dribble.mp4	./Soccer Tips & Soccer Advice/
100  5973267 Football Dribbling Tips - How to dribble.mp4	./Top Soccer Training Videos/

### #3

100  4455628 Soccer Training Guide.webm	./Soccer Tips & Soccer Advice/
100  4455628 Soccer Training Guide.webm	./How to improve Soccer passing & receiving skills/
100  4455628 Soccer Training Guide.webm	./How to improve Soccer ball control skills/
100  4455628 Soccer Training Guide.webm	./Youth Soccer Training Drills/
100  4455628 Soccer Training Guide.webm	./How to improve Soccer shooting skills & finishing/
100  4455628 Soccer Training Guide.webm	./Top Soccer Training Videos/
 87  4455628 32 - Soccer Training Guide.webm	./How to improve Soccer conditioning & Soccer fitness/
 87  4455628 20 - Soccer Training Guide.webm	./At Home Soccer Training Drills/
100  4455628 Soccer Training Guide.webm	./How to improve Soccer dribbling skills and fast footwork/

### #4

100  5805224 Soccer Tips - How to play midfielder.mp4	./Soccer Tips & Soccer Advice/
100  5805224 Soccer Tips - How to play midfielder.mp4	./Top Soccer Training Videos/

### #5

100  4090343 Football Tips - How to play football.mp4	./Soccer Tips & Soccer Advice/
100  4090343 Football Tips - How to play football.mp4	./Top Soccer Training Videos/

### #6

100  5131092 Soccer Shooting Tips - How to Shoot a Soccer Ball.mp4	./Soccer Tips & Soccer Advice/
100  5131092 Soccer Shooting Tips - How to Shoot a Soccer Ball.mp4	./Top Soccer Training Videos/

### #7

100 13599728 Football Passing Drills.mp4	./How to improve Soccer passing & receiving skills/
100 13599728 Football Passing Drills.mp4	./Youth Soccer Training Drills/

### #8

100 13295374 Soccer Passing Drills For Youth.mp4	./How to improve Soccer passing & receiving skills/
100 13295374 Soccer Passing Drills For Youth.mp4	./Youth Soccer Training Drills/

### #9

100 11827630 Soccer Passing Drills.mp4	./How to improve Soccer passing & receiving skills/
100 11827630 Soccer Passing Drills.mp4	./Youth Soccer Training Drills/

### #10

100  7997569 Soccer Ball Control Drills.mp4	./How to improve Soccer passing & receiving skills/
100  7997569 Soccer Ball Control Drills.mp4	./Youth Soccer Training Drills/
100  7997569 Soccer Ball Control Drills.mp4	./Top Soccer Training Videos/

### #11

100  8242852 At Home Soccer Drills - Passing Drills For Soccer.mp4	./How to improve Soccer passing & receiving skills/
 96  8242852 07 - At Home Soccer Drills - Passing Drills For Soccer.mp4	./At Home Soccer Training Drills/

### #12

100 12146599 How To Control A Soccer Ball Like Zidane.mp4	./How to improve Soccer ball control skills/
100 12146599 How To Control A Soccer Ball Like Zidane.mp4	./Try These Soccer Drills/

### #13

100 11142887 Soccer Ball Control Exercises For Kids.mp4	./How to improve Soccer ball control skills/
100 11142887 Soccer Ball Control Exercises For Kids.mp4	./Top Soccer Training Videos/

### #14

100  6389206 How To Control A Football.mp4	./How to improve Soccer ball control skills/
100  6389206 How To Control A Football.mp4	./Top Soccer Training Videos/

### #15

100  8108581 At Home Soccer Drills - Ball Control Drills.mp4	./How to improve Soccer ball control skills/
 95  8108581 08 - At Home Soccer Drills - Ball Control Drills.mp4	./At Home Soccer Training Drills/

### #16

100  5024852 At Home Soccer Drills - Side Flick Up Skills.mp4	./How to improve Soccer ball control skills/
 94  5024852 15 - At Home Soccer Drills - Side Flick Up Skills.mp4	./At Home Soccer Training Drills/

### #17

100  3952646 At Home Soccer Drills - Scoop Stall Skills.mp4	./How to improve Soccer ball control skills/
 94  3952646 14 - At Home Soccer Drills - Scoop Stall Skills.mp4	./At Home Soccer Training Drills/

### #18

100  7062781 How to Improve Soccer Ball Control - Soccer Training Drills.mp4	./How to improve Soccer ball control skills/
100  7062781 How to Improve Soccer Ball Control - Soccer Training Drills.mp4	./Try These Soccer Drills/
100  7062781 How to Improve Soccer Ball Control - Soccer Training Drills.mp4	./Top Soccer Training Videos/

### #19

100 11936817 How To Juggle A Soccer Ball Tutorial For Beginners.mp4	./How to improve Soccer ball control skills/
 95 11936817 10 - How To Juggle A Soccer Ball Tutorial For Beginners.mp4	./Must Watch Tutorials/

### #20

100 11886999 How To Control A Soccer Ball Out Of The Air.mp4	./How to improve Soccer ball control skills/
100 11886999 How To Control A Soccer Ball Out Of The Air.mp4	./Top Soccer Training Videos/

### #21

100 11654072 Soccer Dribbling Moves.mp4	./How to improve Soccer ball control skills/
100 11654072 Soccer Dribbling Moves.mp4	./How to improve Soccer dribbling skills and fast footwork/

### #22

100 10738891 How To Improve Football Control.mp4	./How to improve Soccer ball control skills/
100 10738891 How To Improve Football Control.mp4	./Top Soccer Training Videos/

### #23

100 18897144 How To Improve Running Endurance and Stamina For Soccer.mp4	./Youth Soccer Training Drills/
 95 18897144 23 - How To Improve Running Endurance and Stamina For Soccer.mp4	./How to improve Soccer conditioning & Soccer fitness/

### #24

100 11650500 Soccer Drills For Youth.mp4	./Youth Soccer Training Drills/
100 11650500 Soccer Drills For Youth.mp4	./Top Soccer Training Videos/

### #25

100 26142540 How To Warm Up For Soccer.mp4	./Youth Soccer Training Drills/
 93 26142540 24 - How To Warm Up For Soccer.mp4	./How to improve Soccer conditioning & Soccer fitness/

### #26

100  8895724 Improve Soccer Dribbling - Soccer Dribbling Drills - The Soccer Essentials.mp4	./Try These Soccer Drills/
100  8895724 Improve Soccer Dribbling - Soccer Dribbling Drills - The Soccer Essentials.mp4	./Top Soccer Training Videos/

### #27

100 14980304 How To Improve Soccer Speed Agility and Quickness.mp4	./Try These Soccer Drills/
 94 14980304 28 - How To Improve Soccer Speed Agility and Quickness.mp4	./How to improve Soccer conditioning & Soccer fitness/

### #28

100  9042503 How To Do 1v1 Soccer Moves.mp4	./Try These Soccer Drills/
100  9042503 How To Do 1v1 Soccer Moves.mp4	./Top Soccer Training Videos/
100  9042503 How To Do 1v1 Soccer Moves.mp4	./How to improve Soccer dribbling skills and fast footwork/

### #29

100 10043873 Improve Soccer Shooting Technique.mp4	./Try These Soccer Drills/
100 10043873 Improve Soccer Shooting Technique.mp4	./Top Soccer Training Videos/

### #30

100 20096681 Soccer Shooting Drills and Tutorial.mp4	./How to improve Soccer shooting skills & finishing/
100 20096681 Soccer Shooting Drills and Tutorial.mp4	./Top Soccer Training Videos/

### #31

100 10198389 How To Improve Soccer Shooting Accuracy.mp4	./How to improve Soccer shooting skills & finishing/
100 10198389 How To Improve Soccer Shooting Accuracy.mp4	./Top Soccer Training Videos/

### #32

100 10208226 How To Dribble A Soccer Ball.mp4	./Top Soccer Training Videos/
100 10208226 How To Dribble A Soccer Ball.mp4	./How to improve Soccer dribbling skills and fast footwork/

### #33

100  7714251 1v1 Soccer Moves - Elastico Tutorial.mp4	./Top Soccer Training Videos/
100  7714251 1v1 Soccer Moves - Elastico Tutorial.mp4	./How to improve Soccer dribbling skills and fast footwork/

### #34

100  9255149 How To Improve Soccer Speed and Acceleration.mp4	./Top Soccer Training Videos/
 94  9255149 03 - How To Improve Soccer Speed and Acceleration.mp4	./How to improve Soccer conditioning & Soccer fitness/

### #35

100 15189628 Soccer Cool Down.mp4	./Top Soccer Training Videos/
 87 15189628 08 - Soccer Cool Down.mp4	./How to improve Soccer conditioning & Soccer fitness/

### #36

100  8949123 How to Improve your Soccer Dribbling Skills At Home.mp4	./Top Soccer Training Videos/
 95  8949123 02 - How to Improve your Soccer Dribbling Skills At Home.mp4	./At Home Soccer Training Drills/
100  8949123 How to Improve your Soccer Dribbling Skills At Home.mp4	./How to improve Soccer dribbling skills and fast footwork/

### #37

100 12977783 Soccer Dribbling Drills - Soccer Footwork.mp4	./Top Soccer Training Videos/
100 12977783 Soccer Dribbling Drills - Soccer Footwork.mp4	./How to improve Soccer dribbling skills and fast footwork/

### #38

100 11474273 How To Beat A Defender In Soccer.mp4	./Top Soccer Training Videos/
100 11474273 How To Beat A Defender In Soccer.mp4	./How to improve Soccer dribbling skills and fast footwork/

### #39

100 16505362 02 - At Home Soccer Drills - How To Improve Strength.mp4	./How to improve Soccer conditioning & Soccer fitness/
 89 16505362 06 - At Home Soccer Drills - How To Improve Strength.mp4	./At Home Soccer Training Drills/

### #40

100  7722313 05 - At Home Soccer Training Drills - How to improve soccer dribbling skills.mp4	./At Home Soccer Training Drills/
 96  7722313 At Home Soccer Training Drills - How to improve soccer dribbling skills.mp4	./How to improve Soccer dribbling skills and fast footwork/

### #41

100  5236418 17 - At Home Soccer Drills - Advanced Drag Back Skills.mp4	./At Home Soccer Training Drills/
 94  5236418 At Home Soccer Drills - Advanced Drag Back Skills.mp4	./How to improve Soccer dribbling skills and fast footwork/

### #42

100  3487644 11 - At Home Soccer Drills - Push and Pull Skills.mp4	./At Home Soccer Training Drills/
 94  3487644 At Home Soccer Drills - Push and Pull Skills.mp4	./How to improve Soccer dribbling skills and fast footwork/

### #43

100  3765516 19 - At Home Soccer Drills - Brazilian Skills.mp4	./At Home Soccer Training Drills/
 93  3765516 At Home Soccer Drills - Brazilian Skills.mp4	./How to improve Soccer dribbling skills and fast footwork/

### #44

100  3487358 12 - At Home Soccer Drills - Cuts and V Turns.mp4	./At Home Soccer Training Drills/
 94  3487358 At Home Soccer Drills - Cuts and V Turns.mp4	./How to improve Soccer dribbling skills and fast footwork/

### #45

100  5040474 16 - At Home Soccer Drills - Side Touch Skills.mp4	./At Home Soccer Training Drills/
 94  5040474 At Home Soccer Drills - Side Touch Skills.mp4	./How to improve Soccer dribbling skills and fast footwork/

### #46

100  4206289 10 - At Home Soccer Drills - Scissor To Step Over.mp4	./At Home Soccer Training Drills/
 94  4206289 At Home Soccer Drills - Scissor To Step Over.mp4	./How to improve Soccer dribbling skills and fast footwork/

### #47

100  4550201 09 - At Home Soccer Drills - Cut and Turn Skills.mp4	./At Home Soccer Training Drills/
 94  4550201 At Home Soccer Drills - Cut and Turn Skills.mp4	./How to improve Soccer dribbling skills and fast footwork/

### #48

100  4972074 18 - At Home Soccer Drills - Roll Over To Chop Skills.mp4	./At Home Soccer Training Drills/
 95  4972074 At Home Soccer Drills - Roll Over To Chop Skills.mp4	./How to improve Soccer dribbling skills and fast footwork/


