[fsimilar]  n='Soccer Tips - For Beginners', e='.mp4', s='1', d='7433545 ./Soccer Tips & Soccer Advice/'
[fsimilar] +: Simhash of debbf6fcbbe537ae added.
[fsimilar]  n='Soccer Tips - For Forwards', e='.mp4', s='1', d='1628316 ./Soccer Tips & Soccer Advice/'
[fsimilar] +: Simhash of d85f7efcbfcd36bf added.
[fsimilar]  n='How To Play Good Defense In Soccer', e='.mp4', s='1', d='7806295 ./Soccer Tips & Soccer Advice/'
[fsimilar] +: Simhash of b8b05c16b7cb1afe added.
[fsimilar]  n='Soccer Shooting Tips - How to kick a soccer ball', e='.mp4', s='1', d='6457466 ./Soccer Tips & Soccer Advice/'
[fsimilar] +: Simhash of ea23367ca7c7361e added.
[fsimilar]  n='Soccer Positions Explained', e='.mp4', s='1', d='5443429 ./Soccer Tips & Soccer Advice/'
[fsimilar] +: Simhash of f2ba3de4a18d6a0d added.
[fsimilar]  n='Soccer Drills and Exercises For Youth', e='.mp4', s='1', d='5977829 ./Soccer Tips & Soccer Advice/'
[fsimilar] +: Simhash of daf9debc6bad37ae added.
[fsimilar]  n='Soccer Tips - How To Be A Good Soccer Defender', e='.mp4', s='1', d='6463719 ./Soccer Tips & Soccer Advice/'
[fsimilar] +: Simhash of 9a327e36a7cb36da added.
[fsimilar]  n='Useful Soccer Defending Tips', e='.mp4', s='1', d='4933599 ./Soccer Tips & Soccer Advice/'
[fsimilar] +: Simhash of af3b7db7fbdf3ebf added.
[fsimilar]  n='Soccer Tips - How To Become A Better Soccer Player', e='.mp4', s='1', d='4279640 ./Soccer Tips & Soccer Advice/'
[fsimilar] +: Simhash of 98127e36b785368a added.
[fsimilar]  n='How To Be More Confident In Soccer', e='.mp4', s='1', d='4415741 ./Soccer Tips & Soccer Advice/'
[fsimilar] +: Simhash of 48325706b5eb322e added.
[fsimilar]  n='Soccer Dribbling Tips - How to dribble fast', e='.mp4', s='1', d='5613774 ./Soccer Tips & Soccer Advice/'
[fsimilar] +: Simhash of 88067576a3fb3a99 added.
[fsimilar]  n='Soccer Tips - Soccer Defending Technique', e='.mp4', s='1', d='6195197 ./Soccer Tips & Soccer Advice/'
[fsimilar] +: Simhash of aa337cb4a3cc3e8d added.
[fsimilar]  n='Soccer Tips - From Pros', e='.mp4', s='1', d='5523065 ./Soccer Tips & Soccer Advice/'
[fsimilar] +: Simhash of ae53777eb3cf3b2d added.
[fsimilar]  n='Soccer Tips - How To Be A Good Soccer Midfielder', e='.mp4', s='1', d='5462427 ./Soccer Tips & Soccer Advice/'
[fsimilar] +: Simhash of ea327c14a7cb36da added.
[fsimilar]  n='Football Dribbling Tips', e='.mp4', s='1', d='5912685 ./Soccer Tips & Soccer Advice/'
[fsimilar] +: Simhash of 8a0655ed83592afa added.
[fsimilar]  n='Football Dribbling Tips - How to dribble', e='.mp4', s='1', d='5973267 ./Soccer Tips & Soccer Advice/'
[fsimilar] +: Simhash of 8806555f93fb3eff added.
[fsimilar]  n='Football Tips - For Beginners', e='.mp4', s='1', d='4124350 ./Soccer Tips & Soccer Advice/'
[fsimilar] +: Simhash of de8ff5dc9be577ee added.
[fsimilar]  n='Soccer Tips - How To Play Midfield', e='.mp4', s='1', d='6771263 ./Soccer Tips & Soccer Advice/'
[fsimilar] +: Simhash of fc92f67ebfdf16ff added.
[fsimilar]  n='Soccer Dribbling Tips - How to dribble a ball', e='.mp4', s='1', d='5122099 ./Soccer Tips & Soccer Advice/'
[fsimilar] +: Simhash of 8e26777eb7db36be added.
[fsimilar]  n='Soccer Tips - How To Play Defense In Soccer', e='.mp4', s='1', d='8373105 ./Soccer Tips & Soccer Advice/'
[fsimilar] +: Simhash of b8327e36b7cf3ebf added.
[fsimilar]  n='How To Watch Soccer Online For Free', e='.mp4', s='1', d='9432351 ./Soccer Tips & Soccer Advice/'
[fsimilar] +: Simhash of 58c34f1ce3ca266e added.
[fsimilar]  n='Football Tips - For Forwards', e='.mp4', s='1', d='7466166 ./Soccer Tips & Soccer Advice/'
[fsimilar] +: Simhash of d85f6ffc3fc935bf added.
[fsimilar]  n='Soccer Tips - How To Play Forward', e='.mp4', s='1', d='5600003 ./Soccer Tips & Soccer Advice/'
[fsimilar] +: Simhash of cc96fe3ebbcf16bf added.
[fsimilar]  n='Soccer Training Guide', e='.webm', s='1', d='4455628 ./Soccer Tips & Soccer Advice/'
[fsimilar] +: Simhash of f2323fb42a4ca10f added.
[fsimilar]  n='Soccer Tips - How to be a Soccer Player', e='.mp4', s='1', d='3362485 ./Soccer Tips & Soccer Advice/'
[fsimilar] =: Simhash of da327e16b7cb36de ignored for 9a327e36a7cb36da (4).
[fsimilar]  n='How To Play Soccer Midfielder Properly', e='.mp4', s='1', d='4924397 ./Soccer Tips & Soccer Advice/'
[fsimilar] +: Simhash of ee72fc14a3cf16fe added.
[fsimilar]  n='Football Tips - For Youth', e='.mp4', s='1', d='3475782 ./Soccer Tips & Soccer Advice/'
[fsimilar] +: Simhash of ea87ddfffff777ee added.
[fsimilar]  n='Soccer Shooting Tips - How to improve shot power', e='.mp4', s='1', d='4956223 ./Soccer Tips & Soccer Advice/'
[fsimilar] +: Simhash of da36767eb7df33df added.
[fsimilar]  n='Soccer Shooting Tips - How to improve shot accuracy', e='.mp4', s='1', d='6443126 ./Soccer Tips & Soccer Advice/'
[fsimilar] +: Simhash of da32563eb3d737ff added.
[fsimilar]  n='Football Shooting Tips - How to kick a football hard', e='.mp4', s='1', d='5711932 ./Soccer Tips & Soccer Advice/'
[fsimilar] +: Simhash of e827254c8a4373fe added.
[fsimilar]  n='Soccer Dribbling Tips', e='.mp4', s='1', d='4148720 ./Soccer Tips & Soccer Advice/'
[fsimilar] +: Simhash of 8a3676f483dd2a18 added.
[fsimilar]  n='Soccer Tips - Become A Better Player', e='.mp4', s='1', d='2788847 ./Soccer Tips & Soccer Advice/'
[fsimilar] +: Simhash of 9e133f37b785b6aa added.
[fsimilar]  n='Soccer Tips - How to play soccer', e='.mp4', s='1', d='3943764 ./Soccer Tips & Soccer Advice/'
[fsimilar] =: Simhash of f8327e3eb3cf36bf ignored for b8327e36b7cf3ebf (4).
[fsimilar]  n='Soccer Tips - How to play midfielder', e='.mp4', s='1', d='5805224 ./Soccer Tips & Soccer Advice/'
[fsimilar] +: Simhash of ec527c3ebfcf36ff added.
[fsimilar]  n='Soccer Tips - How To Prepare For A Soccer Game', e='.mp4', s='1', d='5882933 ./Soccer Tips & Soccer Advice/'
[fsimilar] +: Simhash of d843763cabc136be added.
[fsimilar]  n='Soccer Defending Tips - How to defend in Soccer', e='.mp4', s='1', d='7848231 ./Soccer Tips & Soccer Advice/'
[fsimilar] +: Simhash of f8327e17b3cb36dd added.
[fsimilar]  n='Soccer Tips - How to improve ball control', e='.mp4', s='1', d='5617049 ./Soccer Tips & Soccer Advice/'
[fsimilar] +: Simhash of 9a12463ef7d7361e added.
[fsimilar]  n='Soccer Foward Training To Score More Goals', e='.mp4', s='1', d='5088700 ./Soccer Tips & Soccer Advice/'
[fsimilar] +: Simhash of 8a3b3734bbea26aa added.
[fsimilar]  n='Football Tips - How To Play Forward', e='.mp4', s='1', d='6602383 ./Soccer Tips & Soccer Advice/'
[fsimilar] +: Simhash of cc86dd5fbbcf16ff added.
[fsimilar]  n='Football Tips - From Pros', e='.mp4', s='1', d='4659545 ./Soccer Tips & Soccer Advice/'
[fsimilar] +: Simhash of ae57657eb3cf3bef added.
[fsimilar]  n='Football Tips - How to play football', e='.mp4', s='1', d='4090343 ./Soccer Tips & Soccer Advice/'
[fsimilar] +: Simhash of e8065d5fb3cb37ff added.
[fsimilar]  n='Soccer Tips - Improve Soccer Skills', e='.mp4', s='1', d='5541961 ./Soccer Tips & Soccer Advice/'
[fsimilar] +: Simhash of de137eb6b3cc2a0f added.
[fsimilar]  n='Football Tips - How To Play Midfield', e='.mp4', s='1', d='6147173 ./Soccer Tips & Soccer Advice/'
[fsimilar] =: Simhash of ec96f57ebfdf17ff ignored for fc92f67ebfdf16ff (5).
[fsimilar]  n='Soccer Shooting Tips - How to Shoot a Soccer Ball', e='.mp4', s='1', d='5131092 ./Soccer Tips & Soccer Advice/'
[fsimilar] +: Simhash of aa33763ca7d3369e added.
[fsimilar]  n='Football Tips - How to be a Footballer', e='.mp4', s='1', d='3995650 ./Soccer Tips & Soccer Advice/'
[fsimilar] +: Simhash of 802744ca6cb36fe added.
[fsimilar]  n='Learn How to Pass A Soccer Ball Like Xavi Hernandez - Soccer Success Secrets Preview', e='.mp4', s='1', d='13770039 ./How to improve Soccer passing & receiving skills/'
[fsimilar] +: Simhash of b843d67ea2ef33b6 added.
[fsimilar]  n='Football Passing Drills', e='.mp4', s='1', d='13599728 ./How to improve Soccer passing & receiving skills/'
[fsimilar] +: Simhash of 2e8d5fcd0000498a added.
[fsimilar]  n='Soccer Passing Drills For Youth', e='.mp4', s='1', d='13295374 ./How to improve Soccer passing & receiving skills/'
[fsimilar] +: Simhash of fa89dfbceba1330e added.
[fsimilar]  n='Soccer Tips - How To Pass A Soccer Ball', e='.mp4', s='1', d='11155530 ./How to improve Soccer passing & receiving skills/'
[fsimilar] +: Simhash of ae37767eb7cf369e added.
[fsimilar]  n='Soccer Passing Drills', e='.mp4', s='1', d='11827630 ./How to improve Soccer passing & receiving skills/'
[fsimilar] +: Simhash of be9d5fbca0800b8a added.
[fsimilar]  n='Soccer Training Guide', e='.webm', s='1', d='4455628 ./How to improve Soccer passing & receiving skills/'
[fsimilar] =: Simhash of f2323fb42a4ca10f ignored for f2323fb42a4ca10f (0).
[fsimilar]  n='Soccer Ball Control Drills', e='.mp4', s='1', d='7997569 ./How to improve Soccer passing & receiving skills/'
[fsimilar] +: Simhash of be9f7fbee7573d1e added.
[fsimilar]  n='At Home Soccer Drills - Passing Drills For Soccer', e='.mp4', s='1', d='8242852 ./How to improve Soccer passing & receiving skills/'
[fsimilar] +: Simhash of fabf5fbce0a13f8e added.
[fsimilar]  n='Soccer Passing Exercises', e='.mp4', s='1', d='6173393 ./How to improve Soccer passing & receiving skills/'
[fsimilar] +: Simhash of eb397634a08ca38a added.
[fsimilar]  n='5 - How To Play Winger Tutorial In Soccer', e='.mp4', s='1', d='25235189 ./Your Guide To Every Position/'
[fsimilar] +: Simhash of d8b2df1ca5cb36ff added.
[fsimilar]  n='3 - How To Play Defensive Midfielder In Football Tutorial', e='.mp4', s='1', d='24436475 ./Your Guide To Every Position/'
[fsimilar] +: Simhash of cc42dd1da4cb36ee added.
[fsimilar]  n='4 - How To Play Attacking Midfielder Tutorial In Soccer', e='.mp4', s='1', d='19337340 ./Your Guide To Every Position/'
[fsimilar] +: Simhash of cc625f14a7cb32ab added.
[fsimilar]  n='6 - How To Play Striker In Soccer Tutorial', e='.mp4', s='1', d='27784248 ./Your Guide To Every Position/'
[fsimilar] =: Simhash of dce2df1ea7cb36ff ignored for d8b2df1ca5cb36ff (5).
[fsimilar]  n='2 - How To Play Fullback In Football Tutorial', e='.mp4', s='1', d='36342703 ./Your Guide To Every Position/'
[fsimilar] +: Simhash of a8a2df1db5cb32ff added.
[fsimilar]  n='1 - How To Play Center Back Tutorial For Football', e='.mp4', s='1', d='32435757 ./Your Guide To Every Position/'
[fsimilar] +: Simhash of cc02dd5c23cb17ae added.
[fsimilar]  n='How To Do The Rainbow In Soccer', e='.mp4', s='1', d='18225870 ./How to improve Soccer ball control skills/'
[fsimilar] +: Simhash of c8325614b6eb32ec added.
[fsimilar]  n='Best Soccer Ball Control Drills For Kids', e='.mp4', s='1', d='3368061 ./How to improve Soccer ball control skills/'
[fsimilar] +: Simhash of ba8b173ee7440c0a added.
[fsimilar]  n='How to improve football ball control #2', e='.mp4', s='1', d='9057984 ./How to improve Soccer ball control skills/'
[fsimilar] +: Simhash of 2a02470ee74335fe added.
[fsimilar]  n='Freestyle Soccer Tricks', e='.mp4', s='1', d='13807320 ./How to improve Soccer ball control skills/'
[fsimilar] +: Simhash of faa34f34c2dd202c added.
[fsimilar]  n='How To Control A Soccer Ball Like Zidane', e='.mp4', s='1', d='12146599 ./How to improve Soccer ball control skills/'
[fsimilar] +: Simhash of fa52673ee7db37bc added.
[fsimilar]  n='How to improve football touch #6', e='.mp4', s='1', d='9983695 ./How to improve Soccer ball control skills/'
[fsimilar] +: Simhash of 5e03dd0db3cb3fff added.
[fsimilar]  n='Soccer Ball Control Exercises For Kids', e='.mp4', s='1', d='11142887 ./How to improve Soccer ball control skills/'
[fsimilar] +: Simhash of fa7be73ee3d72d2e added.
[fsimilar]  n='How To Control A Football', e='.mp4', s='1', d='6389206 ./How to improve Soccer ball control skills/'
[fsimilar] +: Simhash of aa42450c864b17fe added.
[fsimilar]  n='At Home Soccer Drills - Ball Control Drills', e='.mp4', s='1', d='8108581 ./How to improve Soccer ball control skills/'
[fsimilar] +: Simhash of 321d13aec4433d0e added.
[fsimilar]  n='At Home Soccer Drills - Side Flick Up Skills', e='.mp4', s='1', d='5024852 ./How to improve Soccer ball control skills/'
[fsimilar] +: Simhash of d833779fb6eb2fae added.
[fsimilar]  n='How To Stall A Soccer Ball On Your Head', e='.mp4', s='1', d='10921944 ./How to improve Soccer ball control skills/'
[fsimilar] +: Simhash of 6852643eb74b367e added.
[fsimilar]  n='How To Control A Soccer Ball Like Ronaldinho', e='.mp4', s='1', d='8598560 ./How to improve Soccer ball control skills/'
[fsimilar] =: Simhash of ba52773ee7d317fc ignored for fa52673ee7db37bc (5).
[fsimilar]  n='How to improve football juggling #4', e='.mp4', s='1', d='8146946 ./How to improve Soccer ball control skills/'
[fsimilar] +: Simhash of 7e67dd1de24b3fff added.
[fsimilar]  n='How To Stall A Soccer Ball On Your Foot', e='.mp4', s='1', d='8547326 ./How to improve Soccer ball control skills/'
[fsimilar] +: Simhash of 870443ea7cb35fc added.
[fsimilar]  n='How To Improve Soccer Touch #7', e='.mp4', s='1', d='14427058 ./How to improve Soccer ball control skills/'
[fsimilar] +: Simhash of de33fe3cb3cf3ffe added.
[fsimilar]  n='At Home Soccer Drills - Scoop Stall Skills', e='.mp4', s='1', d='3952646 ./How to improve Soccer ball control skills/'
[fsimilar] +: Simhash of 58310f2fd4e03d2f added.
[fsimilar]  n='How to improve soccer ball control #3', e='.mp4', s='1', d='11781008 ./How to improve Soccer ball control skills/'
[fsimilar] +: Simhash of ba02463ee743371c added.
[fsimilar]  n='How to Improve Soccer Ball Control - Soccer Training Drills', e='.mp4', s='1', d='7062781 ./How to improve Soccer ball control skills/'
[fsimilar] +: Simhash of ba1a5634e3422d1e added.
[fsimilar]  n='Soccer Training Guide', e='.webm', s='1', d='4455628 ./How to improve Soccer ball control skills/'
[fsimilar] =: Simhash of f2323fb42a4ca10f ignored for f2323fb42a4ca10f (0).
[fsimilar]  n='How To Juggle A Soccer Ball Tutorial For Beginners', e='.mp4', s='1', d='11936817 ./How to improve Soccer ball control skills/'
[fsimilar] +: Simhash of d8a3f61ca7c336be added.
[fsimilar]  n='How To Control A Soccer Ball Out Of The Air', e='.mp4', s='1', d='11886999 ./How to improve Soccer ball control skills/'
[fsimilar] +: Simhash of d8bec71ce7cb377e added.
[fsimilar]  n='Soccer Drills For Kids - Improve First Touch', e='.mp4', s='1', d='15529431 ./How to improve Soccer ball control skills/'
[fsimilar] +: Simhash of d28b9e38ebe42c2a added.
[fsimilar]  n='How To Improve First Touch In Soccer', e='.mp4', s='1', d='9516704 ./How to improve Soccer ball control skills/'
[fsimilar] +: Simhash of 58125e13b3cb2e7c added.
[fsimilar]  n='How to juggle a soccer ball #1', e='.mp4', s='1', d='6785805 ./How to improve Soccer ball control skills/'
[fsimilar] +: Simhash of aa63365ca7c336be added.
[fsimilar]  n='Soccer Dribbling Moves', e='.mp4', s='1', d='11654072 ./How to improve Soccer ball control skills/'
[fsimilar] +: Simhash of 9aa6fee0a17d2a4c added.
[fsimilar]  n='How To Stall A Soccer Ball On Your Neck', e='.mp4', s='1', d='6217816 ./How to improve Soccer ball control skills/'
[fsimilar] =: Simhash of 2852643eb7cb377c ignored for 6852643eb74b367e (4).
[fsimilar]  n='How To Improve Football Control', e='.mp4', s='1', d='10738891 ./How to improve Soccer ball control skills/'
[fsimilar] +: Simhash of 5a82470ae34b0dfe added.
[fsimilar]  n='Football Passing Drills', e='.mp4', s='1', d='13599728 ./Youth Soccer Training Drills/'
[fsimilar] =: Simhash of 2e8d5fcd0000498a ignored for 2e8d5fcd0000498a (0).
[fsimilar]  n='Soccer Passing Drills For Youth', e='.mp4', s='1', d='13295374 ./Youth Soccer Training Drills/'
[fsimilar] =: Simhash of fa89dfbceba1330e ignored for fa89dfbceba1330e (0).
[fsimilar]  n='Soccer Drills For Beginners', e='.mp4', s='1', d='23688344 ./Youth Soccer Training Drills/'
[fsimilar] +: Simhash of deabff9ce3e53f8e added.
[fsimilar]  n='Soccer Passing Drills', e='.mp4', s='1', d='11827630 ./Youth Soccer Training Drills/'
[fsimilar] =: Simhash of be9d5fbca0800b8a ignored for be9d5fbca0800b8a (0).
[fsimilar]  n='Soccer Passing Drills For A Sunday Kickabout', e='.mp4', s='1', d='14469640 ./Youth Soccer Training Drills/'
[fsimilar] +: Simhash of bf8bfffc4f812b8a added.
[fsimilar]  n='How To Improve Running Endurance and Stamina For Soccer', e='.mp4', s='1', d='18897144 ./Youth Soccer Training Drills/'
[fsimilar] +: Simhash of d8d256187bcf367c added.
[fsimilar]  n='Soccer Drills For Youth', e='.mp4', s='1', d='11650500 ./Youth Soccer Training Drills/'
[fsimilar] +: Simhash of faabdfbcefa53f2e added.
[fsimilar]  n='Soccer Training Guide', e='.webm', s='1', d='4455628 ./Youth Soccer Training Drills/'
[fsimilar] =: Simhash of f2323fb42a4ca10f ignored for f2323fb42a4ca10f (0).
[fsimilar]  n='Soccer Ball Control Drills', e='.mp4', s='1', d='7997569 ./Youth Soccer Training Drills/'
[fsimilar] =: Simhash of be9f7fbee7573d1e ignored for be9f7fbee7573d1e (0).
[fsimilar]  n='Soccer Drills And Exercises', e='.mp4', s='1', d='10245175 ./Youth Soccer Training Drills/'
[fsimilar] +: Simhash of dafdfebc63acafaa added.
[fsimilar]  n='How To Warm Up For Soccer', e='.mp4', s='1', d='26142540 ./Youth Soccer Training Drills/'
[fsimilar] +: Simhash of d872d71eafeb17ae added.
[fsimilar]  n='04 - Soccer Shooting Technique', e='.mp4', s='1', d='15554942 ./Must Watch Tutorials/'
[fsimilar] +: Simhash of ea37fe75bfdfdb1d added.
[fsimilar]  n='09 - How To Beat A Defender In Football', e='.mp4', s='1', d='10241361 ./Must Watch Tutorials/'
[fsimilar] +: Simhash of a76df4fb6cb2ffc added.
[fsimilar]  n='03 - How To Defend In Soccer', e='.mp4', s='1', d='12369636 ./Must Watch Tutorials/'
[fsimilar] +: Simhash of d832de07b5eb0afc added.
[fsimilar]  n='10 - How To Juggle A Soccer Ball Tutorial For Beginners', e='.mp4', s='1', d='11936817 ./Must Watch Tutorials/'
[fsimilar] =: Simhash of d8a3f61ca7eb37be ignored for d8a3f61ca7c336be (3).
[fsimilar]  n='05 - Long Passing Football or Soccer Tutorial', e='.mp4', s='1', d='18744572 ./Must Watch Tutorials/'
[fsimilar] +: Simhash of c8335e1fa4c9282a added.
[fsimilar]  n='02 - How To Head A Soccer Ball Tutorial', e='.mp4', s='1', d='33780753 ./Must Watch Tutorials/'
[fsimilar] +: Simhash of f933f61eb7cb36bf added.
[fsimilar]  n='01 - How To Receive A Soccer Pass Tutorial', e='.mp4', s='1', d='50859146 ./Must Watch Tutorials/'
[fsimilar] +: Simhash of fc23de1eb5eb12be added.
[fsimilar]  n='06 - Soccer Kick Training Video', e='.mp4', s='1', d='12897051 ./Must Watch Tutorials/'
[fsimilar] +: Simhash of e8339836e2ee092f added.
[fsimilar]  n='07 - How To Take a Penalty Kick In Soccer or Football', e='.mp4', s='1', d='18755502 ./Must Watch Tutorials/'
[fsimilar] +: Simhash of 88325d0ea6cb236e added.
[fsimilar]  n='08 - How To Run Faster In Football', e='.mp4', s='1', d='20831801 ./Must Watch Tutorials/'
[fsimilar] +: Simhash of 832d50fb2eb0bac added.
[fsimilar]  n='How To Control A Soccer Ball Like Zidane', e='.mp4', s='1', d='12146599 ./Try These Soccer Drills/'
[fsimilar] =: Simhash of fa52673ee7db37bc ignored for fa52673ee7db37bc (0).
[fsimilar]  n='Soccer Skills Training For Advanced Players', e='.mp4', s='1', d='8533396 ./Try These Soccer Drills/'
[fsimilar] +: Simhash of fbcbcf357bfdaf8f added.
[fsimilar]  n='Soccer Passing Drills For Youth', e='.mp4', s='1', d='9710216 ./Try These Soccer Drills/'
[fsimilar] =: Simhash of fa89dfbceba1330e ignored for fa89dfbceba1330e (0).
[fsimilar]  n='Improve Soccer Dribbling - Soccer Dribbling Drills - The Soccer Essentials', e='.mp4', s='1', d='8895724 ./Try These Soccer Drills/'
[fsimilar] +: Simhash of d2b35eb0e3682a0c added.
[fsimilar]  n='How To Improve Soccer Speed Agility and Quickness', e='.mp4', s='1', d='14980304 ./Try These Soccer Drills/'
[fsimilar] +: Simhash of dab0c63aabea3ffe added.
[fsimilar]  n='How To Do 1v1 Soccer Moves', e='.mp4', s='1', d='9042503 ./Try These Soccer Drills/'
[fsimilar] +: Simhash of d836fe14b4fb3eed added.
[fsimilar]  n='How to Improve Soccer Ball Control - Soccer Training Drills', e='.mp4', s='1', d='7062781 ./Try These Soccer Drills/'
[fsimilar] =: Simhash of ba1a5634e3422d1e ignored for ba1a5634e3422d1e (0).
[fsimilar]  n='Improve Soccer Shooting Technique', e='.mp4', s='1', d='10043873 ./Try These Soccer Drills/'
[fsimilar] +: Simhash of f6b77674bb5efb1f added.
[fsimilar]  n='Agility Exercises and Agility Drills For Soccer', e='.mp4', s='1', d='18035710 ./Try These Soccer Drills/'
[fsimilar] +: Simhash of 502be6b869a8b2ae added.
[fsimilar]  n='Strength Exercises for Soccer Players', e='.mp4', s='1', d='22221368 ./Try These Soccer Drills/'
[fsimilar] +: Simhash of 5a1bce3463cd250e added.
[fsimilar]  n='02 - How To Play Football', e='.mp4', s='1', d='17960558 ./Start By Watching These Videos/'
[fsimilar] +: Simhash of 802dd0fb0cb13ff added.
[fsimilar]  n='01 - The Video Every Soccer or Football Player Must Watch', e='.mp4', s='1', d='18942706 ./Start By Watching These Videos/'
[fsimilar] +: Simhash of c8355c17b6f9ac6e added.
[fsimilar]  n='08 - How To Play Football Quicker', e='.mp4', s='1', d='19857544 ./Start By Watching These Videos/'
[fsimilar] +: Simhash of 4866dd1fb1eb17ff added.
[fsimilar]  n='03 - How Do You Play Soccer Better', e='.mp4', s='1', d='15524654 ./Start By Watching These Videos/'
[fsimilar] +: Simhash of 8882ff16b1cb128e added.
[fsimilar]  n='07 - 5 Soccer Drills Every Soccer Player Must Practice To Improve', e='.mp4', s='1', d='21411377 ./Start By Watching These Videos/'
[fsimilar] +: Simhash of da325e96b6c0aa4a added.
[fsimilar]  n='10 - Off The Ball Movement Tutorial For Soccer', e='.mp4', s='1', d='18871217 ./Start By Watching These Videos/'
[fsimilar] +: Simhash of d8bbf61cefe93c7e added.
[fsimilar]  n='05 - 5 Soccer Tips For On Field Success', e='.mp4', s='1', d='10647101 ./Start By Watching These Videos/'
[fsimilar] +: Simhash of 8833fd1eb7ed373e added.
[fsimilar]  n='09 - One Touch Football Tutorial - Play Like Barcelona', e='.mp4', s='1', d='29790307 ./Start By Watching These Videos/'
[fsimilar] +: Simhash of dc83dc3eb9cb38f6 added.
[fsimilar]  n='06 - 5 Football Tips For Success', e='.mp4', s='1', d='8659538 ./Start By Watching These Videos/'
[fsimilar] +: Simhash of 88139d4eb7e1b7ee added.
[fsimilar]  n='04 - How To Play Soccer', e='.mp4', s='1', d='16543102 ./Start By Watching These Videos/'
[fsimilar] +: Simhash of 8832dc16b1cb12bd added.
[fsimilar]  n='Soccer Shooting Drills and Tutorial', e='.mp4', s='1', d='20096681 ./How to improve Soccer shooting skills & finishing/'
[fsimilar] +: Simhash of d2a5d69c2fca328a added.
[fsimilar]  n='How To Score Goals In Soccer', e='.mp4', s='1', d='5602684 ./How to improve Soccer shooting skills & finishing/'
[fsimilar] +: Simhash of 9a337f17bbeb36fd added.
[fsimilar]  n='How To Shoot A Soccer Ball', e='.mp4', s='1', d='8848963 ./How to improve Soccer shooting skills & finishing/'
[fsimilar] +: Simhash of bf33ff3ea7db36fe added.
[fsimilar]  n='How To Improve Soccer Shooting Accuracy', e='.mp4', s='1', d='10198389 ./How to improve Soccer shooting skills & finishing/'
[fsimilar] +: Simhash of fa22d635f3df17de added.
[fsimilar]  n='Soccer Forward Tips - How To Score More Goals', e='.mp4', s='1', d='14437116 ./How to improve Soccer shooting skills & finishing/'
[fsimilar] +: Simhash of ca3e773ebbef16bf added.
[fsimilar]  n='Soccer Shooting Drills For Youth', e='.mp4', s='1', d='11075861 ./How to improve Soccer shooting skills & finishing/'
[fsimilar] +: Simhash of f2a1df9cef21330e added.
[fsimilar]  n='Soccer Training Guide', e='.webm', s='1', d='4455628 ./How to improve Soccer shooting skills & finishing/'
[fsimilar] =: Simhash of f2323fb42a4ca10f ignored for f2323fb42a4ca10f (0).
[fsimilar]  n='Football shooting drills', e='.mp4', s='1', d='9188090 ./How to improve Soccer shooting skills & finishing/'
[fsimilar] +: Simhash of 62059fcd064059ca added.
[fsimilar]  n='How To Dribble A Soccer Ball', e='.mp4', s='1', d='10208226 ./Top Soccer Training Videos/'
[fsimilar] =: Simhash of be227f5eb7db36be ignored for 8e26777eb7db36be (5).
[fsimilar]  n='Soccer Ball Control Exercises For Kids', e='.mp4', s='1', d='11142887 ./Top Soccer Training Videos/'
[fsimilar] =: Simhash of fa7be73ee3d72d2e ignored for fa7be73ee3d72d2e (0).
[fsimilar]  n='Soccer Shooting Drills and Tutorial', e='.mp4', s='1', d='20096681 ./Top Soccer Training Videos/'
[fsimilar] =: Simhash of d2a5d69c2fca328a ignored for d2a5d69c2fca328a (0).
[fsimilar]  n='1v1 Soccer Moves - Elastico Tutorial', e='.mp4', s='1', d='7714251 ./Top Soccer Training Videos/'
[fsimilar] +: Simhash of df27feb02ced3a85 added.
[fsimilar]  n='How To Improve Soccer Speed and Acceleration', e='.mp4', s='1', d='9255149 ./Top Soccer Training Videos/'
[fsimilar] +: Simhash of 5a9c4636eb8b27bc added.
[fsimilar]  n='How To Control A Football', e='.mp4', s='1', d='6389206 ./Top Soccer Training Videos/'
[fsimilar] =: Simhash of aa42450c864b17fe ignored for aa42450c864b17fe (0).
[fsimilar]  n='Football Dribbling Tips - How to dribble', e='.mp4', s='1', d='5973267 ./Top Soccer Training Videos/'
[fsimilar] =: Simhash of 8806555f93fb3eff ignored for 8806555f93fb3eff (0).
[fsimilar]  n='Powerful Tips to Improve Soccer Football Dribbling', e='.mp4', s='1', d='3256295 ./Top Soccer Training Videos/'
[fsimilar] +: Simhash of a265666b34e2afe added.
[fsimilar]  n='Improve Soccer Dribbling - Soccer Dribbling Drills - The Soccer Essentials', e='.mp4', s='1', d='8895724 ./Top Soccer Training Videos/'
[fsimilar] =: Simhash of d2b35eb0e3682a0c ignored for d2b35eb0e3682a0c (0).
[fsimilar]  n='How To Improve Soccer Shooting Accuracy', e='.mp4', s='1', d='10198389 ./Top Soccer Training Videos/'
[fsimilar] =: Simhash of fa22d635f3df17de ignored for fa22d635f3df17de (0).
[fsimilar]  n='How To Do Around The World Soccer Football Juggling Move - ATW', e='.mp4', s='1', d='7734302 ./Top Soccer Training Videos/'
[fsimilar] +: Simhash of d816ce1ce2eb1efe added.
[fsimilar]  n='Soccer Drills For Youth', e='.mp4', s='1', d='11650500 ./Top Soccer Training Videos/'
[fsimilar] =: Simhash of faabdfbcefa53f2e ignored for faabdfbcefa53f2e (0).
[fsimilar]  n='How To Do 1v1 Soccer Moves', e='.mp4', s='1', d='9042503 ./Top Soccer Training Videos/'
[fsimilar] =: Simhash of d836fe14b4fb3eed ignored for d836fe14b4fb3eed (0).
[fsimilar]  n='How to Improve Soccer Ball Control - Soccer Training Drills', e='.mp4', s='1', d='7062781 ./Top Soccer Training Videos/'
[fsimilar] =: Simhash of ba1a5634e3422d1e ignored for ba1a5634e3422d1e (0).
[fsimilar]  n='Soccer Training Guide', e='.webm', s='1', d='4455628 ./Top Soccer Training Videos/'
[fsimilar] =: Simhash of f2323fb42a4ca10f ignored for f2323fb42a4ca10f (0).
[fsimilar]  n='Soccer Ball Control Drills', e='.mp4', s='1', d='7997569 ./Top Soccer Training Videos/'
[fsimilar] =: Simhash of be9f7fbee7573d1e ignored for be9f7fbee7573d1e (0).
[fsimilar]  n='Improve Soccer Shooting Technique', e='.mp4', s='1', d='10043873 ./Top Soccer Training Videos/'
[fsimilar] =: Simhash of f6b77674bb5efb1f ignored for f6b77674bb5efb1f (0).
[fsimilar]  n='How To Control A Soccer Ball Out Of The Air', e='.mp4', s='1', d='11886999 ./Top Soccer Training Videos/'
[fsimilar] =: Simhash of d8bec71ce7cb377e ignored for d8bec71ce7cb377e (0).
[fsimilar]  n='Strength and Power Workout for Soccer Players - The Soccer Essentials', e='.mp4', s='1', d='12105912 ./Top Soccer Training Videos/'
[fsimilar] +: Simhash of da9fce3c6befbc0e added.
[fsimilar]  n='Soccer Cool Down', e='.mp4', s='1', d='15189628 ./Top Soccer Training Videos/'
[fsimilar] +: Simhash of 1c0bde7ee1d4be2c added.
[fsimilar]  n='How to Improve your Soccer Dribbling Skills At Home', e='.mp4', s='1', d='8949123 ./Top Soccer Training Videos/'
[fsimilar] +: Simhash of c8f24736f3cb2bdc added.
[fsimilar]  n='Soccer Tips - How to play midfielder', e='.mp4', s='1', d='5805224 ./Top Soccer Training Videos/'
[fsimilar] =: Simhash of ec527c3ebfcf36ff ignored for ec527c3ebfcf36ff (0).
[fsimilar]  n='Soccer Dribbling Drills - Soccer Footwork', e='.mp4', s='1', d='12977783 ./Top Soccer Training Videos/'
[fsimilar] =: Simhash of d2b35ea4a3ec2a0c ignored for d2b35eb0e3682a0c (5).
[fsimilar]  n='How To Improve Football Control', e='.mp4', s='1', d='10738891 ./Top Soccer Training Videos/'
[fsimilar] =: Simhash of 5a82470ae34b0dfe ignored for 5a82470ae34b0dfe (0).
[fsimilar]  n='Football Tips - How to play football', e='.mp4', s='1', d='4090343 ./Top Soccer Training Videos/'
[fsimilar] =: Simhash of e8065d5fb3cb37ff ignored for e8065d5fb3cb37ff (0).
[fsimilar]  n='How To Beat A Defender In Soccer', e='.mp4', s='1', d='11474273 ./Top Soccer Training Videos/'
[fsimilar] +: Simhash of a725f06a7cb2edc added.
[fsimilar]  n='Soccer Shooting Tips - How to Shoot a Soccer Ball', e='.mp4', s='1', d='5131092 ./Top Soccer Training Videos/'
[fsimilar] =: Simhash of aa33763ca7d3369e ignored for aa33763ca7d3369e (0).
[fsimilar]  n='10 - Soccer Workouts', e='.mp4', s='1', d='14945052 ./How to improve Soccer conditioning & Soccer fitness/'
[fsimilar] +: Simhash of f8333637b1cc2b0c added.
[fsimilar]  n='18 - Professional Soccer Stretches', e='.webm', s='1', d='10252959 ./How to improve Soccer conditioning & Soccer fitness/'
[fsimilar] +: Simhash of fb33ffb5f7eba868 added.
[fsimilar]  n='11 - Soccer Workouts At Home', e='.mp4', s='1', d='14654522 ./How to improve Soccer conditioning & Soccer fitness/'
[fsimilar] =: Simhash of f8333737b0cf2b0c ignored for f8333637b1cc2b0c (4).
[fsimilar]  n='16 - Dynamic Stretching for Soccer', e='.mp4', s='1', d='8879105 ./How to improve Soccer conditioning & Soccer fitness/'
[fsimilar] +: Simhash of 983bf724a2c0391c added.
[fsimilar]  n='23 - How To Improve Running Endurance and Stamina For Soccer', e='.mp4', s='1', d='18897144 ./How to improve Soccer conditioning & Soccer fitness/'
[fsimilar] =: Simhash of d8d25618fbefb7fc ignored for d8d256187bcf367c (5).
[fsimilar]  n='17 - Soccer Speed Drills', e='.webm', s='1', d='7290897 ./How to improve Soccer conditioning & Soccer fitness/'
[fsimilar] +: Simhash of 7abfdfafa5ea2d9f added.
[fsimilar]  n='21 - Soccer Nutrition', e='.mp4', s='1', d='30648462 ./How to improve Soccer conditioning & Soccer fitness/'
[fsimilar] +: Simhash of 8a32bea5a0ca0b06 added.
[fsimilar]  n='19 - Soccer Fitness Guide To Improve Strength and Speed', e='.mp4', s='1', d='47472507 ./How to improve Soccer conditioning & Soccer fitness/'
[fsimilar] +: Simhash of 5a324607a3ce219e added.
[fsimilar]  n='22 - Soccer Positions Explained', e='.mp4', s='1', d='5443429 ./How to improve Soccer conditioning & Soccer fitness/'
[fsimilar] +: Simhash of fababfe4a5efeb8d added.
[fsimilar]  n='12 - Soccer Strength Training', e='.mp4', s='1', d='16822993 ./How to improve Soccer conditioning & Soccer fitness/'
[fsimilar] +: Simhash of ef33df75fbcbad0e added.
[fsimilar]  n='02 - At Home Soccer Drills - How To Improve Strength', e='.mp4', s='1', d='16505362 ./How to improve Soccer conditioning & Soccer fitness/'
[fsimilar] +: Simhash of 58325606f0cb1f0e added.
[fsimilar]  n='25 - How To Improve Soccer Fitness', e='.mp4', s='1', d='9684573 ./How to improve Soccer conditioning & Soccer fitness/'
[fsimilar] +: Simhash of 5ab2d636f7cf179f added.
[fsimilar]  n='07 - Soccer Workouts For Strength', e='.mp4', s='1', d='13659133 ./How to improve Soccer conditioning & Soccer fitness/'
[fsimilar] +: Simhash of d833de15ebc92b0e added.
[fsimilar]  n='14 - How To Improve Soccer Speed and Quickness', e='.mp4', s='1', d='3587425 ./How to improve Soccer conditioning & Soccer fitness/'
[fsimilar] +: Simhash of dab0d63ea3eb2fde added.
[fsimilar]  n='06 - Soccer Speed Training', e='.mp4', s='1', d='13332956 ./How to improve Soccer conditioning & Soccer fitness/'
[fsimilar] +: Simhash of fa3bdb37bbdaaf2f added.
[fsimilar]  n='27 - How To Improve Flexibility For Soccer Beginners', e='.mp4', s='1', d='21698705 ./How to improve Soccer conditioning & Soccer fitness/'
[fsimilar] +: Simhash of 5aa2d616f3efa7de added.
[fsimilar]  n='01 - At Home Soccer Drills - Improve Endurance', e='.mp4', s='1', d='11012967 ./How to improve Soccer conditioning & Soccer fitness/'
[fsimilar] +: Simhash of 10311f06f4ceaf2c added.
[fsimilar]  n='29 - How To Improve Strength And Stability', e='.mp4', s='1', d='22069657 ./How to improve Soccer conditioning & Soccer fitness/'
[fsimilar] +: Simhash of 4812c615f3eb869e added.
[fsimilar]  n='08 - Soccer Cool Down', e='.mp4', s='1', d='15189628 ./How to improve Soccer conditioning & Soccer fitness/'
[fsimilar] +: Simhash of 1c3bde7ef5ffbe2d added.
[fsimilar]  n='30 - How To Improve Soccer Speed and Acceleration', e='.mp4', s='1', d='22365457 ./How to improve Soccer conditioning & Soccer fitness/'
[fsimilar] +: Simhash of 5abec637fbcba7bc added.
[fsimilar]  n='24 - How To Warm Up For Soccer', e='.mp4', s='1', d='26142540 ./How to improve Soccer conditioning & Soccer fitness/'
[fsimilar] +: Simhash of 4832d716a6eb17ae added.
[fsimilar]  n='13 - Best Soccer Stretches', e='.mp4', s='1', d='11211542 ./How to improve Soccer conditioning & Soccer fitness/'
[fsimilar] +: Simhash of ea337736f7ee8a19 added.
[fsimilar]  n='09 - Soccer Warm Up', e='.mp4', s='1', d='15689042 ./How to improve Soccer conditioning & Soccer fitness/'
[fsimilar] +: Simhash of 6a32ff37b6eb0f2e added.
[fsimilar]  n='28 - How To Improve Soccer Speed Agility and Quickness', e='.mp4', s='1', d='14980304 ./How to improve Soccer conditioning & Soccer fitness/'
[fsimilar] +: Simhash of 5830c63aa1ea079e added.
[fsimilar]  n='31 - How To Improve Vertical Jump', e='.mp4', s='1', d='18537569 ./How to improve Soccer conditioning & Soccer fitness/'
[fsimilar] +: Simhash of dad29717f7ebb79f added.
[fsimilar]  n='32 - Soccer Training Guide', e='.webm', s='1', d='4455628 ./How to improve Soccer conditioning & Soccer fitness/'
[fsimilar] +: Simhash of fa32bfb5baeea72f added.
[fsimilar]  n='26 - How To Improve Football Speed And Endurance', e='.mp4', s='1', d='8539399 ./How to improve Soccer conditioning & Soccer fitness/'
[fsimilar] +: Simhash of 5894470ffbcbaffe added.
[fsimilar]  n='15 - Soccer Plyometrics', e='.mp4', s='1', d='4279210 ./How to improve Soccer conditioning & Soccer fitness/'
[fsimilar] +: Simhash of 6a32b786b7e9aa0c added.
[fsimilar]  n='04 - Soccer warm up drills', e='.mp4', s='1', d='14137332 ./How to improve Soccer conditioning & Soccer fitness/'
[fsimilar] +: Simhash of a329b06a4eb0f2e added.
[fsimilar]  n='03 - How To Improve Soccer Speed and Acceleration', e='.mp4', s='1', d='9255149 ./How to improve Soccer conditioning & Soccer fitness/'
[fsimilar] =: Simhash of 5abec637fbcbafbe ignored for 5abec637fbcba7bc (2).
[fsimilar]  n='20 - Soccer Workouts for strength and speed', e='.mp4', s='1', d='16307976 ./How to improve Soccer conditioning & Soccer fitness/'
[fsimilar] +: Simhash of d83bc61deb8b278e added.
[fsimilar]  n='05 - Soccer Fitness Training Drills For Youth', e='.mp4', s='1', d='23183543 ./How to improve Soccer conditioning & Soccer fitness/'
[fsimilar] +: Simhash of 82bb9bbc76a2310e added.
[fsimilar]  n='05 - At Home Soccer Training Drills - How to improve soccer dribbling skills', e='.mp4', s='1', d='7722313 ./At Home Soccer Training Drills/'
[fsimilar] +: Simhash of d832df36f2eb2f0e added.
[fsimilar]  n='17 - At Home Soccer Drills - Advanced Drag Back Skills', e='.mp4', s='1', d='5236418 ./At Home Soccer Training Drills/'
[fsimilar] +: Simhash of 1201f36f4ef2d0f added.
[fsimilar]  n='11 - At Home Soccer Drills - Push and Pull Skills', e='.mp4', s='1', d='3487644 ./At Home Soccer Training Drills/'
[fsimilar] +: Simhash of 88b1d71eb0acab18 added.
[fsimilar]  n='08 - At Home Soccer Drills - Ball Control Drills', e='.mp4', s='1', d='8108581 ./At Home Soccer Training Drills/'
[fsimilar] +: Simhash of 3a3f1baef4e33d2e added.
[fsimilar]  n='04 - Soccer Dribbling Drills At Home', e='.mp4', s='1', d='10309616 ./At Home Soccer Training Drills/'
[fsimilar] +: Simhash of 9a37dfa7f4eb2f2c added.
[fsimilar]  n='19 - At Home Soccer Drills - Brazilian Skills', e='.mp4', s='1', d='3765516 ./At Home Soccer Training Drills/'
[fsimilar] +: Simhash of 18335f97b4adaf8f added.
[fsimilar]  n='03 - Calgary Soccer', e='.mp4', s='1', d='11134128 ./At Home Soccer Training Drills/'
[fsimilar] +: Simhash of 2a3338b7a5ea0b0c added.
[fsimilar]  n='12 - At Home Soccer Drills - Cuts and V Turns', e='.mp4', s='1', d='3487358 ./At Home Soccer Training Drills/'
[fsimilar] +: Simhash of 1832d70cb08b2d0c added.
[fsimilar]  n='16 - At Home Soccer Drills - Side Touch Skills', e='.mp4', s='1', d='5040474 ./At Home Soccer Training Drills/'
[fsimilar] +: Simhash of 9b33ff3fb4ef2d2e added.
[fsimilar]  n='14 - At Home Soccer Drills - Scoop Stall Skills', e='.mp4', s='1', d='3952646 ./At Home Soccer Training Drills/'
[fsimilar] +: Simhash of 58339f2ff4e93d3f added.
[fsimilar]  n='06 - At Home Soccer Drills - How To Improve Strength', e='.mp4', s='1', d='16505362 ./At Home Soccer Training Drills/'
[fsimilar] =: Simhash of 58325606f0cb1f0e ignored for 58325606f0cb1f0e (0).
[fsimilar]  n='07 - At Home Soccer Drills - Passing Drills For Soccer', e='.mp4', s='1', d='8242852 ./At Home Soccer Training Drills/'
[fsimilar] +: Simhash of 98335f1ca0a12f0e added.
[fsimilar]  n='10 - At Home Soccer Drills - Scissor To Step Over', e='.mp4', s='1', d='4206289 ./At Home Soccer Training Drills/'
[fsimilar] +: Simhash of 1036570eb0ef153e added.
[fsimilar]  n='02 - How to Improve your Soccer Dribbling Skills At Home', e='.mp4', s='1', d='8949123 ./At Home Soccer Training Drills/'
[fsimilar] +: Simhash of c8f25737f7ebabfe added.
[fsimilar]  n='09 - At Home Soccer Drills - Cut and Turn Skills', e='.mp4', s='1', d='4550201 ./At Home Soccer Training Drills/'
[fsimilar] +: Simhash of d8d39f1ef6ad2f8c added.
[fsimilar]  n='15 - At Home Soccer Drills - Side Flick Up Skills', e='.mp4', s='1', d='5024852 ./At Home Soccer Training Drills/'
[fsimilar] +: Simhash of 88335717b4eb0d8e added.
[fsimilar]  n='20 - Soccer Training Guide', e='.webm', s='1', d='4455628 ./At Home Soccer Training Drills/'
[fsimilar] =: Simhash of fa32bfb5baeea78f ignored for fa32bfb5baeea72f (2).
[fsimilar]  n='01 - Best Soccer Stretches', e='.mp4', s='1', d='11211542 ./At Home Soccer Training Drills/'
[fsimilar] +: Simhash of ea337836f7ee8a2c added.
[fsimilar]  n='13 - At Home Soccer Drills - Improve Endurance', e='.mp4', s='1', d='11012967 ./At Home Soccer Training Drills/'
[fsimilar] =: Simhash of 10311706f4cead0c ignored for 10311f06f4ceaf2c (3).
[fsimilar]  n='18 - At Home Soccer Drills - Roll Over To Chop Skills', e='.mp4', s='1', d='4972074 ./At Home Soccer Training Drills/'
[fsimilar] +: Simhash of 98325f7eb4ebbfce added.
[fsimilar]  n='How To Dribble A Soccer Ball', e='.mp4', s='1', d='10208226 ./How to improve Soccer dribbling skills and fast footwork/'
[fsimilar] =: Simhash of be227f5eb7db36be ignored for 8e26777eb7db36be (5).
[fsimilar]  n='At Home Soccer Drills - Scissor To Step Over', e='.mp4', s='1', d='4206289 ./How to improve Soccer dribbling skills and fast footwork/'
[fsimilar] +: Simhash of 92365f7eb0ef35bf added.
[fsimilar]  n='1v1 Soccer Moves - Elastico Tutorial', e='.mp4', s='1', d='7714251 ./How to improve Soccer dribbling skills and fast footwork/'
[fsimilar] =: Simhash of df27feb02ced3a85 ignored for df27feb02ced3a85 (0).
[fsimilar]  n='At Home Soccer Drills - Cuts and V Turns', e='.mp4', s='1', d='3487358 ./How to improve Soccer dribbling skills and fast footwork/'
[fsimilar] +: Simhash of ba73f73cf08f3fae added.
[fsimilar]  n='At Home Soccer Drills - Push and Pull Skills', e='.mp4', s='1', d='3487644 ./How to improve Soccer dribbling skills and fast footwork/'
[fsimilar] +: Simhash of fcb9df7ef1acaf9c added.
[fsimilar]  n='At Home Soccer Drills - Cut and Turn Skills', e='.mp4', s='1', d='4550201 ./How to improve Soccer dribbling skills and fast footwork/'
[fsimilar] +: Simhash of d8d7ff1effad3f8e added.
[fsimilar]  n='At Home Soccer Drills - Advanced Drag Back Skills', e='.mp4', s='1', d='5236418 ./How to improve Soccer dribbling skills and fast footwork/'
[fsimilar] +: Simhash of f7211f7ef6ef3f8f added.
[fsimilar]  n='How To Do 1v1 Soccer Moves', e='.mp4', s='1', d='9042503 ./How to improve Soccer dribbling skills and fast footwork/'
[fsimilar] =: Simhash of d836fe14b4fb3eed ignored for d836fe14b4fb3eed (0).
[fsimilar]  n='Soccer Training Guide', e='.webm', s='1', d='4455628 ./How to improve Soccer dribbling skills and fast footwork/'
[fsimilar] =: Simhash of f2323fb42a4ca10f ignored for f2323fb42a4ca10f (0).
[fsimilar]  n='At Home Soccer Training Drills - How to improve soccer dribbling skills', e='.mp4', s='1', d='7722313 ./How to improve Soccer dribbling skills and fast footwork/'
[fsimilar] =: Simhash of d8325734f2ca2f0e ignored for d832df36f2eb2f0e (5).
[fsimilar]  n='At Home Soccer Drills - Side Touch Skills', e='.mp4', s='1', d='5040474 ./How to improve Soccer dribbling skills and fast footwork/'
[fsimilar] =: Simhash of 93137f3eb0ef2d2e ignored for 9b33ff3fb4ef2d2e (5).
[fsimilar]  n='At Home Soccer Drills - Roll Over To Chop Skills', e='.mp4', s='1', d='4972074 ./How to improve Soccer dribbling skills and fast footwork/'
[fsimilar] +: Simhash of 98225e7eb4aa3f8e added.
[fsimilar]  n='How To Do Soccer Moves', e='.mp4', s='1', d='7475135 ./How to improve Soccer dribbling skills and fast footwork/'
[fsimilar] +: Simhash of 98326604b4eb36cc added.
[fsimilar]  n='At Home Soccer Drills - Brazilian Skills', e='.mp4', s='1', d='3765516 ./How to improve Soccer dribbling skills and fast footwork/'
[fsimilar] +: Simhash of da377fb7f6adafaf added.
[fsimilar]  n='How To Dribble A Soccer Ball Like Lionel Messi', e='.mp4', s='1', d='15733350 ./How to improve Soccer dribbling skills and fast footwork/'
[fsimilar] +: Simhash of 7802667c87d3369c added.
[fsimilar]  n='How to Improve your Soccer Dribbling Skills At Home', e='.mp4', s='1', d='8949123 ./How to improve Soccer dribbling skills and fast footwork/'
[fsimilar] =: Simhash of c8f24736f3cb2bdc ignored for c8f24736f3cb2bdc (0).
[fsimilar]  n='How to dribble a football', e='.mp4', s='1', d='12080903 ./How to improve Soccer dribbling skills and fast footwork/'
[fsimilar] +: Simhash of 8024d4d824917fe added.
[fsimilar]  n='Soccer Dribbling Moves', e='.mp4', s='1', d='11654072 ./How to improve Soccer dribbling skills and fast footwork/'
[fsimilar] =: Simhash of 9aa6fee0a17d2a4c ignored for 9aa6fee0a17d2a4c (0).
[fsimilar]  n='Soccer Dribbling Drills - Soccer Footwork', e='.mp4', s='1', d='12977783 ./How to improve Soccer dribbling skills and fast footwork/'
[fsimilar] =: Simhash of d2b35ea4a3ec2a0c ignored for d2b35eb0e3682a0c (5).
[fsimilar]  n='How To Beat A Defender In Soccer', e='.mp4', s='1', d='11474273 ./How to improve Soccer dribbling skills and fast footwork/'
[fsimilar] =: Simhash of a725f06a7cb2edc ignored for a725f06a7cb2edc (0).
[fsimilar]  n='Soccer Dribbling Drills', e='.mp4', s='1', d='5751917 ./How to improve Soccer dribbling skills and fast footwork/'
[fsimilar] +: Simhash of 92a7dfa4c1682a08 added.
[fsimilar]  n='Soccer Dribbling Moves Tutorial', e='.mp4', s='1', d='5569413 ./How to improve Soccer dribbling skills and fast footwork/'
[fsimilar] +: Simhash of dea7fef0a5fd3acd added.
[fsimilar] Deal Dups

[fsimilar] # Item: {17777808297800170271 1}.
[fsimilar]   No similar items at this hash
[fsimilar] # Item: {17777808297800170271 0}.
[fsimilar]   Visited hash ignored
[fsimilar] # Item: {18024204185903241182 0}.
[fsimilar]   No similar items at this hash
[fsimilar] # Item: {18024204185903241182 1}.
[fsimilar]   Visited hash ignored
[fsimilar] # Item: {13700653061202720446 1}.
[fsimilar]   Neighbors true: [{10243005788634953406 5}].
10208226 ./Top Soccer Training Videos/How To Dribble A Soccer Ball.mp4
10208226 ./How to improve Soccer dribbling skills and fast footwork/How To Dribble A Soccer Ball.mp4
5122099 ./Soccer Tips & Soccer Advice/Soccer Dribbling Tips - How to dribble a ball.mp4

[fsimilar] # Item: {13700653061202720446 0}.
[fsimilar]   Visited hash ignored
[fsimilar] # Item: {754035521093316604 0}.
[fsimilar]   No similar items at this hash
[fsimilar] # Item: {15780048754455654314 0}.
[fsimilar]   No similar items at this hash
[fsimilar] # Item: {18101092484345735272 0}.
[fsimilar]   No similar items at this hash
[fsimilar] # Item: {11112596518021574444 0}.
[fsimilar]   No similar items at this hash
[fsimilar] # Item: {9814466321347065662 0}.
[fsimilar]   No similar items at this hash
[fsimilar] # Item: {6521853322474491390 0}.
[fsimilar]   No similar items at this hash
[fsimilar] # Item: {6521853322474491390 1}.
[fsimilar]   Visited hash ignored
[fsimilar] # Item: {7517180948560688766 0}.
[fsimilar]   No similar items at this hash
[fsimilar] # Item: {1166739097110097164 0}.
[fsimilar]   Neighbors true: [{1166747893203119916 3}].
11012967 ./How to improve Soccer conditioning & Soccer fitness/01 - At Home Soccer Drills - Improve Endurance.mp4
11012967 ./At Home Soccer Training Drills/13 - At Home Soccer Drills - Improve Endurance.mp4

[fsimilar] # Item: {1166747893203119916 0}.
[fsimilar]   Visited hash ignored
[fsimilar] # Item: {17483501093548798734 0}.
[fsimilar]   Neighbors true: [{18053206583791399694 6}].
13295374 ./How to improve Soccer passing & receiving skills/Soccer Passing Drills For Youth.mp4
13295374 ./Youth Soccer Training Drills/Soccer Passing Drills For Youth.mp4
9710216 ./Try These Soccer Drills/Soccer Passing Drills For Youth.mp4
11075861 ./How to improve Soccer shooting skills & finishing/Soccer Shooting Drills For Youth.mp4

[fsimilar] # Item: {3040836534818966284 0}.
[fsimilar]   No similar items at this hash
[fsimilar] # Item: {18049274188913913134 0}.
[fsimilar]   No similar items at this hash
[fsimilar] # Item: {18049274188913913134 1}.
[fsimilar]   Visited hash ignored
[fsimilar] # Item: {12553632772940314270 0}.
[fsimilar]   No similar items at this hash
[fsimilar] # Item: {16875964406170552876 0}.
[fsimilar]   No similar items at this hash
[fsimilar] # Item: {16875963306658925081 0}.
[fsimilar]   No similar items at this hash
[fsimilar] # Item: {752768569913847516 1}.
[fsimilar]   No similar items at this hash
[fsimilar] # Item: {752768569913847516 0}.
[fsimilar]   Visited hash ignored
[fsimilar] # Item: {18062776733066936110 1}.
[fsimilar]   No similar items at this hash
[fsimilar] # Item: {18062776733066936110 0}.
[fsimilar]   Visited hash ignored
[fsimilar] # Item: {11143874568710335052 0}.
[fsimilar]   No similar items at this hash
[fsimilar] # Item: {11143874568710335052 1}.
[fsimilar]   Visited hash ignored
[fsimilar] # Item: {13403352676989875996 0}.
[fsimilar]   No similar items at this hash
[fsimilar] # Item: {13735239702301117322 0}.
[fsimilar]   No similar items at this hash
[fsimilar] # Item: {13735239702301117322 1}.
[fsimilar]   Visited hash ignored
[fsimilar] # Item: {15618139484729325438 0}.
[fsimilar]   No similar items at this hash
[fsimilar] # Item: {15618139484729325438 1}.
[fsimilar]   Visited hash ignored
[fsimilar] # Item: {15610591336330376894 0}.
[fsimilar]   No similar items at this hash
[fsimilar] # Item: {15610591336332998590 0}.
[fsimilar]   Neighbors true: [{15610591336330376894 3}].
11936817 ./Must Watch Tutorials/10 - How To Juggle A Soccer Ball Tutorial For Beginners.mp4

[fsimilar] # Item: {577108697550493694 0}.
[fsimilar]   No similar items at this hash
[fsimilar] # Item: {15753536780469517326 0}.
[fsimilar]   No similar items at this hash
[fsimilar] # Item: {18037592977447794620 0}.
[fsimilar]   No similar items at this hash
[fsimilar] # Item: {18037592977447794620 1}.
[fsimilar]   Visited hash ignored
[fsimilar] # Item: {15578758185726184188 0}.
[fsimilar]   No similar items at this hash
[fsimilar] # Item: {16731884402114431279 0}.
[fsimilar]   No similar items at this hash
[fsimilar] # Item: {15182582830013884940 1}.
[fsimilar]   Neighbors true: [{15182582882618583564 5}].
8895724 ./Try These Soccer Drills/Improve Soccer Dribbling - Soccer Dribbling Drills - The Soccer Essentials.mp4
8895724 ./Top Soccer Training Videos/Improve Soccer Dribbling - Soccer Dribbling Drills - The Soccer Essentials.mp4
12977783 ./Top Soccer Training Videos/Soccer Dribbling Drills - Soccer Footwork.mp4
12977783 ./How to improve Soccer dribbling skills and fast footwork/Soccer Dribbling Drills - Soccer Footwork.mp4

[fsimilar] # Item: {15182582830013884940 0}.
[fsimilar]   Visited hash ignored
[fsimilar] # Item: {18053206583791399694 0}.
[fsimilar]   Visited hash ignored
[fsimilar] # Item: {18053206583791399694 1}.
[fsimilar]   Visited hash ignored
[fsimilar] # Item: {18031246565529268015 0}.
[fsimilar]   No similar items at this hash
[fsimilar] # Item: {3354442631533840778 0}.
[fsimilar]   No similar items at this hash
[fsimilar] # Item: {3354442631533840778 1}.
[fsimilar]   Visited hash ignored
[fsimilar] # Item: {15579039721736186638 0}.
[fsimilar]   No similar items at this hash
[fsimilar] # Item: {13277691965806162870 0}.
[fsimilar]   No similar items at this hash
[fsimilar] # Item: {18060366018711986220 0}.
[fsimilar]   No similar items at this hash
[fsimilar] # Item: {734820142053789486 0}.
[fsimilar]   No similar items at this hash
[fsimilar] # Item: {16011420636900442110 0}.
[fsimilar]   No similar items at this hash
[fsimilar] # Item: {14573216555542189759 0}.
[fsimilar]   No similar items at this hash
[fsimilar] # Item: {13802406942137723786 0}.
[fsimilar]   No similar items at this hash
[fsimilar] # Item: {17884699257547467532 0}.
[fsimilar]   Neighbors true: [{17884698158052420364 4}].
14945052 ./How to improve Soccer conditioning & Soccer fitness/10 - Soccer Workouts.mp4
14654522 ./How to improve Soccer conditioning & Soccer fitness/11 - Soccer Workouts At Home.mp4

[fsimilar] # Item: {17884698158052420364 0}.
[fsimilar]   Visited hash ignored
[fsimilar] # Item: {6354797029346641822 0}.
[fsimilar]   No similar items at this hash
[fsimilar] # Item: {15758313051464024062 0}.
[fsimilar]   Neighbors true: [{15758330660695781342 6}].
3587425 ./How to improve Soccer conditioning & Soccer fitness/14 - How To Improve Soccer Speed and Quickness.mp4
14980304 ./Try These Soccer Drills/How To Improve Soccer Speed Agility and Quickness.mp4

[fsimilar] # Item: {2034464293562334765 0}.
[fsimilar]   No similar items at this hash
[fsimilar] # Item: {2020953494341860908 0}.
[fsimilar]   No similar items at this hash
[fsimilar] # Item: {9836705009067823758 0}.
[fsimilar]   No similar items at this hash
[fsimilar] # Item: {15171393737040604202 0}.
[fsimilar]   No similar items at this hash
[fsimilar] # Item: {16877237910277970717 0}.
[fsimilar]   No similar items at this hash
[fsimilar] # Item: {7652459331613036334 0}.
[fsimilar]   No similar items at this hash
[fsimilar] # Item: {8647586919545517724 0}.
[fsimilar]   No similar items at this hash
[fsimilar] # Item: {15591320058994702015 0}.
[fsimilar]   Neighbors true: [{15591303564172539327 6}].
7466166 ./Soccer Tips & Soccer Advice/Football Tips - For Forwards.mp4
1628316 ./Soccer Tips & Soccer Advice/Soccer Tips - For Forwards.mp4

[fsimilar] # Item: {15581265167626479502 0}.
[fsimilar]   No similar items at this hash
[fsimilar] # Item: {6355236611982827278 1}.
[fsimilar]   No similar items at this hash
[fsimilar] # Item: {6355236611982827278 0}.
[fsimilar]   Visited hash ignored
[fsimilar] # Item: {9814148528023999165 0}.
[fsimilar]   No similar items at this hash
[fsimilar] # Item: {17236365896705617166 0}.
[fsimilar]   No similar items at this hash
[fsimilar] # Item: {577266761717191679 0}.
[fsimilar]   No similar items at this hash
[fsimilar] # Item: {5776964626753827502 0}.
[fsimilar]   No similar items at this hash
[fsimilar] # Item: {14425687203389321964 0}.
[fsimilar]   No similar items at this hash
[fsimilar] # Item: {15767831374576990111 0}.
[fsimilar]   No similar items at this hash
[fsimilar] # Item: {14425977521399474218 0}.
[fsimilar]   No similar items at this hash
[fsimilar] # Item: {9814008855502988142 0}.
[fsimilar]   No similar items at this hash
[fsimilar] # Item: {15617346736981884030 0}.
[fsimilar]   No similar items at this hash
[fsimilar] # Item: {15623644722607667196 0}.
[fsimilar]   Neighbors true: [{15623644720458053244 5}].
18897144 ./How to improve Soccer conditioning & Soccer fitness/23 - How To Improve Running Endurance and Stamina For Soccer.mp4
18897144 ./Youth Soccer Training Drills/How To Improve Running Endurance and Stamina For Soccer.mp4

[fsimilar] # Item: {15623644720458053244 0}.
[fsimilar]   Visited hash ignored
[fsimilar] # Item: {14426538238275071086 0}.
[fsimilar]   No similar items at this hash
[fsimilar] # Item: {14727438273774039723 0}.
[fsimilar]   No similar items at this hash
[fsimilar] # Item: {5217100346553997311 0}.
[fsimilar]   No similar items at this hash
[fsimilar] # Item: {15178774085427147402 0}.
[fsimilar]   No similar items at this hash
[fsimilar] # Item: {15178774085427147402 1}.
[fsimilar]   Visited hash ignored
[fsimilar] # Item: {590768764541930412 0}.
[fsimilar]   No similar items at this hash
[fsimilar] # Item: {15722733250508008010 0}.
[fsimilar]   No similar items at this hash
[fsimilar] # Item: {6531017803710834654 0}.
[fsimilar]   No similar items at this hash
[fsimilar] # Item: {5193431117900514974 0}.
[fsimilar]   No similar items at this hash
[fsimilar] # Item: {6493010012192711950 0}.
[fsimilar]   No similar items at this hash
[fsimilar] # Item: {6538881652738467772 0}.
[fsimilar]   No similar items at this hash
[fsimilar] # Item: {9420294279322022158 0}.
[fsimilar]   No similar items at this hash
[fsimilar] # Item: {16045199146740957070 0}.
[fsimilar]   No similar items at this hash
[fsimilar] # Item: {14718569651588773614 0}.
[fsimilar]   No similar items at this hash
[fsimilar] # Item: {15614788172180567807 0}.
[fsimilar]   No similar items at this hash
[fsimilar] # Item: {5202457011856021422 0}.
[fsimilar]   Neighbors true: [{15596764986337859502 6}].
26142540 ./How to improve Soccer conditioning & Soccer fitness/24 - How To Warm Up For Soccer.mp4
26142540 ./Youth Soccer Training Drills/How To Warm Up For Soccer.mp4

[fsimilar] # Item: {15596764986337859502 0}.
[fsimilar]   Visited hash ignored
[fsimilar] # Item: {15916529355837880063 0}.
[fsimilar]   Neighbors true: [{15614788172180567807 5}].
27784248 ./Your Guide To Every Position/6 - How To Play Striker In Soccer Tutorial.mp4

[fsimilar] # Item: {11390517391084861098 0}.
[fsimilar]   No similar items at this hash
[fsimilar] # Item: {15889786072256428278 0}.
[fsimilar]   No similar items at this hash
[fsimilar] # Item: {9958231344646064902 0}.
[fsimilar]   No similar items at this hash
[fsimilar] # Item: {14700555521497962414 0}.
[fsimilar]   No similar items at this hash
[fsimilar] # Item: {731366988589181694 0}.
[fsimilar]   No similar items at this hash
[fsimilar] # Item: {15722767885141751518 0}.
[fsimilar]   Neighbors true: [{16875687181866972890 6} {11111082003884881626 4} {17884495710507448029 6}].
7848231 ./Soccer Tips & Soccer Advice/Soccer Defending Tips - How to defend in Soccer.mp4
6463719 ./Soccer Tips & Soccer Advice/Soccer Tips - How To Be A Good Soccer Defender.mp4
5462427 ./Soccer Tips & Soccer Advice/Soccer Tips - How To Be A Good Soccer Midfielder.mp4
3362485 ./Soccer Tips & Soccer Advice/Soccer Tips - How to be a Soccer Player.mp4

[fsimilar] # Item: {13441863071752784906 0}.
[fsimilar]   No similar items at this hash
[fsimilar] # Item: {17956966751049299647 0}.
[fsimilar]   No similar items at this hash
[fsimilar] # Item: {16899720218311882734 0}.
[fsimilar]   No similar items at this hash
[fsimilar] # Item: {1743692455247293708 0}.
[fsimilar]   No similar items at this hash
[fsimilar] # Item: {13435353954482339758 0}.
[fsimilar]   No similar items at this hash
[fsimilar] # Item: {9849890386849082136 0}.
[fsimilar]   No similar items at this hash
[fsimilar] # Item: {18210832304562810780 0}.
[fsimilar]   No similar items at this hash
[fsimilar] # Item: {15758330660695781342 0}.
[fsimilar]   Visited hash ignored
[fsimilar] # Item: {12151520063296058111 0}.
[fsimilar]   No similar items at this hash
[fsimilar] # Item: {1743842585898495887 0}.
[fsimilar]   No similar items at this hash
[fsimilar] # Item: {15724177052081696687 0}.
[fsimilar]   No similar items at this hash
[fsimilar] # Item: {17884495878011434687 0}.
[fsimilar]   Neighbors true: [{13272809825291419327 4}].
8373105 ./Soccer Tips & Soccer Advice/Soccer Tips - How To Play Defense In Soccer.mp4
3943764 ./Soccer Tips & Soccer Advice/Soccer Tips - How to play soccer.mp4

[fsimilar] # Item: {6355598527471107391 0}.
[fsimilar]   No similar items at this hash
[fsimilar] # Item: {6354877247305825583 0}.
[fsimilar]   No similar items at this hash
[fsimilar] # Item: {577151574821517054 0}.
[fsimilar]   No similar items at this hash
[fsimilar] # Item: {16719153332279261183 0}.
[fsimilar]   No similar items at this hash
[fsimilar] # Item: {16719153332279261183 1}.
[fsimilar]   Visited hash ignored
[fsimilar] # Item: {16037307125946742766 0}.
[fsimilar]   No similar items at this hash
[fsimilar] # Item: {9959278418532837912 0}.
[fsimilar]   No similar items at this hash
[fsimilar] # Item: {1168216873958839614 0}.
[fsimilar]   No similar items at this hash
[fsimilar] # Item: {10535713376018838975 0}.
[fsimilar]   No similar items at this hash
[fsimilar] # Item: {7652380506094938636 0}.
[fsimilar]   No similar items at this hash
[fsimilar] # Item: {10957959616818132618 0}.
[fsimilar]   No similar items at this hash
[fsimilar] # Item: {5202316205899854382 0}.
[fsimilar]   No similar items at this hash
[fsimilar] # Item: {18028683045563705231 0}.
[fsimilar]   Neighbors true: [{18028683045563705135 2}].
4455628 ./At Home Soccer Training Drills/20 - Soccer Training Guide.webm
4455628 ./How to improve Soccer conditioning & Soccer fitness/32 - Soccer Training Guide.webm

[fsimilar] # Item: {17452081549050421519 2}.
[fsimilar]   No similar items at this hash
[fsimilar] # Item: {18028683045563705135 0}.
[fsimilar]   Visited hash ignored
[fsimilar] # Item: {17452081549050421519 6}.
[fsimilar]   Visited hash ignored
[fsimilar] # Item: {17452081549050421519 1}.
[fsimilar]   Visited hash ignored
[fsimilar] # Item: {17452081549050421519 4}.
[fsimilar]   Visited hash ignored
[fsimilar] # Item: {17452081549050421519 0}.
[fsimilar]   Visited hash ignored
[fsimilar] # Item: {17452081549050421519 5}.
[fsimilar]   Visited hash ignored
[fsimilar] # Item: {17452081549050421519 3}.
[fsimilar]   Visited hash ignored
[fsimilar] # Item: {15624006487614762892 0}.
[fsimilar]   No similar items at this hash
[fsimilar] # Item: {15625237940788871054 0}.
[fsimilar]   No similar items at this hash
[fsimilar] # Item: {12562621280430275567 0}.
[fsimilar]   Neighbors true: [{12561515171732732717 6}].
4659545 ./Soccer Tips & Soccer Advice/Football Tips - From Pros.mp4
5523065 ./Soccer Tips & Soccer Advice/Soccer Tips - From Pros.mp4

[fsimilar] # Item: {6499334210875957662 0}.
[fsimilar]   No similar items at this hash
[fsimilar] # Item: {17182072693949667070 0}.
[fsimilar]   No similar items at this hash
[fsimilar] # Item: {12626824209421516479 0}.
[fsimilar]   No similar items at this hash
[fsimilar] # Item: {15723885435633480671 0}.
[fsimilar]   No similar items at this hash
[fsimilar] # Item: {10966933040406446030 0}.
[fsimilar]   Neighbors true: [{10962428341263155086 6}].
4972074 ./At Home Soccer Training Drills/18 - At Home Soccer Drills - Roll Over To Chop Skills.mp4
4972074 ./How to improve Soccer dribbling skills and fast footwork/At Home Soccer Drills - Roll Over To Chop Skills.mp4

[fsimilar] # Item: {10962428341263155086 0}.
[fsimilar]   Visited hash ignored
[fsimilar] # Item: {9814283772301610382 0}.
[fsimilar]   No similar items at this hash
[fsimilar] # Item: {15578927063857049518 0}.
[fsimilar]   No similar items at this hash
[fsimilar] # Item: {11183562948774669614 0}.
[fsimilar]   No similar items at this hash
[fsimilar] # Item: {10597954255366073646 0}.
[fsimilar]   Neighbors true: [{11183562948774669614 5}].
5040474 ./How to improve Soccer dribbling skills and fast footwork/At Home Soccer Drills - Side Touch Skills.mp4

[fsimilar] # Item: {18168609545225179838 0}.
[fsimilar]   No similar items at this hash
[fsimilar] # Item: {9960615700490495658 0}.
[fsimilar]   No similar items at this hash
[fsimilar] # Item: {10243005788634953406 0}.
[fsimilar]   Visited hash ignored
[fsimilar] # Item: {12264276213145745054 0}.
[fsimilar]   No similar items at this hash
[fsimilar] # Item: {12264276213145745054 1}.
[fsimilar]   Visited hash ignored
[fsimilar] # Item: {81099114190679311 0}.
[fsimilar]   No similar items at this hash
[fsimilar] # Item: {17807549031768866703 0}.
[fsimilar]   No similar items at this hash
[fsimilar] # Item: {18066963843907578765 0}.
[fsimilar]   No similar items at this hash
[fsimilar] # Item: {17490360155018979853 0}.
[fsimilar]   No similar items at this hash
[fsimilar] # Item: {16875687181866972890 0}.
[fsimilar]   Visited hash ignored
[fsimilar] # Item: {12561515171732732717 0}.
[fsimilar]   Visited hash ignored
[fsimilar] # Item: {16002273224143153679 0}.
[fsimilar]   No similar items at this hash
[fsimilar] # Item: {16044072507061123789 0}.
[fsimilar]   No similar items at this hash
[fsimilar] # Item: {14742249975636235967 0}.
[fsimilar]   No similar items at this hash
[fsimilar] # Item: {11111364445566875389 0}.
[fsimilar]   No similar items at this hash
[fsimilar] # Item: {9801650791436204697 0}.
[fsimilar]   No similar items at this hash
[fsimilar] # Item: {11102013267681687070 0}.
[fsimilar]   No similar items at this hash
[fsimilar] # Item: {16728380351558415358 0}.
[fsimilar]   No similar items at this hash
[fsimilar] # Item: {10567660949360617992 0}.
[fsimilar]   No similar items at this hash
[fsimilar] # Item: {17028809749989111551 0}.
[fsimilar]   No similar items at this hash
[fsimilar] # Item: {17028809749989111551 1}.
[fsimilar]   Visited hash ignored
[fsimilar] # Item: {15583429138583729854 0}.
[fsimilar]   No similar items at this hash
[fsimilar] # Item: {9945731305693588218 0}.
[fsimilar]   No similar items at this hash
[fsimilar] # Item: {9801615508011433727 0}.
[fsimilar]   No similar items at this hash
[fsimilar] # Item: {9801615508011433727 1}.
[fsimilar]   Visited hash ignored
[fsimilar] # Item: {15778887670310975406 0}.
[fsimilar]   No similar items at this hash
[fsimilar] # Item: {17048083364191344639 0}.
[fsimilar]   Neighbors true: [{18199880068402976511 5}].
6147173 ./Soccer Tips & Soccer Advice/Football Tips - How To Play Midfield.mp4
6771263 ./Soccer Tips & Soccer Advice/Soccer Tips - How To Play Midfield.mp4

[fsimilar] # Item: {16949708640989520778 0}.
[fsimilar]   No similar items at this hash
[fsimilar] # Item: {12264283325544021645 0}.
[fsimilar]   No similar items at this hash
[fsimilar] # Item: {2905494930141689724 0}.
[fsimilar]   Neighbors true: [{7517180948560688766 4}].
6217816 ./How to improve Soccer ball control skills/How To Stall A Soccer Ball On Your Neck.mp4

[fsimilar] # Item: {12268444255005644798 0}.
[fsimilar]   No similar items at this hash
[fsimilar] # Item: {12268444255005644798 1}.
[fsimilar]   Visited hash ignored
[fsimilar] # Item: {15722724076409010175 0}.
[fsimilar]   No similar items at this hash
[fsimilar] # Item: {16871388538078705182 0}.
[fsimilar]   Neighbors true: [{12277716780721583806 6}].
6785805 ./How to improve Soccer ball control skills/How to juggle a soccer ball #1.mp4
6457466 ./Soccer Tips & Soccer Advice/Soccer Shooting Tips - How to kick a soccer ball.mp4

[fsimilar] # Item: {11111082003884881626 0}.
[fsimilar]   Visited hash ignored
[fsimilar] # Item: {14737710233859069695 0}.
[fsimilar]   No similar items at this hash
[fsimilar] # Item: {18199880068402976511 0}.
[fsimilar]   Visited hash ignored
[fsimilar] # Item: {12277716780721583806 0}.
[fsimilar]   Visited hash ignored
[fsimilar] # Item: {13410125625600126238 0}.
[fsimilar]   No similar items at this hash
[fsimilar] # Item: {13410125625600126238 2}.
[fsimilar]   Visited hash ignored
[fsimilar] # Item: {13410125625600126238 1}.
[fsimilar]   Visited hash ignored
[fsimilar] # Item: {8845034138674802079 0}.
[fsimilar]   No similar items at this hash
[fsimilar] # Item: {16049693262409447342 0}.
[fsimilar]   No similar items at this hash
[fsimilar] # Item: {15591303564172539327 0}.
[fsimilar]   Visited hash ignored
[fsimilar] # Item: {10966940213001795276 0}.
[fsimilar]   No similar items at this hash
[fsimilar] # Item: {16080101027171089029 1}.
[fsimilar]   No similar items at this hash
[fsimilar] # Item: {16080101027171089029 0}.
[fsimilar]   Visited hash ignored
[fsimilar] # Item: {15578759488124694286 0}.
[fsimilar]   No similar items at this hash
[fsimilar] # Item: {15578609945951219470 0}.
[fsimilar]   Neighbors true: [{15578759488124694286 5}].
7722313 ./How to improve Soccer dribbling skills and fast footwork/At Home Soccer Training Drills - How to improve soccer dribbling skills.mp4

[fsimilar] # Item: {15570859385141534462 0}.
[fsimilar]   No similar items at this hash
[fsimilar] # Item: {13308238151522392830 0}.
[fsimilar]   No similar items at this hash
[fsimilar] # Item: {17884495710507448029 0}.
[fsimilar]   Visited hash ignored
[fsimilar] # Item: {13735837846405070110 0}.
[fsimilar]   No similar items at this hash
[fsimilar] # Item: {13735837846405070110 2}.
[fsimilar]   Visited hash ignored
[fsimilar] # Item: {13735837846405070110 1}.
[fsimilar]   Visited hash ignored
[fsimilar] # Item: {4197103815979384110 0}.
[fsimilar]   No similar items at this hash
[fsimilar] # Item: {3611064117558983950 0}.
[fsimilar]   No similar items at this hash
[fsimilar] # Item: {9108491891800489983 0}.
[fsimilar]   No similar items at this hash
[fsimilar] # Item: {10967214094135930638 0}.
[fsimilar]   No similar items at this hash
[fsimilar] # Item: {18068265494860873614 0}.
[fsimilar]   No similar items at this hash
[fsimilar] # Item: {13272809825291419327 0}.
[fsimilar]   Visited hash ignored
[fsimilar] # Item: {18143823352412614543 0}.
[fsimilar]   No similar items at this hash
[fsimilar] # Item: {6382804705865347070 0}.
[fsimilar]   No similar items at this hash
[fsimilar] # Item: {608060985588790780 0}.
[fsimilar]   No similar items at this hash
[fsimilar] # Item: {13425924551205918716 0}.
[fsimilar]   Neighbors true: [{18037592977447794620 5}].
8598560 ./How to improve Soccer ball control skills/How To Control A Soccer Ball Like Ronaldinho.mp4

[fsimilar] # Item: {9805353775133734894 0}.
[fsimilar]   No similar items at this hash
[fsimilar] # Item: {13777636329625695998 0}.
[fsimilar]   No similar items at this hash
[fsimilar] # Item: {10969633054112364828 0}.
[fsimilar]   No similar items at this hash
[fsimilar] # Item: {15182582882618583564 1}.
[fsimilar]   Visited hash ignored
[fsimilar] # Item: {15182582882618583564 0}.
[fsimilar]   Visited hash ignored
[fsimilar] # Item: {14479731649843801086 0}.
[fsimilar]   No similar items at this hash
[fsimilar] # Item: {14479714053293550556 1}.
[fsimilar]   No similar items at this hash
[fsimilar] # Item: {14479714053293550556 0}.
[fsimilar]   Visited hash ignored
[fsimilar] # Item: {15579919325823975149 2}.
[fsimilar]   No similar items at this hash
[fsimilar] # Item: {15579919325823975149 1}.
[fsimilar]   Visited hash ignored
[fsimilar] # Item: {15579919325823975149 0}.
[fsimilar]   Visited hash ignored
[fsimilar] # Item: {3027060028881450494 0}.
[fsimilar]   No similar items at this hash
[fsimilar] # Item: {7063227293522483658 0}.
[fsimilar]   No similar items at this hash
[fsimilar] # Item: {6538881652738469822 0}.
[fsimilar]   Neighbors true: [{6538881652738467772 2}].
9255149 ./How to improve Soccer conditioning & Soccer fitness/03 - How To Improve Soccer Speed and Acceleration.mp4

[fsimilar] # Item: {6529170761474320316 0}.
[fsimilar]   No similar items at this hash
[fsimilar] # Item: {6396042881295591022 0}.
[fsimilar]   No similar items at this hash
[fsimilar] # Item: {6346238263632277116 0}.
[fsimilar]   No similar items at this hash
[fsimilar] # Item: {6535521540842133407 0}.
[fsimilar]   No similar items at this hash
[fsimilar] # Item: {18053206583791399694 2}.
[fsimilar]   Visited hash ignored
[fsimilar] # Item: {6774501315416113151 0}.
[fsimilar]   No similar items at this hash

