[fsimilar] # C: [ diving:1 goalkeeper:1 high:1 how:1 make:1 saves:1 to:1 training:1 ].
[fsimilar] # C: [ 16:2 ball:1 fifa:2 how:2 in:1 opponents:1 protect:1 push:1 the:1 tips:1 to:2 tricks:1 tutorial:1 ].
[fsimilar] # C: [ ball:1 how:1 shield:1 soccer:1 the:1 to:1 tutorial:1 ].
[fsimilar] # C: [ a:1 academy:1 ball:1 how:1 online:1 shield:1 soccer:2 to:1 ].
[fsimilar] # C: [ a:1 ball:1 dribble:2 football:1 head:1 how:2 in:1 soccer:1 to:2 up:1 with:1 your:1 ].
[fsimilar] # C: [ ball:1 documentary:1 protection:1 totti:1 ].
[fsimilar] # C: [ a:1 goalkeeper:1 how:1 in:1 make:1 save:1 skills:2 soccer:3 to:1 ].
[fsimilar] # C: [ 15:1 ball:1 challenge:1 dribble:1 dribbling:1 face:1 fifa:1 legendary:1 protect:1 skill:1 skills:1 the:1 tutorial:1 up:1 ].
[fsimilar] # C: [ ever:1 original:1 scott:1 shootout:1 soccer:1 sterling:1 top:1 with:1 ].
[fsimilar] # C: [ 17:1 back:1 ball:1 fifa:1 new:1 protect:1 push:1 secret:1 shielding:1 tech:1 technique:1 the:1 tips:1 tricks:1 tutorial:1 ].
[fsimilar] # C: [ 12:1 2003:1 ball:1 danny:1 how:1 in:1 keane:1 old:1 roy:1 shield:1 teaches:1 the:1 to:1 welbeck:1 year:1 ].
[fsimilar] # C: [ and:1 any:1 ball:1 defender:1 how:1 in:1 on:1 shield:1 soccer:1 the:1 to:1 turn:1 ].
[fsimilar] # C: [ 1v1:1 and:1 ball:1 defend:3 how:1 in:1 player:1 soccer:1 the:2 to:1 ].
[fsimilar] # C: [ ball:1 how:1 lessons:1 shield:1 soccer:1 the:1 to:1 ].
[fsimilar] # C: [ how:1 in:1 shield:1 skills:1 soccer:2 to:1 ].
[fsimilar] # C: [ a:1 and:1 ball:1 defend:1 how:2 in:1 shield:1 soccer:2 to:2 ].
[fsimilar] # C: [ avoid:1 ball:1 being:1 football:2 how:1 in:2 protect:1 tackle:1 tackled:1 the:1 to:1 ].
[fsimilar] # C: [ ball:1 how:1 in:1 shield:1 soccer:1 the:1 tips:1 to:1 ].
[fsimilar] # C: [ 15:1 16:1 advanced:1 back:1 ball:1 fifa:1 protect:1 the:1 tutorial:1 use:1 your:1 ].
[fsimilar] # C: [ a:2 beat:1 best:1 defender:1 effective:1 football:1 game:1 in:1 moves:1 skills:1 soccer:2 to:2 tricks:1 use:1 ].
[fsimilar] # C: [ a:1 ball:1 goalkeeper:1 how:1 parry:1 soccer:1 to:1 training:1 ].
[fsimilar] # C: [ ball:1 essien:1 fa:1 like:1 match:1 shield:1 skills:1 the:1 ].
[fsimilar] # C: [ 14:1 ball:1 dribbling:1 effective:1 fifa:1 g:1 how:1 phdx:1 protect:1 the:1 to:2 tutorial:1 use:2 when:1 ].
[fsimilar] # C: [ a:1 ball:2 dribble:1 how:2 shield:1 soccer:2 the:1 to:2 ].
[fsimilar] # C: [ a:1 ball:2 football:1 how:2 in:1 protect:1 shield:1 soccer:1 the:1 to:2 ].
[fsimilar] # C: [ a:1 goalkeeper:1 how:1 penalty:1 save:1 to:1 training:1 ].
[fsimilar] # C: [ a:1 by:1 football:1 freekickerz:1 how:1 perfect:1 shoot:1 soccer:1 to:1 tutorial:1 volley:1 ].
[fsimilar] # C: [ ball:1 drill:1 how:1 lahm:1 like:1 philipp:1 shield:1 soccer:1 the:1 to:1 ].
[fsimilar] # C: [ 16:2 ball:1 fifa:2 how:2 in:1 opponents:1 protect:1 push:1 the:1 tips:1 to:2 trick:1 tricks:1 tutorial:1 ].
[fsimilar] # C: [ football:1 free:1 helium:1 insane:1 kicks:1 saves:1 ].
[fsimilar] # C: [ 100:1 6:1 balls:1 bouncy:1 can:1 concrete:1 drop:1 from:1 ft:1 gizmo:1 i:1 onto:1 phone:1 protect:1 slip:1 test:1 ].
[fsimilar] # C: [ ball:1 defender:1 from:1 shield:1 soccer:1 the:2 tips:1 ].
[fsimilar] # C: [ 15:1 16:1 ball:1 by:1 effective:1 fifa:1 g:1 phdx:1 protect:1 the:1 tips:1 tricks:1 tutorial:1 very:1 ].
[fsimilar] # C: [ ball:1 by:1 control:1 dribblings:1 freekickerz:1 how:1 improve:1 soccer:1 to:1 tricks:1 your:1 ].
[fsimilar] # C: [ 15:1 ball:1 fifa:1 physical:1 protect:1 the:1 tips:1 tutorial:1 ].
[fsimilar] # C: [ football:1 head:1 how:1 protect:1 recruiting:1 to:1 your:1 ].
[fsimilar] # C: [ 14:1 ball:1 effective:1 fifa:1 how:1 most:1 protect:1 the:1 tips:1 to:1 tricks:1 tutorial:2 ].
[fsimilar] # C: [ 15:2 ball:1 fifa:2 how:2 in:1 opponents:1 protect:1 push:1 the:1 tips:1 to:2 tricks:1 tutorial:1 ].
[fsimilar] # C: [ goalkeeper:1 how:1 low:1 save:1 shots:1 to:1 training:1 ].
[fsimilar] # C: [ ball:1 how:1 shield:1 skills:1 soccer:2 the:1 to:1 ].
[fsimilar] # C: [ ball:1 face:1 goalkeepers:1 save:1 the:1 their:1 when:1 with:1 ].
[fsimilar] # C: [ 15:1 defenders:1 football:1 hd:1 history:1 in:1 save:1 top:1 ].
[fsimilar] # C: [ ball:1 control:1 how:1 improve:1 skills:1 soccer:1 to:1 ].
[fsimilar] # C: [ a:1 basics:1 beginners:1 football:1 for:1 how:1 juggle:1 juggling:2 kids:1 of:1 soccer:1 the:1 to:1 tutorial:1 ].
[fsimilar] # C: [ andreas:1 ball:1 control:1 drills:1 five:1 how:1 improve:1 part:1 pereira:1 soccer:1 to:1 ].
[fsimilar] # C: [ 3:1 ball:1 basic:1 control:1 improve:1 juan:1 mata:1 the:1 to:1 ways:1 your:1 ].
[fsimilar] # C: [ andreas:1 ball:1 control:1 drills:1 how:1 improve:1 part:1 pereira:1 soccer:1 three:1 to:1 ].
[fsimilar] # C: [ ball:1 control:1 f2:1 first:1 football:1 freestylers:1 how:1 improve:1 skills:1 to:1 touch:1 your:1 ].
[fsimilar] # C: [ 7:1 a:1 ball:1 basketball:1 better:1 biggest:1 dribble:1 handling:1 improve:1 instantly:1 keys:1 the:1 to:1 your:1 ].
[fsimilar] # C: [ 2016:2 2017:2 and:1 football:2 level:1 next:1 skills:4 soccer:2 ].
[fsimilar] # C: [ ball:1 beginner:1 control:1 first:1 how:1 improve:1 to:1 touch:1 tutorial:1 your:1 ].
[fsimilar] # C: [ andreas:1 ball:1 control:1 drills:1 how:1 improve:1 part:1 pereira:1 six:1 soccer:1 to:1 ].
[fsimilar] # C: [ and:1 football:2 for:1 free:1 kids:1 soccer:2 training:4 workouts:1 ].
[fsimilar] # C: [ ball:1 control:1 crowley:1 dan:1 how:1 improve:1 part:1 to:1 two:1 ].
[fsimilar] # C: [ 16:1 and:1 ball:1 control:1 drills:1 fast:1 footwork:1 improve:1 soccer:1 speed:1 to:1 top:1 touch:1 ].
[fsimilar] # C: [ a:1 air:1 ball:1 control:1 how:2 improve:1 in:1 skills:1 soccer:2 the:1 to:2 ].
[fsimilar] # C: [ ball:1 control:1 drills:1 fifa:1 improve:1 soccer:1 to:1 trainer:1 ].
[fsimilar] # C: [ ball:1 control:1 drills:2 football:1 improve:1 soccer:1 sorry:1 to:1 ].
[fsimilar] # C: [ ball:1 control:1 dribbling:1 drills:1 first:1 how:1 improve:1 soccer:1 to:1 touch:1 ].
[fsimilar] # C: [ ball:2 control:2 drills:3 football:1 for:1 improve:1 soccer:2 to:1 training:1 ].
[fsimilar] # C: [ a:2 ball:1 best:1 better:1 control:2 football:2 how:1 or:1 soccer:1 to:2 ways:1 ].
[fsimilar] # C: [ ball:1 control:1 drills:2 football:1 improve:1 skills:1 soccer:2 to:1 ].
[fsimilar] # C: [ and:1 ball:1 control:1 foot:1 how:1 improve:1 in:1 less:1 minutes:1 then:1 three:1 to:1 touch:1 weak:1 ].
[fsimilar] # C: [ andreas:1 ball:1 control:1 drills:1 four:1 how:1 improve:1 part:1 pereira:1 soccer:1 to:1 ].
[fsimilar] # C: [ and:1 ball:1 cone:1 control:1 dribbling:1 drill:1 drills:1 improve:1 soccer:1 technique:1 to:1 ].
[fsimilar] # C: [ andreas:1 ball:1 control:1 drill:1 how:1 improve:1 part:1 pereira:1 soccer:1 to:1 two:1 ].
[fsimilar] # C: [ a:1 avca:1 ball:1 control:1 drill:1 improve:1 of:1 the:1 tip:1 to:1 video:1 week:1 ].
[fsimilar] # C: [ ball:1 control:1 crowley:1 dan:1 how:1 improve:1 one:1 part:1 to:1 ].
[fsimilar] # C: [ ball:1 control:1 drills:1 improve:1 soccer:1 to:1 ].
[fsimilar] # C: [ andreas:1 ball:1 control:1 drill:1 how:1 improve:1 one:1 part:1 pereira:1 soccer:1 to:1 ].
[fsimilar] # C: [ a:1 ball:2 by:1 control:1 football:1 how:2 juggle:1 practice:2 soccer:2 to:2 yourself:1 ].
[fsimilar] # C: [ and:1 ball:2 control:1 footwork:1 how:1 improve:1 skills:1 to:1 your:1 ].
[fsimilar] # C: [ a:1 ball:2 control:2 football:2 futsal:1 how:2 improve:1 in:1 or:2 soccer:2 to:2 ].
[fsimilar] # C: [ 5:1 ball:1 control:1 exercises:1 first:1 football:1 improve:1 simple:1 soccer:1 touch:1 tutorial:1 your:1 ].
[fsimilar] # C: [ and:1 ball:1 control:1 finishing:1 how:1 improve:1 skills:1 soccer:1 to:1 your:1 ].
[fsimilar] # C: [ 1:1 and:1 football:1 improve:1 not:1 secret:1 skills:2 soccer:1 this:1 unless:1 use:1 will:1 you:1 your:1 ].
[fsimilar] # C: [ ball:1 control:1 drills:1 how:1 improve:1 soccer:2 to:1 u8:1 youth:1 ].
[fsimilar] # C: [ 1st:1 control:1 football:1 how:1 improve:1 in:1 learn:1 play:1 school:1 soccer:1 strskill:1 to:2 touch:1 your:1 ].
[fsimilar] # C: [ ball:1 control:1 crowley:1 dan:1 how:1 improve:1 part:1 three:1 to:1 ].
[fsimilar] # C: [ ball:1 bull:1 by:1 control:1 dribbling:1 drills:1 first:1 football:1 how:1 improve:1 soccer:1 to:1 touch:1 ].
[fsimilar] # C: [ ball:1 control:1 drills:1 how:1 improve:1 the:1 to:1 touch:1 ultimate:1 ].
[fsimilar] # C: [ ball:1 by:1 control:1 dribblings:1 freekickerz:1 how:1 improve:1 soccer:1 to:1 tricks:1 your:1 ].
[fsimilar] # C: [ ball:1 control:1 how:1 improve:1 my:1 shocking:1 soccer:1 to:1 touch:1 was:1 ].
[fsimilar] # C: [ ball:2 by:1 control:2 drills:2 how:1 improve:1 soccer:3 to:1 yourself:1 ].
[fsimilar] # C: [ 10:1 ball:1 control:1 how:1 improve:1 in:2 minutes:1 soccer:1 to:1 your:1 ].
[fsimilar] # C: [ 5:1 ball:1 control:1 how:1 improve:1 in:1 less:1 minutes:1 skills:1 soccer:1 than:1 to:1 your:1 ].
[fsimilar] # C: [ 25:1 free:1 goals:1 instagram:1 kicks:1 top:1 vine:1 ].
[fsimilar] # C: [ 10:1 best:1 corner:1 football:1 goals:1 in:1 kick:1 top:1 ].
[fsimilar] # C: [ how:1 on:1 run:1 shoot:1 the:1 to:1 ].
[fsimilar] # C: [ a:1 ball:1 cristiano:1 dip:1 dipping:1 how:1 longshot:1 ronaldo:1 shoot:1 spin:1 to:1 top:1 tutorial:1 ].
[fsimilar] # C: [ a:1 crazy:1 free:1 how:1 kick:1 knuckleball:1 shoot:1 to:1 tutorial:1 ].
[fsimilar] # C: [ a:1 accuracy:1 and:1 ball:1 how:1 power:1 shoot:1 soccer:1 to:1 tutorial:1 with:1 ].
[fsimilar] # C: [ a:1 ball:1 by:1 freekickerz:1 how:1 power:1 shoot:1 soccer:1 to:1 tutorial:1 with:1 ].
[fsimilar] # C: [ di:1 how:1 like:1 maria:1 modric:1 outside:1 pass:1 quaresma:1 shoot:1 shot:1 to:1 trivela:1 tutorial:1 ].
[fsimilar] # C: [ a:3 ball:2 football:2 how:3 kick:2 or:1 shoot:1 soccer:2 to:3 ].
[fsimilar] # C: [ 2016:2 2017:2 and:1 football:2 level:1 next:1 skills:4 soccer:2 ].
[fsimilar] # C: [ and:1 football:2 for:1 free:1 kids:1 soccer:2 training:4 workouts:1 ].
[fsimilar] # C: [ accuracy:1 how:1 pro:1 shoot:1 soccer:1 tips:1 to:1 with:1 ].
[fsimilar] # C: [ a:1 accuracy:1 and:1 ball:1 far:1 from:1 how:1 power:1 shoot:1 soccer:1 to:1 with:1 ].
[fsimilar] # C: [ a:1 how:1 penalty:1 shoot:1 soccer:1 to:1 tutorial:1 ].
[fsimilar] # C: [ curve:1 free:1 how:1 kick:1 like:1 ronaldinho:1 shoot:1 to:1 tutorial:1 ].
[fsimilar] # C: [ billy:1 how:1 power:1 shoot:1 sledgehammer:1 to:1 tutorial:1 wingrove:1 with:1 ].
[fsimilar] # C: [ a:1 cristiano:1 how:1 knuckleball:1 like:1 ronaldo:1 shoot:1 to:1 tutorial:1 ].
[fsimilar] # C: [ dude:1 perfect:1 shots:1 soccer:1 trick:1 ].
[fsimilar] # C: [ a:2 ball:1 football:1 how:2 kick:1 power:2 shoot:1 soccer:1 to:2 with:2 ].
[fsimilar] # C: [ a:1 ball:1 curve:1 free:1 g:1 how:1 kick:1 ndogan:1 shoot:1 to:1 tutorial:1 w:1 ].
[fsimilar] # C: [ a:1 ball:1 football:1 how:1 kick:1 kicking:1 shooting:1 soccer:2 technique:1 to:1 ].
[fsimilar] # C: [ believe:1 football:1 incredible:1 t:1 this:1 viral:1 won:1 you:1 ].
[fsimilar] # C: [ fifa:1 foot:1 football:1 how:1 in:1 of:1 outside:1 shoot:1 soccer:1 the:3 to:1 trainer:1 with:1 ].
[fsimilar] # C: [ football:1 how:1 learn:1 precision:1 shoot:1 soccer:1 to:1 with:1 ].
[fsimilar] # C: [ a:2 ball:2 football:2 how:2 kick:1 or:2 shoot:1 soccer:2 to:2 ].
[fsimilar] # C: [ a:1 cristiano:1 how:1 knuckleball:1 like:1 ronaldo:1 shoot:1 to:1 tutorial:1 ].
[fsimilar] # C: [ a:2 accuracy:1 and:1 ball:1 football:1 how:2 kick:1 power:1 shoot:1 shots:1 soccer:2 to:2 tutorial:1 with:1 ].
[fsimilar] # C: [ a:1 how:1 penalty:1 rabona:1 shoot:1 soccer:1 to:1 trickshot:1 tutorial:1 ].
[fsimilar] # C: [ a:1 by:1 football:1 freekickerz:1 how:1 perfect:1 shoot:1 soccer:1 to:1 tutorial:1 volley:1 ].
[fsimilar] # C: [ a:3 football:1 how:3 in:2 kick:1 penalty:3 score:1 shoot:1 soccer:1 take:1 to:3 ].
[fsimilar] # C: [ free:1 freekickerz:1 how:1 kick:1 like:1 marco:1 reus:1 shoot:1 spin:1 to:1 top:1 tutorial:1 ].
[fsimilar] # C: [ a:1 ball:1 how:1 improve:1 kick:1 power:1 shoot:1 soccer:1 to:2 tutorial:1 your:1 ].
[fsimilar] # C: [ a:1 football:1 how:1 power:1 shoot:1 to:1 tutorial:1 with:1 ].
[fsimilar] # C: [ 1:1 and:1 football:1 improve:1 not:1 secret:1 skills:2 soccer:1 this:1 unless:1 use:1 will:1 you:1 your:1 ].
[fsimilar] # C: [ 5:1 a:3 accuracy:1 ball:1 football:1 how:2 kick:1 like:1 power:1 pro:1 shoot:1 soccer:1 tips:1 to:2 with:1 ].
[fsimilar] # C: [ a:1 free:1 how:1 ibrahimovic:1 kick:1 like:1 power:1 shoot:1 to:1 tutorial:1 zlatan:1 ].
[fsimilar] # C: [ a:1 ball:1 foot:2 football:1 how:2 improve:1 in:1 or:1 shoot:1 soccer:2 to:2 weak:2 with:1 your:2 ].
[fsimilar] # C: [ how:1 penalty:1 perfect:1 take:1 the:1 to:1 ].
[fsimilar] # C: [ a:2 ball:2 how:2 kick:1 power:1 shoot:1 soccer:2 to:2 with:1 ].
[fsimilar] # C: [ 10:1 ever:1 fastest:1 shots:1 top:1 ].
[fsimilar] # C: [ 3:1 a:1 ball:1 how:1 kick:1 kicks:1 know:1 must:1 soccer:2 to:1 you:1 ].
[fsimilar] # C: [ bend:1 carlos:1 free:1 how:1 kick:1 like:1 outside:1 roberto:1 shoot:1 to:1 tutorial:1 ].
[fsimilar] # C: [ a:2 accuracy:1 and:1 ball:1 beginners:1 football:1 for:1 how:2 perfectly:1 power:1 shoot:2 soccer:1 to:2 with:1 ].
[fsimilar] # C: [ a:2 ball:1 football:1 how:2 kick:2 progressive:1 soccer:2 to:2 training:1 ].
[fsimilar] # C: [ a:1 football:1 hd:1 how:1 in:1 knuckleball:1 shoot:1 soccer:1 to:1 tutorial:1 ].
[fsimilar] # C: [ a:2 curve:1 free:1 how:1 in:1 kick:1 match:1 pro:1 shoot:1 to:1 tutorial:1 ].
[fsimilar] # C: [ beckham:1 changers:1 david:1 game:1 masterclass:1 s:1 shooting:1 ].
[fsimilar] # C: [ 2017:1 a:1 game:1 goalkeeper:1 how:1 humiliate:1 in:1 like:1 messi:1 neymar:1 ronaldo:1 skills:1 to:1 ].
[fsimilar] # C: [ 2015:1 2016:1 best:1 doesn:1 exist:1 fear:1 goalkeeper:1 hd:1 saves:1 t:1 ].
[fsimilar] # C: [ a:2 beat:1 in:1 keeper:1 on:1 one:2 soccer:1 strategies:1 three:1 to:1 ].
[fsimilar] # C: [ 2016:2 2017:2 and:1 football:2 level:1 next:1 skills:4 soccer:2 ].
[fsimilar] # C: [ close:1 drills:1 goalkeeper:1 shots:1 tips:1 training:1 ].
[fsimilar] # C: [ beat:1 goalkeeper:1 how:1 the:1 to:1 tutorial:1 ].
[fsimilar] # C: [ and:1 football:2 for:1 free:1 kids:1 soccer:2 training:4 workouts:1 ].
[fsimilar] # C: [ challenge:1 goalkeeper:1 jj:1 vs:1 ].
[fsimilar] # C: [ battle:1 epic:1 freekickerz:1 goalkeeper:1 pro:1 soccer:1 vs:1 ].
[fsimilar] # C: [ and:1 beat:1 goalkeeper:1 hulk:1 in:1 innovated:1 penalty:1 to:1 tricks:1 way:1 ].
[fsimilar] # C: [ 5:1 beat:1 football:1 keeper:1 soccer:1 the:1 to:1 ways:1 ].
[fsimilar] # C: [ ever:1 original:1 scott:1 shootout:1 soccer:1 sterling:1 top:1 with:1 ].
[fsimilar] # C: [ destroying:1 footballers:1 goalkeepers:1 hd:1 ].
[fsimilar] # C: [ an:1 garnier:1 keeper:1 man:1 robot:1 s:1 vs:1 ].
[fsimilar] # C: [ all:1 and:1 best:1 funniest:1 goalie:1 of:1 soccer:1 the:1 time:1 ].
[fsimilar] # C: [ 6:1 a:1 beat:1 free:1 goalkeeper:1 kicks:1 pt:1 to:1 tutorial:1 ways:1 ].
[fsimilar] # C: [ 1:1 14:1 beat:1 easy:1 fifa:1 how:1 keeper:1 part:1 the:1 to:1 tutorial:1 ].
[fsimilar] # C: [ compilation:1 goalkeeper:1 vine:1 ].
[fsimilar] # C: [ a:1 beat:1 football:1 goalkeeper:1 how:1 to:1 tutorial:1 ].
[fsimilar] # C: [ 1v1:1 a:1 beat:1 football:1 goalkeeper:1 goals:1 how:2 in:2 keeper:1 more:1 score:1 soccer:1 the:1 to:2 with:1 ].
[fsimilar] # C: [ beat:1 goalkeeper:1 how:1 quick:1 the:1 tip:1 to:1 ].
[fsimilar] # C: [ challenge:1 goalkeeping:1 sumo:1 ].
[fsimilar] # C: [ 1v1:2 a:1 attack:1 beat:1 football:1 goalkeeper:1 how:2 in:1 soccer:1 to:2 ].
[fsimilar] # C: [ a:3 football:1 how:3 in:2 kick:1 penalty:3 score:1 shoot:1 soccer:1 take:1 to:3 ].
[fsimilar] # C: [ goalkeeper:1 juan:1 mata:1 on:1 one:2 pass:1 the:1 tips:1 to:1 ].
[fsimilar] # C: [ 1:1 compilation:1 goalkeepers:1 vine:1 ].
[fsimilar] # C: [ for:1 goalkeeper:2 tips:1 training:1 tryouts:1 ].
[fsimilar] # C: [ 1:1 and:1 football:1 improve:1 not:1 secret:1 skills:2 soccer:1 this:1 unless:1 use:1 will:1 you:1 your:1 ].
[fsimilar] # C: [ 5:1 a:3 accuracy:1 ball:1 football:1 how:2 kick:1 like:1 power:1 pro:1 shoot:1 soccer:1 tips:1 to:2 with:1 ].
[fsimilar] # C: [ 10:1 angry:1 goalkeepers:1 ].
[fsimilar] # C: [ 16:1 beat:1 dribble:1 fifa:1 gk:1 glitch:1 goalkeeper:1 him:1 how:2 past:1 the:2 tips:1 to:2 tricks:1 tutorial:1 ].
[fsimilar] # C: [ as:1 football:1 goalkeepers:1 keepers:1 outfield:1 players:1 undercover:1 ].
[fsimilar] # C: [ a:2 accuracy:1 and:1 ball:1 beginners:1 football:1 for:1 how:2 perfectly:1 power:1 shoot:2 soccer:1 to:2 with:1 ].
[fsimilar] # C: [ a:1 become:1 better:1 football:1 forward:1 goals:1 how:3 in:1 more:1 play:1 score:1 striker:2 to:3 ].
[fsimilar] # C: [ 10:1 blunders:1 fails:1 goalkeeper:1 top:1 ].
[fsimilar] # C: [ 13:1 crazy:1 football:1 goalkeeper:1 goals:1 history:1 in:1 top:1 ].
[fsimilar] # C: [ a:1 avoid:1 football:2 hit:1 how:2 illegal:1 in:2 make:1 tackle:1 the:1 to:2 ].
[fsimilar] # C: [ a:1 defend:1 do:1 football:2 how:3 in:3 soccer:2 tackle:2 to:2 ].
[fsimilar] # C: [ cell:1 courty:1 football:1 how:1 in:1 mc:1 nfl:1 s:1 sickle:1 tackle:2 to:1 twins:1 ].
[fsimilar] # C: [ 2012:1 cavs:1 drills:1 tackle:1 ].
[fsimilar] # C: [ drill:1 football:1 hitting:1 pee:1 train:1 wee:1 wreck:1 ].
[fsimilar] # C: [ 2016:1 60:1 football:1 january:1 minutes:1 preview:1 sports:1 tackle:1 youth:1 ].
[fsimilar] # C: [ 10:1 football:2 how:1 in:1 safety:1 tackle:1 tips:1 to:1 top:1 ].
[fsimilar] # C: [ seahawks:1 tackling:1 ].
[fsimilar] # C: [ drills:1 football:1 hawk:1 tackling:1 ].
[fsimilar] # C: [ 2015:1 seahawks:1 tackling:1 ].
[fsimilar] # C: [ football:1 how:1 in:1 slide:1 tackle:1 to:1 ].
[fsimilar] # C: [ avoid:2 being:1 feet:1 football:2 in:1 keep:1 legs:1 moving:1 tackle:1 tackled:1 to:1 your:1 ].
[fsimilar] # C: [ how:1 in:1 slide:1 soccer:2 tackle:1 tips:1 to:1 ].
[fsimilar] # C: [ 07:1 10:1 31:1 camp:1 csi:1 drills:1 fb:1 football:1 form:1 rosamond:1 tackling:1 ].
[fsimilar] # C: [ football:1 how:1 in:1 tackle:1 to:1 ].
[fsimilar] # C: [ avoid:2 being:1 contact:1 football:2 in:1 initiate:1 tackle:1 tackled:1 to:1 ].
[fsimilar] # C: [ a:1 defensive:1 football:1 how:2 in:1 play:1 pursue:1 tackle:2 to:2 ].
[fsimilar] # C: [ correctly:1 drills:1 football:2 how:1 in:1 practice:1 tackle:1 tips:1 to:1 ].
[fsimilar] # C: [ coach:1 football:1 how:1 tackle:1 tips:1 to:1 up:1 ].
[fsimilar] # C: [ football:1 harder:1 hit:1 how:1 in:1 to:1 ].
[fsimilar] # C: [ brutal:1 cards:1 crazy:1 fights:1 football:1 fouls:1 red:1 tackle:1 ].
[fsimilar] # C: [ heads:1 tackle:1 technique:1 up:1 ].
[fsimilar] # C: [ how:1 in:1 soccer:1 tackle:1 to:1 ].
[fsimilar] # C: [ 9:1 blazers:1 ep:1 field:1 football:1 goals:1 how:1 in:1 kick:1 learning:1 men:1 nfl:1 tackle:1 to:1 ].
[fsimilar] # C: [ guy:1 one:1 s:1 scared:1 tackle:1 that:1 to:1 who:1 ].
[fsimilar] # C: [ football:1 hard:1 how:1 in:1 tackle:1 tacticas:1 to:1 ].
[fsimilar] # C: [ football:1 how:1 in:1 someone:1 tackle:1 to:1 ].
[fsimilar] # C: [ a:2 block:1 football:2 how:2 in:2 make:1 shed:1 tackle:2 to:2 ].
[fsimilar] # C: [ how:1 in:1 skills:1 soccer:2 tackle:1 to:1 ].
[fsimilar] # C: [ dies:1 football:1 from:1 high:1 player:1 school:1 tackle:1 ].
[fsimilar] # C: [ basics:1 football:1 how:1 tackle:1 to:1 ].
[fsimilar] # C: [ a:1 football:2 hit:1 how:1 in:2 make:1 tackle:1 tackling:1 to:2 when:1 where:1 ].
[fsimilar] # C: [ a:1 before:1 body:1 football:2 how:1 in:2 make:1 position:1 tackle:1 tackling:1 to:1 ].
[fsimilar] # C: [ american:1 football:1 how:1 in:1 tackle:1 to:1 ].
[fsimilar] # C: [ 10:1 14:1 2013:1 breaking:1 college:1 football:1 hd:1 in:1 runs:1 tackle:1 top:1 ].
[fsimilar] # C: [ tackling:1 techniques:1 ].
[fsimilar] # C: [ a:1 defend:1 do:1 football:2 how:3 in:3 soccer:2 tackle:2 to:2 ].
[fsimilar] # C: [ aggressive:2 and:1 be:1 drills:1 how:1 on:1 play:1 soccer:3 tips:1 to:1 training:1 ].
[fsimilar] # C: [ a:1 defend:1 how:1 like:1 pro:1 to:1 ].
[fsimilar] # C: [ crazy:1 defense:1 hd:1 heroic:1 ramos:1 sergio:1 tackles:1 ].
[fsimilar] # C: [ academy:1 aggressive:1 be:1 how:1 in:1 online:1 soccer:2 to:1 ].
[fsimilar] # C: [ 5:1 a:1 beat:1 defender:1 moves:2 soccer:2 to:1 top:1 ].
[fsimilar] # C: [ slide:1 soccer:1 tackle:1 ].
[fsimilar] # C: [ 1v1:1 back:1 defend:1 has:1 how:1 player:1 to:2 when:1 you:1 ].
[fsimilar] # C: [ compilation:1 fouls:1 hard:1 soccer:1 tackle:1 ].
[fsimilar] # C: [ best:1 football:2 home:1 in:1 of:1 sliding:1 tackles:1 ].
[fsimilar] # C: [ block:1 essential:1 of:1 soccer:1 tackle:1 techniques:1 ].
[fsimilar] # C: [ brutal:1 card:1 dirty:1 football:1 moments:1 red:1 tackle:1 with:1 ].
[fsimilar] # C: [ how:1 in:1 slide:1 soccer:2 tackle:1 tips:1 to:1 ].
[fsimilar] # C: [ game:1 how:1 in:1 slide:1 soccer:2 tackle:1 tips:1 to:1 ].
[fsimilar] # C: [ 11:1 football:1 in:1 of:1 soccer:1 tackles:1 the:1 worst:1 ].
[fsimilar] # C: [ how:1 lessons:1 slide:1 soccer:1 tackle:1 to:1 ].
[fsimilar] # C: [ how:1 slide:1 tackle:1 to:1 ].
[fsimilar] # C: [ 2:1 academy:1 how:1 online:1 part:1 slide:1 soccer:1 tackle:1 to:1 ].
[fsimilar] # C: [ 1:1 academy:1 how:1 online:1 part:1 slide:1 soccer:2 tackle:1 to:1 ].
[fsimilar] # C: [ how:1 in:1 indoor:1 soccer:1 tackle:1 to:1 ].
[fsimilar] # C: [ defending:1 soccer:1 tackling:1 tips:1 tutorial:1 ].
[fsimilar] # C: [ how:1 in:1 soccer:1 tackle:1 to:1 ].
[fsimilar] # C: [ a:1 commit:1 defense:1 soccer:1 tackle:1 to:2 when:1 ].
[fsimilar] # C: [ block:1 school:1 skills:1 soccer:1 tackle:1 us:1 youth:1 ].
[fsimilar] # C: [ a:1 block:1 how:1 in:1 soccer:1 tackle:1 to:1 ].
[fsimilar] # C: [ 10:1 brutal:1 fouls:1 hd:1 lionel:1 messi:2 on:1 only:1 stop:1 tackles:1 the:1 to:1 way:1 worst:1 ].
[fsimilar] # C: [ defender:1 how:1 in:1 slide:1 soccer:2 tackle:1 tips:1 to:1 ].
[fsimilar] # C: [ ball:1 by:1 control:1 dribblings:1 freekickerz:1 how:1 improve:1 soccer:1 to:1 tricks:1 your:1 ].
[fsimilar] # C: [ how:1 in:1 slide:1 soccer:2 tackle:1 tips:1 to:1 ].
[fsimilar] # C: [ 10:1 block:1 christie:1 rampone:1 soccer:1 tackle:1 tip:1 ].
[fsimilar] # C: [ how:1 in:1 skills:1 soccer:2 tackle:1 to:1 ].
[fsimilar] # C: [ crazy:1 girls:1 slide:1 soccer:1 tackle:1 ].
[fsimilar] # C: [ 1v1:1 academy:1 advanced:1 basic:1 defending:1 learn:1 online:1 soccer:1 techniques:1 ].
[fsimilar] # C: [ boxx:1 drills:1 how:1 shannon:1 slide:1 soccer:1 tackle:1 to:1 with:1 ].
[fsimilar] # C: [ all:1 art:1 best:1 defending:1 football:1 of:2 tackles:1 the:1 time:1 ].
[fsimilar] # C: [ 3:1 dribble:1 guide:1 how:1 speed:1 step:1 to:1 with:1 ].
[fsimilar] # C: [ 5:1 dribbling:1 drills:2 fast:1 football:1 improve:1 mean:1 soccer:1 to:1 u:1 ].
[fsimilar] # C: [ 3:1 dribbling:2 how:1 improve:1 of:1 styles:1 tips:1 to:1 your:1 ].
[fsimilar] # C: [ 2016:2 2017:2 and:1 football:2 level:1 next:1 skills:4 soccer:2 ].
[fsimilar] # C: [ dribble:1 dribbles:1 dribbling:1 explained:1 how:1 like:1 lionel:2 messi:3 skills:1 to:1 tutorial:1 ].
[fsimilar] # C: [ and:1 football:2 for:1 free:1 kids:1 soccer:2 training:4 workouts:1 ].
[fsimilar] # C: [ a:2 ball:1 dribble:2 how:1 like:1 pro:1 soccer:1 to:1 tutorial:1 ].
[fsimilar] # C: [ a:1 ball:1 dribble:2 football:1 head:1 how:2 in:1 soccer:1 to:2 up:1 with:1 your:1 ].
[fsimilar] # C: [ a:1 ball:1 dribble:1 how:1 soccer:1 to:1 ].
[fsimilar] # C: [ 4:1 footwork:1 how:1 improve:1 in:1 minutes:1 soccer:1 to:1 tutorial:1 your:1 ].
[fsimilar] # C: [ ball:1 control:1 dribbling:1 drills:1 first:1 how:1 improve:1 soccer:1 to:1 touch:1 ].
[fsimilar] # C: [ 23:1 dribble:1 football:1 nwame:1 opponent:1 perez:1 skills:1 to:1 ways:1 ].
[fsimilar] # C: [ better:1 dribble:1 dribbling:1 how:1 improve:1 in:1 instantly:1 now:1 right:1 skills:1 soccer:1 to:1 your:1 ].
[fsimilar] # C: [ 4:1 better:1 dribbling:2 drills:2 football:2 for:1 skills:2 soccer:2 top:1 ].
[fsimilar] # C: [ a:1 about:1 ball:1 best:1 dribble:1 how:1 moves:2 soccer:3 the:2 to:1 truth:1 with:1 ].
[fsimilar] # C: [ 5:1 dribbling:1 drills:1 essential:1 every:1 master:1 player:1 should:1 ].
[fsimilar] # C: [ and:1 dribbling:2 effort:1 football:1 futsal:1 how:1 improve:1 in:1 skills:1 soccer:1 to:1 with:1 zero:1 ].
[fsimilar] # C: [ best:2 football:1 george:1 learn:1 legend:1 school:1 skills:1 strskill:1 ].
[fsimilar] # C: [ dribbling:1 how:1 improve:1 skills:1 to:1 tutorial:1 your:1 ].
[fsimilar] # C: [ 1:1 control:1 dribble:1 football:1 tricks:1 tutorial:1 ].
[fsimilar] # C: [ 2016:1 crazy:1 dribbling:1 football:1 skills:1 tricks:1 ].
[fsimilar] # C: [ 12:1 an:1 dribble:1 football:1 garnier:1 how:1 like:1 me:1 move:1 s:1 seanfreestyle:1 skills:1 to:1 triangle:1 ].
[fsimilar] # C: [ defenders:1 dribble:1 football:1 learn:1 like:1 lionel:1 messi:1 past:1 skills:1 soccer:1 to:1 ].
[fsimilar] # C: [ ball:1 beginners:1 dribble:1 dribbling:1 for:1 how:1 soccer:1 the:1 tips:1 to:1 ].
[fsimilar] # C: [ aliser:1 au:1 dribble:1 football:1 r:1 un:1 ].
[fsimilar] # C: [ amazing:1 football:1 hd:1 learn:1 messi:1 neymar:1 ronaldo:1 skills:3 tutorial:1 ].
[fsimilar] # C: [ 1:1 ball:1 dribble:1 football:1 how:1 learn:1 like:1 mastery:1 messi:1 part:1 soccer:1 to:1 tutorial:1 ].
[fsimilar] # C: [ 1:2 3:1 dribbling:1 football:1 matchplay:1 on:1 skills:1 top:1 tutorial:1 ].
[fsimilar] # C: [ 1:1 and:1 football:1 improve:1 not:1 secret:1 skills:2 soccer:1 this:1 unless:1 use:1 will:1 you:1 your:1 ].
[fsimilar] # C: [ dribbling:1 how:1 improve:1 tips:1 to:1 your:1 ].
[fsimilar] # C: [ 2:1 beautiful:1 dribbling:1 most:1 skills:1 the:1 tricks:1 ].
[fsimilar] # C: [ a:1 ball:1 by:1 dribble:1 dribbles:1 dribbling:1 football:1 how:2 practice:1 soccer:2 to:2 yourself:1 ].
[fsimilar] # C: [ a:1 ball:1 dribble:1 how:1 like:1 lionel:1 messi:1 soccer:1 to:1 ].
[fsimilar] # C: [ ball:1 by:1 control:1 dribblings:1 freekickerz:1 how:1 improve:1 soccer:1 to:1 tricks:1 your:1 ].
[fsimilar] # C: [ dribbling:1 how:1 improve:1 skills:1 to:1 training:1 your:1 ].
[fsimilar] # C: [ academy:1 dribble:1 how:1 like:1 messi:1 online:1 soccer:1 to:1 ].
[fsimilar] # C: [ academy:1 dribble:1 drills:1 head:1 how:1 online:1 soccer:2 to:1 up:1 with:1 your:1 ].
[fsimilar] # C: [ a:1 ball:1 beginners:1 dribble:1 how:1 soccer:2 to:1 training:1 u8:1 ].
[fsimilar] # C: [ 3:1 dribbling:1 know:1 moves:1 need:1 soccer:1 to:1 top:1 you:1 ].
[fsimilar] # C: [ basics:1 beginners:1 football:1 for:1 juggling:1 kids:1 soccer:1 the:1 tutorial:1 ].
[fsimilar] # C: [ a:1 ball:1 dribble:2 how:2 in:1 progressive:1 soccer:3 to:2 training:1 ].
[fsimilar] # C: [ for:1 how:1 kids:1 shield:1 skills:1 soccer:1 to:1 tutorial:1 ].
[fsimilar] # C: [ 16:2 ball:1 fifa:2 how:2 in:1 opponents:1 protect:1 push:1 the:1 tips:1 to:2 tricks:1 tutorial:1 ].
[fsimilar] # C: [ ball:1 how:1 shield:1 soccer:1 the:1 to:1 tutorial:1 ].
[fsimilar] # C: [ a:1 academy:1 ball:1 how:1 online:1 shield:1 soccer:2 to:1 ].
[fsimilar] # C: [ a:1 academy:1 how:1 online:1 pass:1 receive:1 soccer:3 striker:1 to:1 ].
[fsimilar] # C: [ 269:1 ball:1 how:1 lesson:1 shield:1 soccer:1 the:1 to:1 training:1 ].
[fsimilar] # C: [ ball:1 documentary:1 protection:1 totti:1 ].
[fsimilar] # C: [ ball:1 drills:1 football:1 shielding:1 the:1 ].
[fsimilar] # C: [ 5:1 a:1 ball:1 control:1 drill:1 how:1 pressure:1 side:1 soccer:1 the:1 to:1 training:1 under:1 ].
[fsimilar] # C: [ ball:1 how:1 protect:1 soccer:1 the:1 to:1 ].
[fsimilar] # C: [ aggression:1 manual:1 shielding:1 soccer:1 ].
[fsimilar] # C: [ 12:1 2003:1 ball:1 danny:1 how:1 in:1 keane:1 old:1 roy:1 shield:1 teaches:1 the:1 to:1 welbeck:1 year:1 ].
[fsimilar] # C: [ and:1 any:1 ball:1 defender:1 how:1 in:1 on:1 shield:1 soccer:1 the:1 to:1 turn:1 ].
[fsimilar] # C: [ 1v1:1 and:1 ball:1 defend:3 how:1 in:1 player:1 soccer:1 the:2 to:1 ].
[fsimilar] # C: [ ball:1 drills:1 shielding:1 soccer:1 the:1 ].
[fsimilar] # C: [ 1v1:1 back:1 defend:1 has:1 how:1 player:1 to:2 when:1 you:1 ].
[fsimilar] # C: [ ball:1 how:1 in:1 shield:1 soccer:1 the:1 to:1 ].
[fsimilar] # C: [ ball:1 how:1 lessons:1 shield:1 soccer:1 the:1 to:1 ].
[fsimilar] # C: [ how:1 in:1 shield:1 skills:1 soccer:2 to:1 ].
[fsimilar] # C: [ a:1 and:1 ball:1 defend:1 how:2 in:1 shield:1 soccer:2 to:2 ].
[fsimilar] # C: [ ball:1 drill:1 shielding:1 the:1 ].
[fsimilar] # C: [ 17:1 ball:2 fifa:1 l2:1 lose:1 lt:1 never:1 possession:1 secure:1 shielding:1 the:1 tutorial:1 with:1 ].
[fsimilar] # C: [ ball:1 how:1 in:1 shield:1 soccer:1 the:1 tips:1 to:1 ].
[fsimilar] # C: [ ball:1 demonstrates:1 keane:1 of:1 roy:1 shielding:1 skill:1 the:2 ].
[fsimilar] # C: [ a:2 beat:1 best:1 defender:1 effective:1 football:1 game:1 in:1 moves:1 skills:1 soccer:2 to:2 tricks:1 use:1 ].
[fsimilar] # C: [ ball:1 essien:1 fa:1 like:1 match:1 shield:1 skills:1 the:1 ].
[fsimilar] # C: [ a:1 ball:2 dribble:1 how:2 shield:1 soccer:2 the:1 to:2 ].
[fsimilar] # C: [ ball:1 drill:1 drills:1 improve:1 of:1 shielding:1 soccer:2 the:1 to:1 top:1 ].
[fsimilar] # C: [ ball:1 how:1 shield:1 soccer:1 the:1 to:1 ].
[fsimilar] # C: [ 3:1 christie:1 rampone:1 shielding:1 soccer:1 tip:1 ].
[fsimilar] # C: [ cone:1 drill:1 shielding:1 soccer:2 training:2 video:1 ].
[fsimilar] # C: [ a:1 ball:2 football:1 how:2 in:1 protect:1 shield:1 soccer:1 the:1 to:2 ].
[fsimilar] # C: [ a:1 by:1 football:1 freekickerz:1 how:1 perfect:1 shoot:1 soccer:1 to:1 tutorial:1 volley:1 ].
[fsimilar] # C: [ ball:1 dribbling:1 shielding:1 the:1 ].
[fsimilar] # C: [ on:1 shielding:1 shields:1 ].
[fsimilar] # C: [ ball:1 drill:1 how:1 lahm:1 like:1 philipp:1 shield:1 soccer:1 the:1 to:1 ].
[fsimilar] # C: [ ball:1 defender:1 from:1 shield:1 soccer:1 the:2 tips:1 ].
[fsimilar] # C: [ ball:1 by:1 control:1 dribblings:1 freekickerz:1 how:1 improve:1 soccer:1 to:1 tricks:1 your:1 ].
[fsimilar] # C: [ 15:2 ball:1 fifa:2 how:2 in:1 opponents:1 protect:1 push:1 the:1 tips:1 to:2 tricks:1 tutorial:1 ].
[fsimilar] # C: [ ball:1 dribbling:1 from:1 how:1 opponents:1 pes:1 shield:1 the:1 to:1 your:1 ].
[fsimilar] # C: [ ball:1 how:1 shield:1 skills:1 soccer:2 the:1 to:1 ].
[fsimilar] # C: [ breathing:1 clouds:1 exercise:1 guided:1 ].
[fsimilar] # C: [ best:1 better:1 breathing:1 exercises:1 for:1 how:1 learn:1 sing:1 singing:1 the:1 to:1 ].
[fsimilar] # C: [ beginners:1 breathing:1 exercise:1 for:1 simple:1 yoga:1 ].
[fsimilar] # C: [ 4:1 7:1 8:1 breathing:1 exercise:1 how:1 perform:1 the:1 to:1 ].
[fsimilar] # C: [ 15:1 breathing:1 city:1 deep:1 exercise:1 hope:1 minute:1 of:1 ].
[fsimilar] # C: [ able:1 be:1 better:1 body:1 breathing:1 exercises:1 for:1 lungs:1 run:1 strengthening:1 to:2 total:1 workout:1 your:1 ].
[fsimilar] # C: [ breathing:1 exercise:1 most:1 powerful:1 pranayama:1 yoga:1 ].
[fsimilar] # C: [ breathing:1 dr:1 exercise:1 healthy:1 keep:1 lungs:1 mandell:1 proper:1 strengthen:1 to:2 ].
[fsimilar] # C: [ breathe:1 breathing:2 exercises:1 how:1 proper:1 running:1 technique:1 to:1 while:1 ].
[fsimilar] # C: [ anxiety:1 breath:1 calming:1 deep:1 depression:1 exercises:1 for:1 guided:1 meditation:1 or:1 relaxation:1 sleep:1 ].
[fsimilar] # C: [ 4:1 60:1 7:1 8:1 a:1 asleep:1 breathing:1 claims:1 help:1 in:2 just:1 minute:1 nod:1 off:1 seconds:1 technique:1 to:1 you:1 ].
[fsimilar] # C: [ abs:1 breathing:1 exercises:1 from:1 get:1 how:1 simple:1 souletics:1 to:1 with:1 ].
[fsimilar] # C: [ breathing:1 deep:1 exercises:1 for:1 guided:1 healing:1 meditation:1 relaxation:1 spirit:1 with:1 ].
[fsimilar] # C: [ beep:1 fitness:1 how:1 longer:1 pacer:1 run:1 test:3 tips:3 to:1 ].
[fsimilar] # C: [ a:1 breathing:1 meditation:1 sympathetic:1 ].
[fsimilar] # C: [ 4:1 7:1 8:1 breathing:1 by:1 exercise:1 go:1 zen:1 ].
[fsimilar] # C: [ 3:1 breathing:1 deep:1 effective:1 exercises:1 most:1 pranayamas:1 ].
[fsimilar] # C: [ beep:1 endurance:1 how:3 increase:2 longer:1 run:1 stamina:1 test:1 to:3 with:1 ].
[fsimilar] # C: [ blood:1 breathing:1 cancer:1 kapalbhati:1 meditation:1 pressure:1 relaxation:1 stress:1 techniques:1 yoga:1 ].
[fsimilar] # C: [ endurance:1 faster:1 football:1 from:1 how:1 recover:1 running:1 soccer:1 stamina:1 to:1 ].
[fsimilar] # C: [ 3:1 anxiety:1 breathing:1 exercises:1 for:1 yoga:1 ].
[fsimilar] # C: [ 3:1 anxiety:1 breathing:1 deep:1 exercises:1 reduce:1 stress:1 to:1 ].
[fsimilar] # C: [ a:1 ball:1 distance:1 from:1 how:1 shoot:1 soccer:1 to:1 ].
[fsimilar] # C: [ a:1 ball:1 height:1 how:1 shoot:1 soccer:1 to:1 with:1 ].
[fsimilar] # C: [ how:1 on:1 run:1 shoot:1 the:1 to:1 ].
[fsimilar] # C: [ a:1 ball:1 how:1 kick:1 power:1 soccer:1 to:1 with:1 ].
[fsimilar] # C: [ a:1 ball:1 cristiano:1 dip:1 dipping:1 how:1 longshot:1 ronaldo:1 shoot:1 spin:1 to:1 top:1 tutorial:1 ].
[fsimilar] # C: [ a:1 crazy:1 free:1 how:1 kick:1 knuckleball:1 shoot:1 to:1 tutorial:1 ].
[fsimilar] # C: [ 6:1 a:1 ball:1 crucial:1 every:1 how:1 master:1 needs:1 player:1 shoot:1 shooting:1 skills:1 soccer:2 to:2 ].
[fsimilar] # C: [ a:1 accuracy:1 and:1 ball:1 how:1 power:1 shoot:1 soccer:1 to:1 tutorial:1 with:1 ].
[fsimilar] # C: [ a:3 ball:2 football:2 how:3 kick:2 or:1 shoot:1 soccer:2 to:3 ].
[fsimilar] # C: [ 2016:2 2017:2 and:1 football:2 level:1 next:1 skills:4 soccer:2 ].
[fsimilar] # C: [ a:1 bale:1 by:1 dip:1 free:1 freekickerz:1 how:1 kick:1 like:1 ronaldo:1 shoot:1 spin:1 to:1 top:1 ].
[fsimilar] # C: [ a:1 and:1 ball:1 how:1 improve:1 practicing:1 shoot:1 shooting:1 shots:1 soccer:3 technique:1 to:1 ].
[fsimilar] # C: [ and:1 football:2 for:1 free:1 kids:1 soccer:2 training:4 workouts:1 ].
[fsimilar] # C: [ a:1 ball:1 how:1 power:1 shoot:1 soccer:1 to:1 with:1 ].
[fsimilar] # C: [ accuracy:1 how:1 pro:1 shoot:1 soccer:1 tips:1 to:1 with:1 ].
[fsimilar] # C: [ curve:1 free:1 how:1 kick:1 like:1 ronaldinho:1 shoot:1 to:1 tutorial:1 ].
[fsimilar] # C: [ a:2 ball:1 football:1 how:2 kick:1 power:2 shoot:1 soccer:1 to:2 with:2 ].
[fsimilar] # C: [ a:1 and:1 ball:1 hard:1 how:1 low:1 shoot:1 soccer:1 to:1 ].
[fsimilar] # C: [ a:1 ball:1 for:1 how:1 kids:1 shoot:1 soccer:1 to:1 tutorial:1 ].
[fsimilar] # C: [ a:1 ball:1 curve:1 free:1 g:1 how:1 kick:1 ndogan:1 shoot:1 to:1 tutorial:1 w:1 ].
[fsimilar] # C: [ ball:1 how:1 power:1 shooting:2 soccer:2 striking:1 technique:1 the:1 to:1 with:1 ].
[fsimilar] # C: [ a:1 ball:1 football:1 how:1 kick:1 kicking:1 shooting:1 soccer:2 technique:1 to:1 ].
[fsimilar] # C: [ how:1 lessons:1 move:1 on:1 shoot:1 soccer:1 the:1 to:1 ].
[fsimilar] # C: [ a:1 ball:1 how:1 power:1 shoot:1 soccer:1 to:1 with:1 ].
[fsimilar] # C: [ a:2 ball:2 football:2 how:2 kick:1 or:2 shoot:1 soccer:2 to:2 ].
[fsimilar] # C: [ a:2 accuracy:1 and:1 ball:1 football:1 how:2 kick:1 power:1 shoot:1 shots:1 soccer:2 to:2 tutorial:1 with:1 ].
[fsimilar] # C: [ a:3 ball:3 curl:1 curve:1 how:3 like:1 messi:1 shoot:1 soccer:3 to:3 ].
[fsimilar] # C: [ a:1 ball:1 how:1 shoot:1 skills:1 soccer:2 to:1 ].
[fsimilar] # C: [ a:1 how:1 penalty:1 rabona:1 shoot:1 soccer:1 to:1 trickshot:1 tutorial:1 ].
[fsimilar] # C: [ a:1 ball:1 how:1 improve:1 kick:1 power:1 shoot:1 soccer:1 to:2 tutorial:1 your:1 ].
[fsimilar] # C: [ 7:1 a:2 ball:1 chip:1 curl:1 curve:1 different:1 football:1 how:2 kick:1 pass:1 ping:1 soccer:1 to:2 ways:1 ].
[fsimilar] # C: [ a:1 ball:1 drills:1 how:1 kick:1 soccer:2 to:1 ].
[fsimilar] # C: [ 1:1 and:1 football:1 improve:1 not:1 secret:1 skills:2 soccer:1 this:1 unless:1 use:1 will:1 you:1 your:1 ].
[fsimilar] # C: [ 5:1 a:3 accuracy:1 ball:1 football:1 how:2 kick:1 like:1 power:1 pro:1 shoot:1 soccer:1 tips:1 to:2 with:1 ].
[fsimilar] # C: [ a:1 ball:1 foot:2 football:1 how:2 improve:1 in:1 or:1 shoot:1 soccer:2 to:2 weak:2 with:1 your:2 ].
[fsimilar] # C: [ a:1 academy:1 additional:1 ball:1 how:1 online:1 pointers:1 shoot:1 soccer:2 to:1 ].
[fsimilar] # C: [ a:2 ball:2 how:2 kick:1 power:1 shoot:1 soccer:2 to:2 with:1 ].
[fsimilar] # C: [ a:1 ball:1 beginners:1 for:1 how:1 shoot:1 simple:1 soccer:1 to:1 trick:1 ].
[fsimilar] # C: [ a:2 accuracy:1 and:1 ball:1 beginners:1 football:1 for:1 how:2 perfectly:1 power:1 shoot:2 soccer:1 to:2 with:1 ].
[fsimilar] # C: [ a:2 ball:1 football:1 how:2 kick:2 progressive:1 soccer:2 to:2 training:1 ].
[fsimilar] # C: [ power:1 shot:1 technique:1 tutorial:1 ].
[fsimilar] # C: [ a:1 football:1 hd:1 how:1 in:1 knuckleball:1 shoot:1 soccer:1 to:1 tutorial:1 ].
[fsimilar] # C: [ a:2 curve:1 free:1 how:1 in:1 kick:1 match:1 pro:1 shoot:1 to:1 tutorial:1 ].
[fsimilar] # C: [ a:2 ball:2 how:3 kick:1 like:1 ronaldo:1 shoot:2 soccer:2 to:3 ].
[fsimilar] # C: [ beckham:1 changers:1 david:1 game:1 masterclass:1 s:1 shooting:1 ].
[fsimilar] # C: [ 2017:1 a:1 game:1 goalkeeper:1 how:1 humiliate:1 in:1 like:1 messi:1 neymar:1 ronaldo:1 skills:1 to:1 ].
[fsimilar] # C: [ 2016:2 2017:2 and:1 football:2 level:1 next:1 skills:4 soccer:2 ].
[fsimilar] # C: [ beat:1 goalkeeper:1 how:1 the:1 to:1 tutorial:1 ].
[fsimilar] # C: [ and:1 football:2 for:1 free:1 kids:1 soccer:2 training:4 workouts:1 ].
[fsimilar] # C: [ challenge:1 goalkeeper:1 jj:1 vs:1 ].
[fsimilar] # C: [ a:1 assist:1 by:1 ever:1 football:1 goal:1 goalkeeper:1 in:1 longest:1 soccer:1 throw:1 ].
[fsimilar] # C: [ 12:1 beat:1 fifa:1 goalkeeper:1 hd:1 how:1 the:1 to:1 tutorial:1 ].
[fsimilar] # C: [ all:1 attack:1 beat:1 ft:1 goalkeeper:1 how:1 the:1 to:1 ].
[fsimilar] # C: [ and:1 beat:1 goalkeeper:1 hulk:1 in:1 innovated:1 penalty:1 to:1 tricks:1 way:1 ].
[fsimilar] # C: [ ever:1 original:1 scott:1 shootout:1 soccer:1 sterling:1 top:1 with:1 ].
[fsimilar] # C: [ a:1 amazing:1 beat:1 can:1 goalkeeper:1 pro:1 saves:1 semi:1 shots:1 we:1 ].
[fsimilar] # C: [ destroying:1 footballers:1 goalkeepers:1 hd:1 ].
[fsimilar] # C: [ goalkeeper:1 hart:1 how:1 joe:1 on:1 one:1 ones:1 pro:1 tips:1 to:1 win:1 ].
[fsimilar] # C: [ best:1 cristiano:1 goalkeepers:1 hd:1 in:1 ronaldo:1 the:1 vs:1 world:1 ].
[fsimilar] # C: [ 6:1 a:1 beat:1 free:1 goalkeeper:1 kicks:1 pt:1 to:1 tutorial:1 ways:1 ].
[fsimilar] # C: [ compilation:1 goalkeeper:1 vine:1 ].
[fsimilar] # C: [ football:2 goalkeeper:1 impossible:1 robot:1 slash:1 ].
[fsimilar] # C: [ a:1 beat:1 football:1 goalkeeper:1 how:1 to:1 tutorial:1 ].
[fsimilar] # C: [ 1v1:1 a:1 beat:1 football:1 goalkeeper:1 goals:1 how:2 in:2 keeper:1 more:1 score:1 soccer:1 the:1 to:2 with:1 ].
[fsimilar] # C: [ beat:1 goalkeeper:1 how:1 quick:1 the:1 tip:1 to:1 ].
[fsimilar] # C: [ challenge:1 goalkeeping:1 sumo:1 ].
[fsimilar] # C: [ 1v1:2 a:1 attack:1 beat:1 football:1 goalkeeper:1 how:2 in:1 soccer:1 to:2 ].
[fsimilar] # C: [ a:3 football:1 how:3 in:2 kick:1 penalty:3 score:1 shoot:1 soccer:1 take:1 to:3 ].
[fsimilar] # C: [ 2015:1 best:1 goalkeeper:1 hd:1 saves:1 ].
[fsimilar] # C: [ 1:1 compilation:1 goalkeepers:1 vine:1 ].
[fsimilar] # C: [ 1:1 and:1 football:1 improve:1 not:1 secret:1 skills:2 soccer:1 this:1 unless:1 use:1 will:1 you:1 your:1 ].
[fsimilar] # C: [ 5:1 a:3 accuracy:1 ball:1 football:1 how:2 kick:1 like:1 power:1 pro:1 shoot:1 soccer:1 tips:1 to:2 with:1 ].
[fsimilar] # C: [ 10:1 angry:1 goalkeepers:1 ].
[fsimilar] # C: [ 16:1 beat:1 dribble:1 fifa:1 gk:1 glitch:1 goalkeeper:1 him:1 how:2 past:1 the:2 tips:1 to:2 tricks:1 tutorial:1 ].
[fsimilar] # C: [ as:1 football:1 goalkeepers:1 keepers:1 outfield:1 players:1 undercover:1 ].
[fsimilar] # C: [ 2011:1 ajax:1 az:1 esteban:1 fan:1 fight:1 football:1 goalkeeper:1 keeper:1 kicks:1 ].
[fsimilar] # C: [ 2013:1 challenge:1 credit:1 festival:1 goalkeeper:1 robot:1 ucl:1 uni:1 ].
[fsimilar] # C: [ a:2 accuracy:1 and:1 ball:1 beginners:1 football:1 for:1 how:2 perfectly:1 power:1 shoot:2 soccer:1 to:2 with:1 ].
[fsimilar] # C: [ a:1 become:1 better:1 football:1 forward:1 goals:1 how:3 in:1 more:1 play:1 score:1 striker:2 to:3 ].
[fsimilar] # C: [ 10:1 blunders:1 fails:1 goalkeeper:1 top:1 ].
[fsimilar] # C: [ 13:1 crazy:1 football:1 goalkeeper:1 goals:1 history:1 in:1 top:1 ].
[fsimilar] # C: [ 1:2 15:1 16:1 beat:1 by:1 fifa:1 g:1 goalkeeper:1 how:1 phdx:1 the:1 tips:1 to:1 tricks:1 tutorial:1 vs:1 ].
[fsimilar] # C: [ basketball:1 development:1 drills:1 hand:2 improve:1 off:1 weak:1 your:1 ].
[fsimilar] # C: [ 2:1 curry:1 dribbling:1 drills:1 how:1 improve:1 pt:1 steph:1 to:1 your:1 ].
[fsimilar] # C: [ 15:1 ball:1 basketball:1 handling:1 improve:1 minute:1 skills:1 teaching:1 workout:1 ].
[fsimilar] # C: [ 5:1 dribbling:1 drills:2 fast:1 football:1 improve:1 mean:1 soccer:1 to:1 u:1 ].
[fsimilar] # C: [ dribbling:1 how:1 improve:1 to:1 your:1 ].
[fsimilar] # C: [ a:1 basketball:1 dribble:1 dribbling:1 hand:1 how:2 improve:1 science:1 shot:1 to:2 weak:1 your:1 ].
[fsimilar] # C: [ dribbling:1 how:1 improve:1 quick:1 tip:1 to:1 your:1 ].
[fsimilar] # C: [ 3:1 dribbling:2 how:1 improve:1 of:1 styles:1 tips:1 to:1 your:1 ].
[fsimilar] # C: [ dribbling:1 drills:1 hand:2 how:1 improve:1 to:1 weak:2 your:1 ].
[fsimilar] # C: [ 11:1 dribbling:2 drills:2 improve:1 skills:1 soccer:3 to:1 ].
[fsimilar] # C: [ 7:1 a:1 ball:1 basketball:1 better:1 biggest:1 dribble:1 handling:1 improve:1 instantly:1 keys:1 the:1 to:1 your:1 ].
[fsimilar] # C: [ basketball:1 dribble:1 faster:1 how:1 moves:1 to:1 ].
[fsimilar] # C: [ 2016:2 2017:2 and:1 football:2 level:1 next:1 skills:4 soccer:2 ].
[fsimilar] # C: [ and:1 football:2 for:1 free:1 kids:1 soccer:2 training:4 workouts:1 ].
[fsimilar] # C: [ 4:1 footwork:1 how:1 improve:1 in:1 minutes:1 soccer:1 to:1 tutorial:1 your:1 ].
[fsimilar] # C: [ 5:1 ball:1 daily:1 dribbling:1 handling:1 how:1 improve:1 minute:1 pro:1 routine:1 to:1 training:1 your:1 ].
[fsimilar] # C: [ ball:1 control:1 dribbling:1 drills:1 first:1 how:1 improve:1 soccer:1 to:1 touch:1 ].
[fsimilar] # C: [ 17:1 back:1 drag:1 dribbling:1 fifa:1 how:1 improve:1 in:1 move:1 skill:1 team:1 tips:1 to:1 tricks:1 tutorial:1 ultimate:1 ].
[fsimilar] # C: [ better:1 dribble:1 dribbling:1 how:1 improve:1 in:1 instantly:1 now:1 right:1 skills:1 soccer:1 to:1 your:1 ].
[fsimilar] # C: [ baldwin:1 basketball:1 circuit:1 daily:1 dre:1 dribbling:1 drill:1 for:1 hand:1 how:1 improve:1 layups:1 left:1 to:1 your:1 ].
[fsimilar] # C: [ 4:1 better:1 dribbling:2 drills:2 football:2 for:1 skills:2 soccer:2 top:1 ].
[fsimilar] # C: [ a:1 about:1 ball:1 best:1 dribble:1 how:1 moves:2 soccer:3 the:2 to:1 truth:1 with:1 ].
[fsimilar] # C: [ andreas:1 dribbling:1 drill:1 how:1 improve:1 one:1 part:1 pereira:1 skills:1 soccer:1 to:1 ].
[fsimilar] # C: [ dribbling:1 drills:1 hand:1 weak:1 ].
[fsimilar] # C: [ and:1 dribbling:2 effort:1 football:1 futsal:1 how:1 improve:1 in:1 skills:1 soccer:1 to:1 with:1 zero:1 ].
[fsimilar] # C: [ dribbling:1 how:1 improve:1 skills:1 to:1 tutorial:1 your:1 ].
[fsimilar] # C: [ at:1 dribbling:1 home:1 how:1 improve:1 skills:1 soccer:1 to:1 your:1 ].
[fsimilar] # C: [ basketball:1 dribble:1 dribbling:1 drill:1 how:1 improve:1 skills:1 speed:1 to:1 your:1 ].
[fsimilar] # C: [ academy:1 cardio:1 dribbling:1 drill:1 improve:1 new:1 online:1 soccer:2 to:1 ].
[fsimilar] # C: [ at:1 ball:1 handling:1 home:1 how:1 improve:1 to:1 your:1 ].
[fsimilar] # C: [ crowley:1 dan:1 dribbling:1 how:1 improve:1 in:1 part:1 soccer:1 to:1 two:1 ].
[fsimilar] # C: [ basketball:1 crossover:2 dribbling:1 drills:1 how:1 improve:1 in:1 to:1 your:1 ].
[fsimilar] # C: [ 1:1 and:1 football:1 improve:1 not:1 secret:1 skills:2 soccer:1 this:1 unless:1 use:1 will:1 you:1 your:1 ].
[fsimilar] # C: [ dribbling:1 how:1 improve:1 tips:1 to:1 your:1 ].
[fsimilar] # C: [ a:1 basketball:1 better:1 dribble:1 dribbling:1 drills:1 how:1 progression:1 to:1 ].
[fsimilar] # C: [ crowley:1 dan:1 dribbling:1 how:1 improve:1 in:1 one:1 part:1 soccer:1 to:1 ].
[fsimilar] # C: [ ball:1 bull:1 by:1 control:1 dribbling:1 drills:1 first:1 football:1 how:1 improve:1 soccer:1 to:1 touch:1 ].
[fsimilar] # C: [ ball:1 by:1 control:1 dribblings:1 freekickerz:1 how:1 improve:1 soccer:1 to:1 tricks:1 your:1 ].
[fsimilar] # C: [ dribbling:1 how:1 improve:1 skills:1 to:1 training:1 your:1 ].
[fsimilar] # C: [ ball:2 dribbling:1 drills:1 handling:2 how:1 improve:1 routine:1 this:1 to:1 try:1 your:1 ].
[fsimilar] # C: [ 04:1 a:1 ball:1 beginners:1 for:1 juggling:1 soccer:1 training:1 ].
[fsimilar] # C: [ 20:1 a:1 ball:1 how:1 juggle:1 soccer:1 tips:1 to:1 ].
[fsimilar] # C: [ 28:1 a:2 chest:2 do:1 how:1 in:2 perfecting:1 soccer:2 to:1 trap:2 ].
[fsimilar] # C: [ 14:1 a:1 ball:1 control:1 feet:1 how:1 soccer:2 tips:1 to:1 with:1 your:1 ].
[fsimilar] # C: [ 13:1 16:1 and:1 ball:1 control:1 drills:1 footwork:1 improve:1 soccer:1 to:1 touch:1 ].
[fsimilar] # C: [ 38:1 and:1 football:2 for:1 free:1 kids:1 soccer:2 training:4 workouts:1 ].
[fsimilar] # C: [ 34:1 ball:1 how:1 the:1 to:1 trap:1 ].
[fsimilar] # C: [ 22:1 ball:2 control:2 drills:3 football:1 for:1 improve:1 soccer:2 to:1 training:1 ].
[fsimilar] # C: [ 15:1 1st:1 a:1 control:1 football:1 incredible:1 juan:1 mata:1 ronaldinho:1 touch:1 tutorial:2 ].
[fsimilar] # C: [ 12:1 ball:2 by:1 control:2 drills:2 how:1 improve:1 soccer:3 to:1 yourself:1 ].
[fsimilar] # C: [ 30:1 drills:1 how:1 perfect:1 skill:1 soccer:1 the:1 to:1 trapping:1 ].
[fsimilar] # C: [ 33:1 at:1 ball:1 control:1 from:1 pros:1 speed:1 the:1 tips:1 ].
[fsimilar] # C: [ 09:1 ball:1 control:1 drills:1 fifa:1 improve:1 soccer:1 to:1 trainer:1 ].
[fsimilar] # C: [ 10:1 a:1 do:1 how:1 laces:1 shoe:1 soccer:1 to:1 trap:1 with:1 your:1 ].
[fsimilar] # C: [ 18:1 1st:1 control:1 football:1 how:1 improve:1 in:1 learn:1 play:1 school:1 soccer:1 strskill:1 to:2 touch:1 your:1 ].
[fsimilar] # C: [ 36:1 a:1 air:1 ball:2 control:2 for:1 how:1 in:1 soccer:2 the:1 tips:1 to:1 ].
[fsimilar] # C: [ 25:1 a:1 amazing:1 control:1 f2:1 football:1 freestylers:1 to:1 ways:1 ].
[fsimilar] # C: [ 35:1 a:2 ball:2 control:1 dribble:1 how:2 soccer:2 to:2 ].
[fsimilar] # C: [ 27:1 a:1 ball:1 chest:1 how:1 soccer:1 to:1 ].
[fsimilar] # C: [ 31:1 air:1 and:1 ball:1 control:1 foot:1 how:1 of:2 out:1 outside:1 soccer:1 the:3 to:1 trap:1 with:1 your:1 ].
[fsimilar] # C: [ 05:1 academy:1 air:1 ball:1 control:1 how:1 of:1 online:1 out:1 soccer:2 the:2 to:1 ].
[fsimilar] # C: [ 26:1 5:1 500:1 a:1 ball:1 from:1 how:1 juggle:1 soccer:1 to:2 ].
[fsimilar] # C: [ 29:1 ball:1 control:1 drills:1 for:1 kids:1 soccer:2 ].
[fsimilar] # C: [ 1:1 37:1 and:1 football:1 improve:1 not:1 secret:1 skills:2 soccer:1 this:1 unless:1 use:1 will:1 you:1 your:1 ].
[fsimilar] # C: [ 23:1 ball:1 control:1 dribbling:1 drills:1 first:1 how:1 improve:1 soccer:1 to:1 touch:1 ].
[fsimilar] # C: [ 21:1 a:1 air:1 ball:1 control:1 how:1 of:1 out:1 soccer:1 the:1 to:1 ].
[fsimilar] # C: [ 32:1 6:1 a:1 academy:1 ball:1 control:1 key:1 online:1 points:1 soccer:1 thigh:1 with:1 your:1 ].
[fsimilar] # C: [ 02:1 ball:1 by:1 control:1 dribblings:1 freekickerz:1 how:1 improve:1 soccer:1 to:1 tricks:1 your:1 ].
[fsimilar] # C: [ 24:1 ball:1 control:1 drills:1 how:1 improve:1 soccer:2 to:1 u8:1 youth:1 ].
[fsimilar] # C: [ 2016:2 2017:2 39:1 and:1 football:2 level:1 next:1 skills:4 soccer:2 ].
[fsimilar] # C: [ 19:1 5:1 ball:1 control:1 exercises:1 first:1 football:1 improve:1 simple:1 soccer:1 touch:1 tutorial:1 your:1 ].
[fsimilar] # C: [ 07:1 a:1 air:1 ball:1 control:1 how:2 improve:1 in:1 skills:1 soccer:2 the:1 to:2 ].
[fsimilar] # C: [ 08:1 5:1 ball:1 control:1 how:1 improve:1 in:1 less:1 minutes:1 skills:1 soccer:1 than:1 to:1 your:1 ].
[fsimilar] # C: [ 13:1 a:1 ball:1 dribble:2 how:2 in:1 progressive:1 soccer:3 to:2 training:1 ].
[fsimilar] # C: [ 17:1 ball:1 control:1 drills:1 improve:1 soccer:1 to:1 ].
[fsimilar] # C: [ 40:1 a:2 ball:1 best:1 better:1 control:2 football:2 how:1 or:1 soccer:1 to:2 ways:1 ].
[fsimilar] # C: [ 01:1 a:1 ball:2 control:2 football:2 futsal:1 how:2 improve:1 in:1 or:2 soccer:2 to:2 ].
[fsimilar] # C: [ 03:1 a:1 after:1 ball:1 by:1 control:1 cross:1 football:1 freekickerz:1 how:1 pass:1 the:1 to:1 tutorial:1 ].
[fsimilar] # C: [ 11:1 a:1 ball:1 chest:1 how:1 soccer:1 to:1 ].
[fsimilar] # C: [ 06:1 ball:1 beginner:1 control:1 first:1 how:1 improve:1 to:1 touch:1 tutorial:1 your:1 ].
[fsimilar] # C: [ 19:1 5:1 a:1 ball:1 control:1 drill:1 how:1 pressure:1 side:1 soccer:1 the:1 to:1 training:1 under:1 ].
[fsimilar] # C: [ 08:1 1st:1 a:1 control:1 football:1 incredible:1 juan:1 mata:1 ronaldinho:1 touch:1 tutorial:2 ].
[fsimilar] # C: [ 23:1 a:2 ball:1 chest:2 control:2 football:1 how:2 on:1 soccer:1 to:2 with:1 your:2 ].
[fsimilar] # C: [ 03:1 ball:1 by:1 control:1 dribblings:1 freekickerz:1 how:1 improve:1 soccer:1 to:1 tricks:1 your:1 ].
[fsimilar] # C: [ 02:1 a:1 after:1 ball:1 by:1 control:1 cross:1 football:1 freekickerz:1 how:1 pass:1 the:1 to:1 tutorial:1 ].
[fsimilar] # C: [ 17:1 5:1 ball:1 control:1 exercises:1 first:1 football:1 improve:1 simple:1 soccer:1 touch:1 tutorial:1 your:1 ].
[fsimilar] # C: [ 29:1 andreas:1 ball:1 control:1 drill:1 how:1 improve:1 one:1 part:1 pereira:1 soccer:1 to:1 ].
[fsimilar] # C: [ 10:1 ball:1 control:1 drills:1 fifa:1 improve:1 soccer:1 to:1 trainer:1 ].
[fsimilar] # C: [ 04:1 1st:1 control:1 football:1 how:1 improve:1 in:1 learn:1 play:1 school:1 soccer:1 strskill:1 to:2 touch:1 your:1 ].
[fsimilar] # C: [ 30:1 7mlc:1 ball:1 control:1 elite:1 how:1 like:1 ronaldinho:1 the:1 tip:1 to:1 training:1 ].
[fsimilar] # C: [ 1:1 34:1 and:1 football:1 improve:1 not:1 secret:1 skills:2 soccer:1 this:1 unless:1 use:1 will:1 you:1 your:1 ].
[fsimilar] # C: [ 20:1 foot:1 football:1 how:1 improve:1 skills:1 soccer:1 to:1 touch:1 weak:1 your:1 ].
[fsimilar] # C: [ 09:1 5:1 ball:1 control:1 how:1 improve:1 in:1 less:1 minutes:1 skills:1 soccer:1 than:1 to:1 your:1 ].
[fsimilar] # C: [ 06:1 a:1 control:1 football:1 incredible:1 to:1 ways:1 ].
[fsimilar] # C: [ 16:1 ball:2 control:2 drills:3 football:1 for:1 improve:1 soccer:2 to:1 training:1 ].
[fsimilar] # C: [ 11:1 ball:1 control:1 f2:1 first:1 football:1 freestylers:1 how:1 improve:1 skills:1 to:1 touch:1 your:1 ].
[fsimilar] # C: [ 05:1 a:1 amazing:1 control:1 f2:1 football:1 freestylers:1 to:1 ways:1 ].
[fsimilar] # C: [ 18:1 30:1 ball:1 best:1 controls:1 creative:1 players:1 top:1 world:1 ].
[fsimilar] # C: [ 13:1 and:1 ball:1 chest:1 control:1 football:1 futsal:1 how:1 in:1 or:1 skills:1 soccer:1 the:1 to:1 tricks:1 with:1 your:1 ].
[fsimilar] # C: [ 14:1 a:1 ball:1 beginners:1 for:1 juggling:1 soccer:1 training:1 ].
[fsimilar] # C: [ 2:1 27:1 control:1 dribble:1 football:1 tricks:1 tutorial:1 ].
[fsimilar] # C: [ 28:1 air:1 ball:1 control:1 football:1 in:1 learn:1 skills:1 soccer:1 the:2 to:1 ].
[fsimilar] # C: [ 2016:2 2017:2 36:1 and:1 football:2 level:1 next:1 skills:4 soccer:2 ].
[fsimilar] # C: [ 18m:1 25:1 awesome:1 ball:1 control:1 high:1 lifting:1 lionel:1 messi:1 record:1 s:1 world:1 ].
[fsimilar] # C: [ 32:1 a:1 air:1 ball:1 control:1 foot:1 how:1 in:1 like:1 ozil:1 soccer:1 the:1 to:1 with:1 your:1 ].
[fsimilar] # C: [ 07:1 1:1 control:1 dribble:1 football:1 tricks:1 tutorial:1 ].
[fsimilar] # C: [ 35:1 and:1 football:2 for:1 free:1 kids:1 soccer:2 training:4 workouts:1 ].
[fsimilar] # C: [ 21:1 challenge:1 control:1 crazy:1 football:1 no:1 shooting:1 ].
[fsimilar] # C: [ 01:1 a:1 ball:2 control:2 football:2 futsal:1 how:2 improve:1 in:1 or:2 soccer:2 to:2 ].
[fsimilar] # C: [ 26:1 ball:1 control:1 football:1 ground:1 how:1 improve:1 learn:1 on:1 skills:1 soccer:1 the:1 to:1 ].
[fsimilar] # C: [ 22:1 ball:1 best:1 control:1 ever:1 football:1 skills:1 ].
[fsimilar] # C: [ 37:1 a:2 ball:1 best:1 better:1 control:2 football:2 how:1 or:1 soccer:1 to:2 ways:1 ].
[fsimilar] # C: [ 15:1 and:1 ball:1 control:1 foot:1 how:1 improve:1 in:1 less:1 minutes:1 then:1 three:1 to:1 touch:1 weak:1 ].
[fsimilar] # C: [ 24:1 and:1 control:1 football:1 improve:1 learn:1 passing:1 play:1 soccer:1 to:1 ].
[fsimilar] # S: [1 282].
### #1

100 47818821 FIFA 16 How to Protect the Ball Tutorial _ How to Push Opponents in FIFA 16 _ Tips & Tricks.mp4	./how to protect the ball in football/
100 47818821 FIFA 16 How to Protect the Ball Tutorial _ How to Push Opponents in FIFA 16 _ Tips & Tricks.mp4	./how to shield a soccer ball/

[fsimilar] # S: [2 283].
### #2

100 48812130 How To - Shield The Soccer Ball _ Tutorial.mp4	./how to protect the ball in football/
100 48812130 How To - Shield The Soccer Ball _ Tutorial.mp4	./how to shield a soccer ball/

[fsimilar] # S: [3 284].
### #3

100 29030019 How to Shield a Soccer Ball - Online Soccer Academy.mp4	./how to protect the ball in football/
100 29030019 How to Shield a Soccer Ball - Online Soccer Academy.mp4	./how to shield a soccer ball/

[fsimilar] # S: [4 247].
### #4

100 21233641 How to dribble a soccer ball _ How to dribble in football with your head up.mp4	./how to protect the ball in football/
100 21233641 How to dribble a soccer ball _ How to dribble in football with your head up.mp4	./how to dribble a football/

[fsimilar] # S: [5 287].
### #5

100 33636106 Totti - Ball Protection - Documentary.webm	./how to protect the ball in football/
100 33636106 Totti - Ball Protection - Documentary.webm	./how to shield a soccer ball/

[fsimilar] # S: [8 144 398].
### #6

100 76470926 Top Soccer Shootout Ever With Scott Sterling (Original).mp4	./how to protect the ball in football/
100 76470926 Top Soccer Shootout Ever With Scott Sterling (Original).mp4	./how to beat a goalkeeper in soccer/
100 76470926 Top Soccer Shootout Ever With Scott Sterling (Original).mp4	./how to beat a goalkeeper in football/

[fsimilar] # S: [10 292].
### #7

100 62728312 Roy Keane Teaches 12 Year Old Danny Welbeck How To Shield The Ball In 2003.mp4	./how to protect the ball in football/
100 62728312 Roy Keane Teaches 12 Year Old Danny Welbeck How To Shield The Ball In 2003.mp4	./how to shield a soccer ball/

[fsimilar] # S: [11 293].
### #8

100 37471296 How to - Shield the ball in Soccer (AND TURN ON ANY DEFENDER!).mp4	./how to protect the ball in football/
100 37471296 How to - Shield the ball in Soccer (AND TURN ON ANY DEFENDER!).mp4	./how to shield a soccer ball/

[fsimilar] # S: [12 294].
### #9

100 78664184 How to defend in soccer. Defend the ball and defend the player 1v1.mp4	./how to protect the ball in football/
100 78664184 How to defend in soccer. Defend the ball and defend the player 1v1.mp4	./how to shield a soccer ball/

[fsimilar] # S: [13 298].
### #10

100 22641925 How to Shield the Ball _ Soccer Lessons.mp4	./how to protect the ball in football/
100 22641925 How to Shield the Ball _ Soccer Lessons.mp4	./how to shield a soccer ball/

[fsimilar] # S: [14 299].
### #11

100  6361170 Soccer Skills - How To Shield In Soccer.mp4	./how to protect the ball in football/
100  6361170 Soccer Skills - How To Shield In Soccer.mp4	./how to shield a soccer ball/

[fsimilar] # S: [15 300].
### #12

100  8599880 How To Shield A Soccer Ball - AND - How To Defend In Soccer.mp4	./how to protect the ball in football/
100  8599880 How To Shield A Soccer Ball - AND - How To Defend In Soccer.mp4	./how to shield a soccer ball/

[fsimilar] # S: [17 303].
### #13

100 46438770 How to Shield the Ball in Soccer! _ Tips.mp4	./how to protect the ball in football/
100 46438770 How to Shield the Ball in Soccer! _ Tips.mp4	./how to shield a soccer ball/

[fsimilar] # S: [19 305].
### #14

100 34332912 Best soccer moves to beat a defender _ Effective football tricks _ Soccer skills to use in a game.mp4	./how to protect the ball in football/
100 34332912 Best soccer moves to beat a defender _ Effective football tricks _ Soccer skills to use in a game.mp4	./how to shield a soccer ball/

[fsimilar] # S: [21 306].
### #15

100 11961692 MATCH - FA Skills - Shield The Ball Like Essien!.webm	./how to protect the ball in football/
100 11961692 MATCH - FA Skills - Shield The Ball Like Essien!.webm	./how to shield a soccer ball/

[fsimilar] # S: [23 307].
### #16

100  7878505 How to Dribble a Soccer Ball  - How to Shield the Soccer Ball.webm	./how to protect the ball in football/
100  7878505 How to Dribble a Soccer Ball  - How to Shield the Soccer Ball.webm	./how to shield a soccer ball/

[fsimilar] # S: [24 312].
### #17

100 53990872 How to shield a soccer ball ► How to protect the ball in football.mp4	./how to protect the ball in football/
100 53990872 How to shield a soccer ball ► How to protect the ball in football.mp4	./how to shield a soccer ball/

[fsimilar] # S: [26 114 313].
### #18

100 32485226 How to Shoot a Perfect Volley - Football Soccer Tutorial by freekickerz.mp4	./how to protect the ball in football/
100 32485226 How to Shoot a Perfect Volley - Football Soccer Tutorial by freekickerz.mp4	./how to shoot a football/
100 32485226 How to Shoot a Perfect Volley - Football Soccer Tutorial by freekickerz.mp4	./how to shield a soccer ball/

[fsimilar] # S: [27 316].
### #19

100 44116653 How to shield the ball like Philipp Lahm _ Soccer drill.mp4	./how to protect the ball in football/
100 44116653 How to shield the ball like Philipp Lahm _ Soccer drill.mp4	./how to shield a soccer ball/

[fsimilar] # S: [31 317].
### #20

100  7077831 Soccer Tips - Shield the Ball from the Defender.webm	./how to protect the ball in football/
100  7077831 Soccer Tips - Shield the Ball from the Defender.webm	./how to shield a soccer ball/

[fsimilar] # S: [33 81 232 273 318 463 493 509].
### #21

100 49513365 How to Improve Your Ball Control, Dribblings & Soccer Tricks by freekickerz.mp4	./how to protect the ball in football/
100 49513365 How to Improve Your Ball Control, Dribblings & Soccer Tricks by freekickerz.mp4	./how to improve ball control/
100 49513365 How to Improve Your Ball Control, Dribblings & Soccer Tricks by freekickerz.mp4	./how to tackle in soccer/
100 49513365 How to Improve Your Ball Control, Dribblings & Soccer Tricks by freekickerz.mp4	./how to dribble a football/
100 49513365 How to Improve Your Ball Control, Dribblings & Soccer Tricks by freekickerz.mp4	./how to shield a soccer ball/
100 49513365 How to Improve Your Ball Control, Dribblings & Soccer Tricks by freekickerz.mp4	./how to improve dribbling/
 96 49513365 02 - How to Improve Your Ball Control, Dribblings & Soccer Tricks by freekickerz.mp4	./how to control a soccer ball/
 96 49513365 03 - How to Improve Your Ball Control, Dribblings & Soccer Tricks by freekickerz.mp4	./how to control a football/

[fsimilar] # S: [37 319].
### #22

100 39224364 FIFA 15 How to Protect the Ball Tutorial _ How to push opponents in FIFA 15 - Tips & Tricks.mp4	./how to protect the ball in football/
100 39224364 FIFA 15 How to Protect the Ball Tutorial _ How to push opponents in FIFA 15 - Tips & Tricks.mp4	./how to shield a soccer ball/

[fsimilar] # S: [39 321].
### #23

100 25091254 How to Shield the Soccer Ball _ Soccer Skills.mp4	./how to protect the ball in football/
100 25091254 How to Shield the Soccer Ball _ Soccer Skills.mp4	./how to shield a soccer ball/

[fsimilar] # S: [46 63].
### #24

100 37696799 Andreas Pereira _ How to improve ball control _ Part Three _ Soccer Drills.mp4	./how to improve ball control/
 90 37157643 Andreas Pereira _ How to improve ball control _ Part Four _ Soccer Drills.mp4	./how to improve ball control/

[fsimilar] # S: [47 521].
### #25

100 78110904 Football Skills - How to Improve your First Touch Ball Control _ F2 Freestylers.mp4	./how to improve ball control/
 96 78110904 11 - Football Skills - How to Improve your First Touch Ball Control _ F2 Freestylers.mp4	./how to control a football/

[fsimilar] # S: [48 436].
### #26

100 91791574 The 7 Biggest Keys To Instantly Improve Your Ball-Handling! (Dribble A Basketball Better).mp4	./how to improve ball control/
100 91791574 The 7 Biggest Keys To Instantly Improve Your Ball-Handling! (Dribble A Basketball Better).mp4	./how to improve dribbling/

[fsimilar] # S: [49 95 136 243 353 390 438 495 528].
### #27

100 69971768 'Next level' soccer skills and football skills _ Soccer Skills 2016 2017 _ Football Skills 2016 2017.mp4	./how to improve ball control/
100 69971768 'Next level' soccer skills and football skills _ Soccer Skills 2016 2017 _ Football Skills 2016 2017.mp4	./how to shoot a football/
100 69971768 'Next level' soccer skills and football skills _ Soccer Skills 2016 2017 _ Football Skills 2016 2017.mp4	./how to beat a goalkeeper in soccer/
100 69971768 'Next level' soccer skills and football skills _ Soccer Skills 2016 2017 _ Football Skills 2016 2017.mp4	./how to dribble a football/
100 69971768 'Next level' soccer skills and football skills _ Soccer Skills 2016 2017 _ Football Skills 2016 2017.mp4	./how to shoot a soccer ball/
100 69971768 'Next level' soccer skills and football skills _ Soccer Skills 2016 2017 _ Football Skills 2016 2017.mp4	./how to beat a goalkeeper in football/
100 69971768 'Next level' soccer skills and football skills _ Soccer Skills 2016 2017 _ Football Skills 2016 2017.mp4	./how to improve dribbling/
 99 69971768 39 - 'Next level' soccer skills and football skills _ Soccer Skills 2016 2017 _ Football Skills 2016 2017.mp4	./how to control a soccer ball/
 99 69971768 36 - 'Next level' soccer skills and football skills _ Soccer Skills 2016 2017 _ Football Skills 2016 2017.mp4	./how to control a football/

[fsimilar] # S: [50 505].
### #28

100 28650091 How To Improve Your Ball Control & First Touch - Beginner Tutorial.mp4	./how to improve ball control/
 95 28650091 06 - How To Improve Your Ball Control & First Touch - Beginner Tutorial.mp4	./how to control a soccer ball/

[fsimilar] # S: [52 96 139 245 356 392 439 471 532].
### #29

100  3849759 FREE soccer training and football training _ soccer training for kids _ football training workouts.mp4	./how to improve ball control/
100  3849759 FREE soccer training and football training _ soccer training for kids _ football training workouts.mp4	./how to shoot a football/
100  3849759 FREE soccer training and football training _ soccer training for kids _ football training workouts.mp4	./how to beat a goalkeeper in soccer/
100  3849759 FREE soccer training and football training _ soccer training for kids _ football training workouts.mp4	./how to dribble a football/
100  3849759 FREE soccer training and football training _ soccer training for kids _ football training workouts.mp4	./how to shoot a soccer ball/
100  3849759 FREE soccer training and football training _ soccer training for kids _ football training workouts.mp4	./how to beat a goalkeeper in football/
100  3849759 FREE soccer training and football training _ soccer training for kids _ football training workouts.mp4	./how to improve dribbling/
 98  3849759 38 - FREE soccer training and football training _ soccer training for kids _ football training workouts.mp4	./how to control a soccer ball/
 98  3849759 35 - FREE soccer training and football training _ soccer training for kids _ football training workouts.mp4	./how to control a football/

[fsimilar] # S: [53 78].
### #30

100 25411101 Dan Crowley _ How to improve ball control _ Part Two.mp4	./how to improve ball control/
 86 24574282 Dan Crowley _ How to improve ball control _ Part Three.mp4	./how to improve ball control/

[fsimilar] # S: [55 497].
### #31

100 43772143 How To Control A Soccer Ball In The Air - How To Improve Soccer Skills.mp4	./how to improve ball control/
 98 43772143 07 - How To Control A Soccer Ball In The Air - How To Improve Soccer Skills.mp4	./how to control a soccer ball/

[fsimilar] # S: [56 478 513].
### #32

100 60720805 Soccer Drills To Improve Ball Control _ FifaTrainer .mp4	./how to improve ball control/
 94 60720805 09 - Soccer Drills To Improve Ball Control _ FifaTrainer .mp4	./how to control a soccer ball/
 94 60720805 10 - Soccer Drills To Improve Ball Control _ FifaTrainer .mp4	./how to control a football/

[fsimilar] # S: [58 250 442 490].
### #33

100 22794807 How To IMPROVE BALL CONTROL _ Dribbling, First Touch Drills Soccer.mp4	./how to improve ball control/
100 22794807 How To IMPROVE BALL CONTROL _ Dribbling, First Touch Drills Soccer.mp4	./how to dribble a football/
100 22794807 How To IMPROVE BALL CONTROL _ Dribbling, First Touch Drills Soccer.mp4	./how to improve dribbling/
 95 22794807 23 - How To IMPROVE BALL CONTROL _ Dribbling, First Touch Drills Soccer.mp4	./how to control a soccer ball/

[fsimilar] # S: [59 473 520].
### #34

100 48883409 Soccer drills to improve ball control ► Football drills for ball control ► Soccer training drills.mp4	./how to improve ball control/
 98 48883409 22 - Soccer drills to improve ball control ► Football drills for ball control ► Soccer training drills.mp4	./how to control a soccer ball/
 98 48883409 16 - Soccer drills to improve ball control ► Football drills for ball control ► Soccer training drills.mp4	./how to control a football/

[fsimilar] # S: [60 501 537].
### #35

100 64767211 Best Ways To Control A Football _ How to control a soccer ball or football better.mp4	./how to improve ball control/
 98 64767211 40 - Best Ways To Control A Football _ How to control a soccer ball or football better.mp4	./how to control a soccer ball/
 98 64767211 37 - Best Ways To Control A Football _ How to control a soccer ball or football better.mp4	./how to control a football/

[fsimilar] # S: [62 538].
### #36

100 35365029 How to improve ball control, touch and weak foot in less then three minutes!.mp4	./how to improve ball control/
 97 35365029 15 - How to improve ball control, touch and weak foot in less then three minutes!.mp4	./how to control a football/

[fsimilar] # S: [68 500].
### #37

100 89163620 Soccer Drills To Improve Ball Control.mp4	./how to improve ball control/
 93 89163620 17 - Soccer Drills To Improve Ball Control.mp4	./how to control a soccer ball/

[fsimilar] # S: [69 512].
### #38

100 37754154 Andreas Pereira _ How to improve ball control _ Part One _ Soccer Drill.mp4	./how to improve ball control/
 96 37754154 29 - Andreas Pereira _ How to improve ball control _ Part One _ Soccer Drill.mp4	./how to control a football/

[fsimilar] # S: [72 502 534].
### #39

100 31196627 How to improve ball control in football soccer or futsal _ How to control a soccer ball or football.mp4	./how to improve ball control/
 98 31196627 01 - How to improve ball control in football soccer or futsal _ How to control a soccer ball or football.mp4	./how to control a soccer ball/
 98 31196627 01 - How to improve ball control in football soccer or futsal _ How to control a soccer ball or football.mp4	./how to control a football/

[fsimilar] # S: [73 496 511].
### #40

100 49010338 Improve Your First Touch - Ball Control Tutorial • 5 Simple Football_Soccer Exercises.mp4	./how to improve ball control/
 96 49010338 19 - Improve Your First Touch - Ball Control Tutorial • 5 Simple Football_Soccer Exercises.mp4	./how to control a soccer ball/
 96 49010338 17 - Improve Your First Touch - Ball Control Tutorial • 5 Simple Football_Soccer Exercises.mp4	./how to control a football/

[fsimilar] # S: [75 119 160 268 376 414 458 489 516].
### #41

100 31044386 Your soccer skills and football skills WILL NOT improve unless you use this 1 secret.mp4	./how to improve ball control/
100 31044386 Your soccer skills and football skills WILL NOT improve unless you use this 1 secret.mp4	./how to shoot a football/
100 31044386 Your soccer skills and football skills WILL NOT improve unless you use this 1 secret.mp4	./how to beat a goalkeeper in soccer/
100 31044386 Your soccer skills and football skills WILL NOT improve unless you use this 1 secret.mp4	./how to dribble a football/
100 31044386 Your soccer skills and football skills WILL NOT improve unless you use this 1 secret.mp4	./how to shoot a soccer ball/
100 31044386 Your soccer skills and football skills WILL NOT improve unless you use this 1 secret.mp4	./how to beat a goalkeeper in football/
100 31044386 Your soccer skills and football skills WILL NOT improve unless you use this 1 secret.mp4	./how to improve dribbling/
 97 31044386 37 - Your soccer skills and football skills WILL NOT improve unless you use this 1 secret.mp4	./how to control a soccer ball/
 97 31044386 34 - Your soccer skills and football skills WILL NOT improve unless you use this 1 secret.mp4	./how to control a football/

[fsimilar] # S: [76 494].
### #42

100  7632171 Youth Soccer Drills u8 - How To Improve Soccer Ball Control.mp4	./how to improve ball control/
 96  7632171 24 - Youth Soccer Drills u8 - How To Improve Soccer Ball Control.mp4	./how to control a soccer ball/

[fsimilar] # S: [77 480 514].
### #43

100 37838028 How to Improve your control_1st touch in football - Learn to play Soccer - STRskillSchool.mp4	./how to improve ball control/
 97 37838028 18 - How to Improve your control_1st touch in football - Learn to play Soccer - STRskillSchool.mp4	./how to control a soccer ball/
 97 37838028 04 - How to Improve your control_1st touch in football - Learn to play Soccer - STRskillSchool.mp4	./how to control a football/

[fsimilar] # S: [79 462].
### #44

100 35113222 How to IMPROVE BALL CONTROL _ Dribbling, First Touch Drills Soccer _ by BullFootball.mp4	./how to improve ball control/
100 35113222 How to IMPROVE BALL CONTROL _ Dribbling, First Touch Drills Soccer _ by BullFootball.mp4	./how to improve dribbling/

[fsimilar] # S: [83 475].
### #45

100  5456939 How To Improve Soccer Ball Control By Yourself - Soccer Drills - Soccer Ball Control Drills.mp4	./how to improve ball control/
 98  5456939 12 - How To Improve Soccer Ball Control By Yourself - Soccer Drills - Soccer Ball Control Drills.mp4	./how to control a soccer ball/

[fsimilar] # S: [85 498 518].
### #46

100 47397078 How to Improve Your Ball Control & Soccer Skills in Less than 5 Minutes!.mp4	./how to improve ball control/
 96 47397078 08 - How to Improve Your Ball Control & Soccer Skills in Less than 5 Minutes!.mp4	./how to control a soccer ball/
 96 47397078 09 - How to Improve Your Ball Control & Soccer Skills in Less than 5 Minutes!.mp4	./how to control a football/

[fsimilar] # S: [88 346].
### #47

100 51652641 How to Shoot on the Run.mp4	./how to shoot a football/
100 51652641 How to Shoot on the Run.mp4	./how to shoot a soccer ball/

[fsimilar] # S: [89 348].
### #48

100 91299861 Cristiano Ronaldo Longshot Top Spin Tutorial _ How to shoot a Dip _ Dipping Ball.mp4	./how to shoot a football/
100 91299861 Cristiano Ronaldo Longshot Top Spin Tutorial _ How to shoot a Dip _ Dipping Ball.mp4	./how to shoot a soccer ball/

[fsimilar] # S: [90 349].
### #49

100 67112632 Crazy Free Kick Tutorial - How To Shoot A Knuckleball.mp4	./how to shoot a football/
100 67112632 Crazy Free Kick Tutorial - How To Shoot A Knuckleball.mp4	./how to shoot a soccer ball/

[fsimilar] # S: [91 351].
### #50

100 136739193 How To Shoot A Soccer Ball With Power And Accuracy Tutorial.mp4	./how to shoot a football/
100 136739193 How To Shoot A Soccer Ball With Power And Accuracy Tutorial.mp4	./how to shoot a soccer ball/

[fsimilar] # S: [94 352].
### #51

100 143700039 How To Kick A Soccer Ball ► How To Kick A Football ► How To Shoot a Soccer Ball or Football.mp4	./how to shoot a football/
100 143700039 How To Kick A Soccer Ball ► How To Kick A Football ► How To Shoot a Soccer Ball or Football.mp4	./how to shoot a soccer ball/

[fsimilar] # S: [97 358].
### #52

100 35106364 How to shoot with accuracy _ Pro soccer tips.mp4	./how to shoot a football/
100 35106364 How to shoot with accuracy _ Pro soccer tips.mp4	./how to shoot a soccer ball/

[fsimilar] # S: [99 113 372].
### #53

100 36296881 How To Shoot a Soccer Penalty - Tutorial.mp4	./how to shoot a football/
 87 36873236 How To Shoot A Rabona Penalty Trickshot Soccer Tutorial.mp4	./how to shoot a football/
 87 36873236 How To Shoot A Rabona Penalty Trickshot Soccer Tutorial.mp4	./how to shoot a soccer ball/

[fsimilar] # S: [100 359].
### #54

100 32781051 How To Shoot like Ronaldinho - Curve Free Kick Tutorial.mp4	./how to shoot a football/
100 32781051 How To Shoot like Ronaldinho - Curve Free Kick Tutorial.mp4	./how to shoot a soccer ball/

[fsimilar] # S: [104 360].
### #55

100 77201802 how to kick a soccer ball WITH POWER ► how to shoot a football with power.mp4	./how to shoot a football/
100 77201802 how to kick a soccer ball WITH POWER ► how to shoot a football with power.mp4	./how to shoot a soccer ball/

[fsimilar] # S: [105 363].
### #56

100 48884280 How To Shoot a Curve Ball Free Kick Tutorial w_ Gündogan.mp4	./how to shoot a football/
100 48884280 How To Shoot a Curve Ball Free Kick Tutorial w_ Gündogan.mp4	./how to shoot a soccer ball/

[fsimilar] # S: [106 365].
### #57

100  6269661 How To Kick A Soccer Ball Football _ Soccer Kicking Shooting Technique ★.webm	./how to shoot a football/
100  6269661 How To Kick A Soccer Ball Football _ Soccer Kicking Shooting Technique ★.webm	./how to shoot a soccer ball/

[fsimilar] # S: [110 368].
### #58

100 58956944 How to kick a soccer ball or football ► How to shoot a soccer ball or football.mp4	./how to shoot a football/
100 58956944 How to kick a soccer ball or football ► How to shoot a soccer ball or football.mp4	./how to shoot a soccer ball/

[fsimilar] # S: [112 369].
### #59

100 48846384 How to kick a soccer ball with power and accuracy ► how to shoot a football ► soccer shots tutorial.mp4	./how to shoot a football/
100 48846384 How to kick a soccer ball with power and accuracy ► how to shoot a football ► soccer shots tutorial.mp4	./how to shoot a soccer ball/

[fsimilar] # S: [115 156 411].
### #60

100 87201800 How to take a penalty kick in football _ How to shoot a penalty in soccer _ How to score a penalty.mp4	./how to shoot a football/
100 87201800 How to take a penalty kick in football _ How to shoot a penalty in soccer _ How to score a penalty.mp4	./how to beat a goalkeeper in soccer/
100 87201800 How to take a penalty kick in football _ How to shoot a penalty in soccer _ How to score a penalty.mp4	./how to beat a goalkeeper in football/

[fsimilar] # S: [117 373].
### #61

100 78242455 How To Improve Your Power To Shoot & Kick A Soccer Ball - Tutorial.mp4	./how to shoot a football/
100 78242455 How To Improve Your Power To Shoot & Kick A Soccer Ball - Tutorial.mp4	./how to shoot a soccer ball/

[fsimilar] # S: [120 161 377 415].
### #62

100 102823063 How to shoot a soccer ball with power & accuracy _ How to kick a football like a pro _ 5 tips.mp4	./how to shoot a football/
100 102823063 How to shoot a soccer ball with power & accuracy _ How to kick a football like a pro _ 5 tips.mp4	./how to beat a goalkeeper in soccer/
100 102823063 How to shoot a soccer ball with power & accuracy _ How to kick a football like a pro _ 5 tips.mp4	./how to shoot a soccer ball/
100 102823063 How to shoot a soccer ball with power & accuracy _ How to kick a football like a pro _ 5 tips.mp4	./how to beat a goalkeeper in football/

[fsimilar] # S: [122 378].
### #63

100 77938327 How to shoot a soccer ball with your weak foot ► How to improve your weak foot in soccer or football.mp4	./how to shoot a football/
100 77938327 How to shoot a soccer ball with your weak foot ► How to improve your weak foot in soccer or football.mp4	./how to shoot a soccer ball/

[fsimilar] # S: [124 380].
### #64

100  5986522 How to Kick a Soccer Ball  - How to Shoot a Soccer Ball with Power.webm	./how to shoot a football/
100  5986522 How to Kick a Soccer Ball  - How to Shoot a Soccer Ball with Power.webm	./how to shoot a soccer ball/

[fsimilar] # S: [128 165 382 421].
### #65

100 71790298 How to shoot a football with power and accuracy _ How to shoot a soccer ball perfectly for beginners.mp4	./how to shoot a football/
100 71790298 How to shoot a football with power and accuracy _ How to shoot a soccer ball perfectly for beginners.mp4	./how to beat a goalkeeper in soccer/
100 71790298 How to shoot a football with power and accuracy _ How to shoot a soccer ball perfectly for beginners.mp4	./how to shoot a soccer ball/
100 71790298 How to shoot a football with power and accuracy _ How to shoot a soccer ball perfectly for beginners.mp4	./how to beat a goalkeeper in football/

[fsimilar] # S: [129 383].
### #66

100 38857536 How To Kick A Soccer Ball ► How To Kick A Football ► Progressive Soccer Training.mp4	./how to shoot a football/
100 38857536 How To Kick A Soccer Ball ► How To Kick A Football ► Progressive Soccer Training.mp4	./how to shoot a soccer ball/

[fsimilar] # S: [130 385].
### #67

100 48455001 How to shoot a KNUCKLEBALL in football_soccer _ Tutorial _ HD.mp4	./how to shoot a football/
100 48455001 How to shoot a KNUCKLEBALL in football_soccer _ Tutorial _ HD.mp4	./how to shoot a soccer ball/

[fsimilar] # S: [131 386].
### #68

100 35487779 How To Shoot a Free Kick in a Match - Pro Curve Tutorial.mp4	./how to shoot a football/
100 35487779 How To Shoot a Free Kick in a Match - Pro Curve Tutorial.mp4	./how to shoot a soccer ball/

[fsimilar] # S: [132 388].
### #69

100 18048153 David Beckham's Masterclass - Shooting - Game Changers.webm	./how to beat a goalkeeper in soccer/
100 18048153 David Beckham's Masterclass - Shooting - Game Changers.webm	./how to beat a goalkeeper in football/

[fsimilar] # S: [133 389].
### #70

100 30188617 How To Humiliate a Goalkeeper Like Messi, Neymar & Ronaldo! In-Game Skills 2017.mp4	./how to beat a goalkeeper in soccer/
100 30188617 How To Humiliate a Goalkeeper Like Messi, Neymar & Ronaldo! In-Game Skills 2017.mp4	./how to beat a goalkeeper in football/

[fsimilar] # S: [138 391].
### #71

100 61637029 How to Beat the Goalkeeper! _ Tutorial.mp4	./how to beat a goalkeeper in soccer/
100 61637029 How to Beat the Goalkeeper! _ Tutorial.mp4	./how to beat a goalkeeper in football/

[fsimilar] # S: [140 393].
### #72

100 120498450 GOALKEEPER CHALLENGE VS JJ!!!.mp4	./how to beat a goalkeeper in soccer/
100 120498450 GOALKEEPER CHALLENGE VS JJ!!!.mp4	./how to beat a goalkeeper in football/

[fsimilar] # S: [142 397].
### #73

100  4044887 Hulk innovated in way to beat goalkeeper penalty and Tricks.mp4	./how to beat a goalkeeper in soccer/
100  4044887 Hulk innovated in way to beat goalkeeper penalty and Tricks.mp4	./how to beat a goalkeeper in football/

[fsimilar] # S: [145 400].
### #74

100 118432054 Footballers Destroying Goalkeepers _HD.mp4	./how to beat a goalkeeper in soccer/
100 118432054 Footballers Destroying Goalkeepers _HD.mp4	./how to beat a goalkeeper in football/

[fsimilar] # S: [148 403].
### #75

100 35558317 6 Ways to Beat a Goalkeeper - Tutorial - FreeKicksPT.mp4	./how to beat a goalkeeper in soccer/
100 35558317 6 Ways to Beat a Goalkeeper - Tutorial - FreeKicksPT.mp4	./how to beat a goalkeeper in football/

[fsimilar] # S: [150 404].
### #76

100 20505599 Goalkeeper Vine Compilation.webm	./how to beat a goalkeeper in soccer/
100 20505599 Goalkeeper Vine Compilation.webm	./how to beat a goalkeeper in football/

[fsimilar] # S: [151 406].
### #77

100 52231711 How To Beat A Goalkeeper (Football) - Tutorial.mp4	./how to beat a goalkeeper in soccer/
100 52231711 How To Beat A Goalkeeper (Football) - Tutorial.mp4	./how to beat a goalkeeper in football/

[fsimilar] # S: [152 407].
### #78

100 32642260 How to beat a goalkeeper in football _ How to score more goals 1v1 with the keeper in soccer.mp4	./how to beat a goalkeeper in soccer/
100 32642260 How to beat a goalkeeper in football _ How to score more goals 1v1 with the keeper in soccer.mp4	./how to beat a goalkeeper in football/

[fsimilar] # S: [153 408].
### #79

100 16725779 How to Beat the Goalkeeper _ Quick Tip.mp4	./how to beat a goalkeeper in soccer/
100 16725779 How to Beat the Goalkeeper _ Quick Tip.mp4	./how to beat a goalkeeper in football/

[fsimilar] # S: [154 409].
### #80

100 68934762 SUMO GOALKEEPING CHALLENGE!!!.mp4	./how to beat a goalkeeper in soccer/
100 68934762 SUMO GOALKEEPING CHALLENGE!!!.mp4	./how to beat a goalkeeper in football/

[fsimilar] # S: [155 410].
### #81

100 21016746 How To Attack 1v1 In Football_Soccer _ How To Beat A Goalkeeper 1v1.mp4	./how to beat a goalkeeper in soccer/
100 21016746 How To Attack 1v1 In Football_Soccer _ How To Beat A Goalkeeper 1v1.mp4	./how to beat a goalkeeper in football/

[fsimilar] # S: [158 413].
### #82

100 30572321 Goalkeepers Vine Compilation ᴴᴰ #1.mp4	./how to beat a goalkeeper in soccer/
100 30572321 Goalkeepers Vine Compilation ᴴᴰ #1.mp4	./how to beat a goalkeeper in football/

[fsimilar] # S: [162 416].
### #83

100 51247779 10 Angry Goalkeepers.mp4	./how to beat a goalkeeper in soccer/
100 51247779 10 Angry Goalkeepers.mp4	./how to beat a goalkeeper in football/

[fsimilar] # S: [163 417].
### #84

100 48485738 FIFA 16 HOW TO BEAT THE GOALKEEPER TUTORIAL _ How to GLITCH the GK & Dribble Past him  TIPS & TRICKS.mp4	./how to beat a goalkeeper in soccer/
100 48485738 FIFA 16 HOW TO BEAT THE GOALKEEPER TUTORIAL _ How to GLITCH the GK & Dribble Past him  TIPS & TRICKS.mp4	./how to beat a goalkeeper in football/

[fsimilar] # S: [164 418].
### #85

100 217243853 Outfield Football Players As Goalkeepers ● Undercover Keepers.mp4	./how to beat a goalkeeper in soccer/
100 217243853 Outfield Football Players As Goalkeepers ● Undercover Keepers.mp4	./how to beat a goalkeeper in football/

[fsimilar] # S: [166 422].
### #86

100 43032943 How to become a better striker in football _ How to play striker forward _ How to score more goals.mp4	./how to beat a goalkeeper in soccer/
100 43032943 How to become a better striker in football _ How to play striker forward _ How to score more goals.mp4	./how to beat a goalkeeper in football/

[fsimilar] # S: [167 423].
### #87

100 57057869 Top 10 Fails - Goalkeeper Blunders.mp4	./how to beat a goalkeeper in soccer/
100 57057869 Top 10 Fails - Goalkeeper Blunders.mp4	./how to beat a goalkeeper in football/

[fsimilar] # S: [168 424].
### #88

100 141168889 TOP 13 GOALKEEPER CRAZY GOALS IN FOOTBALL HISTORY.mp4	./how to beat a goalkeeper in soccer/
100 141168889 TOP 13 GOALKEEPER CRAZY GOALS IN FOOTBALL HISTORY.mp4	./how to beat a goalkeeper in football/

[fsimilar] # S: [170 205].
### #89

100 37405055 How to tackle in soccer _ How do a tackle in football _ How to defend in football soccer.mp4	./how to tackle in football/
100 37405055 How to tackle in soccer _ How do a tackle in football _ How to defend in football soccer.mp4	./how to tackle in soccer/

[fsimilar] # S: [181 217].
### #90

100 31722576 Soccer Tips ► How To Slide Tackle In Soccer.mp4	./how to tackle in football/
100 31722576 Soccer Tips ► How To Slide Tackle In Soccer.mp4	./how to tackle in soccer/

[fsimilar] # S: [191 226].
### #91

100 26570867 How to Tackle in Soccer.mp4	./how to tackle in football/
100 26570867 How to Tackle in Soccer.mp4	./how to tackle in soccer/

[fsimilar] # S: [197 235].
### #92

100 21310902 How to Tackle in Soccer _ Soccer Skills.mp4	./how to tackle in football/
100 21310902 How to Tackle in Soccer _ Soccer Skills.mp4	./how to tackle in soccer/

[fsimilar] # S: [212 296].
### #93

100 64595789 How to Defend 1v1 When Player has Back to You.mp4	./how to tackle in soccer/
100 64595789 How to Defend 1v1 When Player has Back to You.mp4	./how to shield a soccer ball/

[fsimilar] # S: [241 429].
### #94

100 53028293 5 Soccer Drills To Improve Dribbling FAST ► U mean Football Drills .mp4	./how to dribble a football/
100 53028293 5 Soccer Drills To Improve Dribbling FAST ► U mean Football Drills .mp4	./how to improve dribbling/

[fsimilar] # S: [242 433].
### #95

100 51532203 How to Improve Your Dribbling, 3 Styles of Dribbling _ Tips.mp4	./how to dribble a football/
100 51532203 How to Improve Your Dribbling, 3 Styles of Dribbling _ Tips.mp4	./how to improve dribbling/

[fsimilar] # S: [249 440].
### #96

100 61656860 How to Improve Your Footwork in 4 Minutes - Soccer Tutorial.mp4	./how to dribble a football/
100 61656860 How to Improve Your Footwork in 4 Minutes - Soccer Tutorial.mp4	./how to improve dribbling/

[fsimilar] # S: [252 444].
### #97

100 86415888 How To - INSTANTLY DRIBBLE BETTER IN SOCCER! Improve Your Dribbling Skills Right Now!.mp4	./how to dribble a football/
100 86415888 How To - INSTANTLY DRIBBLE BETTER IN SOCCER! Improve Your Dribbling Skills Right Now!.mp4	./how to improve dribbling/

[fsimilar] # S: [253 446].
### #98

100 54548770 Top 4 Soccer Dribbling Drills For Better Soccer Skills _ Football dribbling drills & football skills.mp4	./how to dribble a football/
100 54548770 Top 4 Soccer Dribbling Drills For Better Soccer Skills _ Football dribbling drills & football skills.mp4	./how to improve dribbling/

[fsimilar] # S: [254 447].
### #99

100 87804785 The TRUTH about Soccer Moves _ How to dribble a soccer ball with the best soccer moves.mp4	./how to dribble a football/
100 87804785 The TRUTH about Soccer Moves _ How to dribble a soccer ball with the best soccer moves.mp4	./how to improve dribbling/

[fsimilar] # S: [256 450].
### #100

100 30423308 How to improve dribbling with ZERO effort _ Dribbling skills in soccer football and futsal.mp4	./how to dribble a football/
100 30423308 How to improve dribbling with ZERO effort _ Dribbling skills in soccer football and futsal.mp4	./how to improve dribbling/

[fsimilar] # S: [258 451].
### #101

100 38609964 How to Improve Your Dribbling Skills - Tutorial.mp4	./how to dribble a football/
100 38609964 How to Improve Your Dribbling Skills - Tutorial.mp4	./how to improve dribbling/

[fsimilar] # S: [259 531].
### #102

100 29474742 Football Dribble tricks control tutorial 1.mp4	./how to dribble a football/
 93 29474742 07 - Football Dribble tricks control tutorial 1.mp4	./how to control a football/

[fsimilar] # S: [269 459].
### #103

100 42389125 How to Improve Your Dribbling _ Tips.mp4	./how to dribble a football/
100 42389125 How to Improve Your Dribbling _ Tips.mp4	./how to improve dribbling/

[fsimilar] # S: [274 464].
### #104

100 57000132 How to Improve Your Dribbling Skills _ Training.mp4	./how to dribble a football/
100 57000132 How to Improve Your Dribbling Skills _ Training.mp4	./how to improve dribbling/

[fsimilar] # S: [280 499].
### #105

100 27907130 How To Dribble A Soccer Ball ► How To Dribble In Soccer ► Progressive Soccer Training.mp4	./how to dribble a football/
 98 27907130 13 - How To Dribble A Soccer Ball ► How To Dribble In Soccer ► Progressive Soccer Training.mp4	./how to control a soccer ball/

[fsimilar] # S: [289 506].
### #106

100 37796562 How to control the ball under pressure _ Soccer training drill _ 5-a-side.mp4	./how to shield a soccer ball/
 96 37796562 19 - How to control the ball under pressure _ Soccer training drill _ 5-a-side.mp4	./how to control a football/

[fsimilar] # S: [466 525].
### #107

100 73753178 04 - Juggling a Soccer Ball for Beginners _ Training.mp4	./how to control a soccer ball/
 88 73753178 14 - Juggling a Soccer Ball for Beginners _ Training.mp4	./how to control a football/

[fsimilar] # S: [474 507].
### #108

100 39757081 15 - Juan Mata & Ronaldinho Incredible 1st Touch Tutorial - Control A Football Tutorial.mp4	./how to control a soccer ball/
 93 39757081 08 - Juan Mata & Ronaldinho Incredible 1st Touch Tutorial - Control A Football Tutorial.mp4	./how to control a football/

[fsimilar] # S: [482 522].
### #109

100 33977676 25 - Amazing Ways To Control A Football! _ F2Freestylers.mp4	./how to control a soccer ball/
 89 33977676 05 - Amazing Ways To Control A Football! _ F2Freestylers.mp4	./how to control a football/

[fsimilar] # S: [503 510].
### #110

100 21987722 03 - How to Control the Ball After a Pass_Cross - Football Tutorial by freekickerz.mp4	./how to control a soccer ball/
 93 21987722 02 - How to Control the Ball After a Pass_Cross - Football Tutorial by freekickerz.mp4	./how to control a football/


