7433545 ./Soccer Tips & Soccer Advice/Soccer Tips - For Beginners.mp4
1628316 ./Soccer Tips & Soccer Advice/Soccer Tips - For Forwards.mp4
7806295 ./Soccer Tips & Soccer Advice/How To Play Good Defense In Soccer.mp4
6457466 ./Soccer Tips & Soccer Advice/Soccer Shooting Tips - How to kick a soccer ball.mp4
5443429 ./Soccer Tips & Soccer Advice/Soccer Positions Explained.mp4
5977829 ./Soccer Tips & Soccer Advice/Soccer Drills and Exercises For Youth.mp4
6463719 ./Soccer Tips & Soccer Advice/Soccer Tips - How To Be A Good Soccer Defender.mp4
4933599 ./Soccer Tips & Soccer Advice/Useful Soccer Defending Tips.mp4
4279640 ./Soccer Tips & Soccer Advice/Soccer Tips - How To Become A Better Soccer Player.mp4
4415741 ./Soccer Tips & Soccer Advice/How To Be More Confident In Soccer.mp4
5613774 ./Soccer Tips & Soccer Advice/Soccer Dribbling Tips - How to dribble fast.mp4
6195197 ./Soccer Tips & Soccer Advice/Soccer Tips - Soccer Defending Technique.mp4
5523065 ./Soccer Tips & Soccer Advice/Soccer Tips - From Pros.mp4
5462427 ./Soccer Tips & Soccer Advice/Soccer Tips - How To Be A Good Soccer Midfielder.mp4
5912685 ./Soccer Tips & Soccer Advice/Football Dribbling Tips.mp4
5973267 ./Soccer Tips & Soccer Advice/Football Dribbling Tips - How to dribble.mp4
4124350 ./Soccer Tips & Soccer Advice/Football Tips - For Beginners.mp4
6771263 ./Soccer Tips & Soccer Advice/Soccer Tips - How To Play Midfield.mp4
5122099 ./Soccer Tips & Soccer Advice/Soccer Dribbling Tips - How to dribble a ball.mp4
8373105 ./Soccer Tips & Soccer Advice/Soccer Tips - How To Play Defense In Soccer.mp4
9432351 ./Soccer Tips & Soccer Advice/How To Watch Soccer Online For Free.mp4
7466166 ./Soccer Tips & Soccer Advice/Football Tips - For Forwards.mp4
5600003 ./Soccer Tips & Soccer Advice/Soccer Tips - How To Play Forward.mp4
4455628 ./Soccer Tips & Soccer Advice/Soccer Training Guide.webm
3362485 ./Soccer Tips & Soccer Advice/Soccer Tips - How to be a Soccer Player.mp4
4924397 ./Soccer Tips & Soccer Advice/How To Play Soccer Midfielder Properly.mp4
3475782 ./Soccer Tips & Soccer Advice/Football Tips - For Youth.mp4
4956223 ./Soccer Tips & Soccer Advice/Soccer Shooting Tips - How to improve shot power.mp4
6443126 ./Soccer Tips & Soccer Advice/Soccer Shooting Tips - How to improve shot accuracy.mp4
5711932 ./Soccer Tips & Soccer Advice/Football Shooting Tips - How to kick a football hard.mp4
4148720 ./Soccer Tips & Soccer Advice/Soccer Dribbling Tips.mp4
2788847 ./Soccer Tips & Soccer Advice/Soccer Tips - Become A Better Player.mp4
3943764 ./Soccer Tips & Soccer Advice/Soccer Tips - How to play soccer.mp4
5805224 ./Soccer Tips & Soccer Advice/Soccer Tips - How to play midfielder.mp4
5882933 ./Soccer Tips & Soccer Advice/Soccer Tips - How To Prepare For A Soccer Game.mp4
7848231 ./Soccer Tips & Soccer Advice/Soccer Defending Tips - How to defend in Soccer.mp4
5617049 ./Soccer Tips & Soccer Advice/Soccer Tips - How to improve ball control.mp4
5088700 ./Soccer Tips & Soccer Advice/Soccer Foward Training To Score More Goals.mp4
6602383 ./Soccer Tips & Soccer Advice/Football Tips - How To Play Forward.mp4
4659545 ./Soccer Tips & Soccer Advice/Football Tips - From Pros.mp4
4090343 ./Soccer Tips & Soccer Advice/Football Tips - How to play football.mp4
5541961 ./Soccer Tips & Soccer Advice/Soccer Tips - Improve Soccer Skills.mp4
6147173 ./Soccer Tips & Soccer Advice/Football Tips - How To Play Midfield.mp4
5131092 ./Soccer Tips & Soccer Advice/Soccer Shooting Tips - How to Shoot a Soccer Ball.mp4
3995650 ./Soccer Tips & Soccer Advice/Football Tips - How to be a Footballer.mp4
13770039 ./How to improve Soccer passing & receiving skills/Learn How to Pass A Soccer Ball Like Xavi Hernandez - Soccer Success Secrets Preview.mp4
13599728 ./How to improve Soccer passing & receiving skills/Football Passing Drills.mp4
13295374 ./How to improve Soccer passing & receiving skills/Soccer Passing Drills For Youth.mp4
11155530 ./How to improve Soccer passing & receiving skills/Soccer Tips - How To Pass A Soccer Ball.mp4
11827630 ./How to improve Soccer passing & receiving skills/Soccer Passing Drills.mp4
4455628 ./How to improve Soccer passing & receiving skills/Soccer Training Guide.webm
7997569 ./How to improve Soccer passing & receiving skills/Soccer Ball Control Drills.mp4
8242852 ./How to improve Soccer passing & receiving skills/At Home Soccer Drills - Passing Drills For Soccer.mp4
6173393 ./How to improve Soccer passing & receiving skills/Soccer Passing Exercises.mp4
25235189 ./Your Guide To Every Position/5 - How To Play Winger Tutorial In Soccer.mp4
24436475 ./Your Guide To Every Position/3 - How To Play Defensive Midfielder In Football Tutorial.mp4
19337340 ./Your Guide To Every Position/4 - How To Play Attacking Midfielder Tutorial In Soccer.mp4
27784248 ./Your Guide To Every Position/6 - How To Play Striker In Soccer Tutorial.mp4
36342703 ./Your Guide To Every Position/2 - How To Play Fullback In Football Tutorial.mp4
32435757 ./Your Guide To Every Position/1 - How To Play Center Back Tutorial For Football.mp4
18225870 ./How to improve Soccer ball control skills/How To Do The Rainbow In Soccer.mp4
3368061 ./How to improve Soccer ball control skills/Best Soccer Ball Control Drills For Kids.mp4
9057984 ./How to improve Soccer ball control skills/How to improve football ball control #2.mp4
13807320 ./How to improve Soccer ball control skills/Freestyle Soccer Tricks.mp4
12146599 ./How to improve Soccer ball control skills/How To Control A Soccer Ball Like Zidane.mp4
9983695 ./How to improve Soccer ball control skills/How to improve football touch #6.mp4
11142887 ./How to improve Soccer ball control skills/Soccer Ball Control Exercises For Kids.mp4
6389206 ./How to improve Soccer ball control skills/How To Control A Football.mp4
8108581 ./How to improve Soccer ball control skills/At Home Soccer Drills - Ball Control Drills.mp4
5024852 ./How to improve Soccer ball control skills/At Home Soccer Drills - Side Flick Up Skills.mp4
10921944 ./How to improve Soccer ball control skills/How To Stall A Soccer Ball On Your Head.mp4
8598560 ./How to improve Soccer ball control skills/How To Control A Soccer Ball Like Ronaldinho.mp4
8146946 ./How to improve Soccer ball control skills/How to improve football juggling #4.mp4
8547326 ./How to improve Soccer ball control skills/How To Stall A Soccer Ball On Your Foot.mp4
14427058 ./How to improve Soccer ball control skills/How To Improve Soccer Touch #7.mp4
3952646 ./How to improve Soccer ball control skills/At Home Soccer Drills - Scoop Stall Skills.mp4
11781008 ./How to improve Soccer ball control skills/How to improve soccer ball control #3.mp4
7062781 ./How to improve Soccer ball control skills/How to Improve Soccer Ball Control - Soccer Training Drills.mp4
4455628 ./How to improve Soccer ball control skills/Soccer Training Guide.webm
11936817 ./How to improve Soccer ball control skills/How To Juggle A Soccer Ball Tutorial For Beginners.mp4
11886999 ./How to improve Soccer ball control skills/How To Control A Soccer Ball Out Of The Air.mp4
15529431 ./How to improve Soccer ball control skills/Soccer Drills For Kids - Improve First Touch.mp4
9516704 ./How to improve Soccer ball control skills/How To Improve First Touch In Soccer.mp4
6785805 ./How to improve Soccer ball control skills/How to juggle a soccer ball #1.mp4
11654072 ./How to improve Soccer ball control skills/Soccer Dribbling Moves.mp4
6217816 ./How to improve Soccer ball control skills/How To Stall A Soccer Ball On Your Neck.mp4
10738891 ./How to improve Soccer ball control skills/How To Improve Football Control.mp4
13599728 ./Youth Soccer Training Drills/Football Passing Drills.mp4
13295374 ./Youth Soccer Training Drills/Soccer Passing Drills For Youth.mp4
23688344 ./Youth Soccer Training Drills/Soccer Drills For Beginners.mp4
11827630 ./Youth Soccer Training Drills/Soccer Passing Drills.mp4
14469640 ./Youth Soccer Training Drills/Soccer Passing Drills For A Sunday Kickabout.mp4
18897144 ./Youth Soccer Training Drills/How To Improve Running Endurance and Stamina For Soccer.mp4
11650500 ./Youth Soccer Training Drills/Soccer Drills For Youth.mp4
4455628 ./Youth Soccer Training Drills/Soccer Training Guide.webm
7997569 ./Youth Soccer Training Drills/Soccer Ball Control Drills.mp4
10245175 ./Youth Soccer Training Drills/Soccer Drills And Exercises.mp4
26142540 ./Youth Soccer Training Drills/How To Warm Up For Soccer.mp4
15554942 ./Must Watch Tutorials/04 - Soccer Shooting Technique.mp4
10241361 ./Must Watch Tutorials/09 - How To Beat A Defender In Football.mp4
12369636 ./Must Watch Tutorials/03 - How To Defend In Soccer.mp4
11936817 ./Must Watch Tutorials/10 - How To Juggle A Soccer Ball Tutorial For Beginners.mp4
18744572 ./Must Watch Tutorials/05 - Long Passing Football or Soccer Tutorial.mp4
33780753 ./Must Watch Tutorials/02 - How To Head A Soccer Ball Tutorial.mp4
50859146 ./Must Watch Tutorials/01 - How To Receive A Soccer Pass Tutorial.mp4
12897051 ./Must Watch Tutorials/06 - Soccer Kick Training Video.mp4
18755502 ./Must Watch Tutorials/07 - How To Take a Penalty Kick In Soccer or Football.mp4
20831801 ./Must Watch Tutorials/08 - How To Run Faster In Football.mp4
12146599 ./Try These Soccer Drills/How To Control A Soccer Ball Like Zidane.mp4
8533396 ./Try These Soccer Drills/Soccer Skills Training For Advanced Players.mp4
9710216 ./Try These Soccer Drills/Soccer Passing Drills For Youth.mp4
8895724 ./Try These Soccer Drills/Improve Soccer Dribbling - Soccer Dribbling Drills - The Soccer Essentials.mp4
14980304 ./Try These Soccer Drills/How To Improve Soccer Speed Agility and Quickness.mp4
9042503 ./Try These Soccer Drills/How To Do 1v1 Soccer Moves.mp4
7062781 ./Try These Soccer Drills/How to Improve Soccer Ball Control - Soccer Training Drills.mp4
10043873 ./Try These Soccer Drills/Improve Soccer Shooting Technique.mp4
18035710 ./Try These Soccer Drills/Agility Exercises and Agility Drills For Soccer.mp4
22221368 ./Try These Soccer Drills/Strength Exercises for Soccer Players.mp4
17960558 ./Start By Watching These Videos/02 - How To Play Football.mp4
18942706 ./Start By Watching These Videos/01 - The Video Every Soccer or Football Player Must Watch.mp4
19857544 ./Start By Watching These Videos/08 - How To Play Football Quicker.mp4
15524654 ./Start By Watching These Videos/03 - How Do You Play Soccer Better.mp4
21411377 ./Start By Watching These Videos/07 - 5 Soccer Drills Every Soccer Player Must Practice To Improve.mp4
18871217 ./Start By Watching These Videos/10 - Off The Ball Movement Tutorial For Soccer.mp4
10647101 ./Start By Watching These Videos/05 - 5 Soccer Tips For On Field Success.mp4
29790307 ./Start By Watching These Videos/09 - One Touch Football Tutorial - Play Like Barcelona.mp4
8659538 ./Start By Watching These Videos/06 - 5 Football Tips For Success.mp4
16543102 ./Start By Watching These Videos/04 - How To Play Soccer.mp4
20096681 ./How to improve Soccer shooting skills & finishing/Soccer Shooting Drills and Tutorial.mp4
5602684 ./How to improve Soccer shooting skills & finishing/How To Score Goals In Soccer.mp4
8848963 ./How to improve Soccer shooting skills & finishing/How To Shoot A Soccer Ball.mp4
10198389 ./How to improve Soccer shooting skills & finishing/How To Improve Soccer Shooting Accuracy.mp4
14437116 ./How to improve Soccer shooting skills & finishing/Soccer Forward Tips - How To Score More Goals.mp4
11075861 ./How to improve Soccer shooting skills & finishing/Soccer Shooting Drills For Youth.mp4
4455628 ./How to improve Soccer shooting skills & finishing/Soccer Training Guide.webm
9188090 ./How to improve Soccer shooting skills & finishing/Football shooting drills.mp4
10208226 ./Top Soccer Training Videos/How To Dribble A Soccer Ball.mp4
11142887 ./Top Soccer Training Videos/Soccer Ball Control Exercises For Kids.mp4
20096681 ./Top Soccer Training Videos/Soccer Shooting Drills and Tutorial.mp4
7714251 ./Top Soccer Training Videos/1v1 Soccer Moves - Elastico Tutorial.mp4
9255149 ./Top Soccer Training Videos/How To Improve Soccer Speed and Acceleration.mp4
6389206 ./Top Soccer Training Videos/How To Control A Football.mp4
5973267 ./Top Soccer Training Videos/Football Dribbling Tips - How to dribble.mp4
3256295 ./Top Soccer Training Videos/Powerful Tips to Improve Soccer Football Dribbling.mp4
8895724 ./Top Soccer Training Videos/Improve Soccer Dribbling - Soccer Dribbling Drills - The Soccer Essentials.mp4
10198389 ./Top Soccer Training Videos/How To Improve Soccer Shooting Accuracy.mp4
7734302 ./Top Soccer Training Videos/How To Do Around The World Soccer Football Juggling Move - ATW.mp4
11650500 ./Top Soccer Training Videos/Soccer Drills For Youth.mp4
9042503 ./Top Soccer Training Videos/How To Do 1v1 Soccer Moves.mp4
7062781 ./Top Soccer Training Videos/How to Improve Soccer Ball Control - Soccer Training Drills.mp4
4455628 ./Top Soccer Training Videos/Soccer Training Guide.webm
7997569 ./Top Soccer Training Videos/Soccer Ball Control Drills.mp4
10043873 ./Top Soccer Training Videos/Improve Soccer Shooting Technique.mp4
11886999 ./Top Soccer Training Videos/How To Control A Soccer Ball Out Of The Air.mp4
12105912 ./Top Soccer Training Videos/Strength and Power Workout for Soccer Players - The Soccer Essentials.mp4
15189628 ./Top Soccer Training Videos/Soccer Cool Down.mp4
8949123 ./Top Soccer Training Videos/How to Improve your Soccer Dribbling Skills At Home.mp4
5805224 ./Top Soccer Training Videos/Soccer Tips - How to play midfielder.mp4
12977783 ./Top Soccer Training Videos/Soccer Dribbling Drills - Soccer Footwork.mp4
10738891 ./Top Soccer Training Videos/How To Improve Football Control.mp4
4090343 ./Top Soccer Training Videos/Football Tips - How to play football.mp4
11474273 ./Top Soccer Training Videos/How To Beat A Defender In Soccer.mp4
5131092 ./Top Soccer Training Videos/Soccer Shooting Tips - How to Shoot a Soccer Ball.mp4
14945052 ./How to improve Soccer conditioning & Soccer fitness/10 - Soccer Workouts.mp4
10252959 ./How to improve Soccer conditioning & Soccer fitness/18 - Professional Soccer Stretches.webm
14654522 ./How to improve Soccer conditioning & Soccer fitness/11 - Soccer Workouts At Home.mp4
8879105 ./How to improve Soccer conditioning & Soccer fitness/16 - Dynamic Stretching for Soccer.mp4
18897144 ./How to improve Soccer conditioning & Soccer fitness/23 - How To Improve Running Endurance and Stamina For Soccer.mp4
7290897 ./How to improve Soccer conditioning & Soccer fitness/17 - Soccer Speed Drills.webm
30648462 ./How to improve Soccer conditioning & Soccer fitness/21 - Soccer Nutrition.mp4
47472507 ./How to improve Soccer conditioning & Soccer fitness/19 - Soccer Fitness Guide To Improve Strength and Speed.mp4
5443429 ./How to improve Soccer conditioning & Soccer fitness/22 - Soccer Positions Explained.mp4
16822993 ./How to improve Soccer conditioning & Soccer fitness/12 - Soccer Strength Training.mp4
16505362 ./How to improve Soccer conditioning & Soccer fitness/02 - At Home Soccer Drills - How To Improve Strength.mp4
9684573 ./How to improve Soccer conditioning & Soccer fitness/25 - How To Improve Soccer Fitness.mp4
13659133 ./How to improve Soccer conditioning & Soccer fitness/07 - Soccer Workouts For Strength.mp4
3587425 ./How to improve Soccer conditioning & Soccer fitness/14 - How To Improve Soccer Speed and Quickness.mp4
13332956 ./How to improve Soccer conditioning & Soccer fitness/06 - Soccer Speed Training.mp4
21698705 ./How to improve Soccer conditioning & Soccer fitness/27 - How To Improve Flexibility For Soccer Beginners.mp4
11012967 ./How to improve Soccer conditioning & Soccer fitness/01 - At Home Soccer Drills - Improve Endurance.mp4
22069657 ./How to improve Soccer conditioning & Soccer fitness/29 - How To Improve Strength And Stability.mp4
15189628 ./How to improve Soccer conditioning & Soccer fitness/08 - Soccer Cool Down.mp4
22365457 ./How to improve Soccer conditioning & Soccer fitness/30 - How To Improve Soccer Speed and Acceleration.mp4
26142540 ./How to improve Soccer conditioning & Soccer fitness/24 - How To Warm Up For Soccer.mp4
11211542 ./How to improve Soccer conditioning & Soccer fitness/13 - Best Soccer Stretches.mp4
15689042 ./How to improve Soccer conditioning & Soccer fitness/09 - Soccer Warm Up.mp4
14980304 ./How to improve Soccer conditioning & Soccer fitness/28 - How To Improve Soccer Speed Agility and Quickness.mp4
18537569 ./How to improve Soccer conditioning & Soccer fitness/31 - How To Improve Vertical Jump.mp4
4455628 ./How to improve Soccer conditioning & Soccer fitness/32 - Soccer Training Guide.webm
8539399 ./How to improve Soccer conditioning & Soccer fitness/26 - How To Improve Football Speed And Endurance.mp4
4279210 ./How to improve Soccer conditioning & Soccer fitness/15 - Soccer Plyometrics.mp4
14137332 ./How to improve Soccer conditioning & Soccer fitness/04 - Soccer warm up drills.mp4
9255149 ./How to improve Soccer conditioning & Soccer fitness/03 - How To Improve Soccer Speed and Acceleration.mp4
16307976 ./How to improve Soccer conditioning & Soccer fitness/20 - Soccer Workouts for strength and speed.mp4
23183543 ./How to improve Soccer conditioning & Soccer fitness/05 - Soccer Fitness Training Drills For Youth.mp4
7722313 ./At Home Soccer Training Drills/05 - At Home Soccer Training Drills - How to improve soccer dribbling skills.mp4
5236418 ./At Home Soccer Training Drills/17 - At Home Soccer Drills - Advanced Drag Back Skills.mp4
3487644 ./At Home Soccer Training Drills/11 - At Home Soccer Drills - Push and Pull Skills.mp4
8108581 ./At Home Soccer Training Drills/08 - At Home Soccer Drills - Ball Control Drills.mp4
10309616 ./At Home Soccer Training Drills/04 - Soccer Dribbling Drills At Home.mp4
3765516 ./At Home Soccer Training Drills/19 - At Home Soccer Drills - Brazilian Skills.mp4
11134128 ./At Home Soccer Training Drills/03 - Calgary Soccer.mp4
3487358 ./At Home Soccer Training Drills/12 - At Home Soccer Drills - Cuts and V Turns.mp4
5040474 ./At Home Soccer Training Drills/16 - At Home Soccer Drills - Side Touch Skills.mp4
3952646 ./At Home Soccer Training Drills/14 - At Home Soccer Drills - Scoop Stall Skills.mp4
16505362 ./At Home Soccer Training Drills/06 - At Home Soccer Drills - How To Improve Strength.mp4
8242852 ./At Home Soccer Training Drills/07 - At Home Soccer Drills - Passing Drills For Soccer.mp4
4206289 ./At Home Soccer Training Drills/10 - At Home Soccer Drills - Scissor To Step Over.mp4
8949123 ./At Home Soccer Training Drills/02 - How to Improve your Soccer Dribbling Skills At Home.mp4
4550201 ./At Home Soccer Training Drills/09 - At Home Soccer Drills - Cut and Turn Skills.mp4
5024852 ./At Home Soccer Training Drills/15 - At Home Soccer Drills - Side Flick Up Skills.mp4
4455628 ./At Home Soccer Training Drills/20 - Soccer Training Guide.webm
11211542 ./At Home Soccer Training Drills/01 - Best Soccer Stretches.mp4
11012967 ./At Home Soccer Training Drills/13 - At Home Soccer Drills - Improve Endurance.mp4
4972074 ./At Home Soccer Training Drills/18 - At Home Soccer Drills - Roll Over To Chop Skills.mp4
10208226 ./How to improve Soccer dribbling skills and fast footwork/How To Dribble A Soccer Ball.mp4
4206289 ./How to improve Soccer dribbling skills and fast footwork/At Home Soccer Drills - Scissor To Step Over.mp4
7714251 ./How to improve Soccer dribbling skills and fast footwork/1v1 Soccer Moves - Elastico Tutorial.mp4
3487358 ./How to improve Soccer dribbling skills and fast footwork/At Home Soccer Drills - Cuts and V Turns.mp4
3487644 ./How to improve Soccer dribbling skills and fast footwork/At Home Soccer Drills - Push and Pull Skills.mp4
4550201 ./How to improve Soccer dribbling skills and fast footwork/At Home Soccer Drills - Cut and Turn Skills.mp4
5236418 ./How to improve Soccer dribbling skills and fast footwork/At Home Soccer Drills - Advanced Drag Back Skills.mp4
9042503 ./How to improve Soccer dribbling skills and fast footwork/How To Do 1v1 Soccer Moves.mp4
4455628 ./How to improve Soccer dribbling skills and fast footwork/Soccer Training Guide.webm
7722313 ./How to improve Soccer dribbling skills and fast footwork/At Home Soccer Training Drills - How to improve soccer dribbling skills.mp4
5040474 ./How to improve Soccer dribbling skills and fast footwork/At Home Soccer Drills - Side Touch Skills.mp4
4972074 ./How to improve Soccer dribbling skills and fast footwork/At Home Soccer Drills - Roll Over To Chop Skills.mp4
7475135 ./How to improve Soccer dribbling skills and fast footwork/How To Do Soccer Moves.mp4
3765516 ./How to improve Soccer dribbling skills and fast footwork/At Home Soccer Drills - Brazilian Skills.mp4
15733350 ./How to improve Soccer dribbling skills and fast footwork/How To Dribble A Soccer Ball Like Lionel Messi.mp4
8949123 ./How to improve Soccer dribbling skills and fast footwork/How to Improve your Soccer Dribbling Skills At Home.mp4
12080903 ./How to improve Soccer dribbling skills and fast footwork/How to dribble a football.mp4
11654072 ./How to improve Soccer dribbling skills and fast footwork/Soccer Dribbling Moves.mp4
12977783 ./How to improve Soccer dribbling skills and fast footwork/Soccer Dribbling Drills - Soccer Footwork.mp4
11474273 ./How to improve Soccer dribbling skills and fast footwork/How To Beat A Defender In Soccer.mp4
5751917 ./How to improve Soccer dribbling skills and fast footwork/Soccer Dribbling Drills.mp4
5569413 ./How to improve Soccer dribbling skills and fast footwork/Soccer Dribbling Moves Tutorial.mp4
