[fsimilar]  n='Soccer Tips - For Beginners', e='.mp4', s='7433545', d='./Soccer Tips & Soccer Advice/'
[fsimilar] +: Simhash of 16049693262409447342 added.
[fsimilar]  n='Soccer Tips - For Forwards', e='.mp4', s='1628316', d='./Soccer Tips & Soccer Advice/'
[fsimilar] +: Simhash of 15591320058994702015 added.
[fsimilar]  n='How To Play Good Defense In Soccer', e='.mp4', s='7806295', d='./Soccer Tips & Soccer Advice/'
[fsimilar] +: Simhash of 13308238151522392830 added.
[fsimilar]  n='Soccer Shooting Tips - How to kick a soccer ball', e='.mp4', s='6457466', d='./Soccer Tips & Soccer Advice/'
[fsimilar] +: Simhash of 16871388538078705182 added.
[fsimilar]  n='Soccer Positions Explained', e='.mp4', s='5443429', d='./Soccer Tips & Soccer Advice/'
[fsimilar] +: Simhash of 17490360155018979853 added.
[fsimilar]  n='Soccer Drills and Exercises For Youth', e='.mp4', s='5977829', d='./Soccer Tips & Soccer Advice/'
[fsimilar] +: Simhash of 15778887670310975406 added.
[fsimilar]  n='Soccer Tips - How To Be A Good Soccer Defender', e='.mp4', s='6463719', d='./Soccer Tips & Soccer Advice/'
[fsimilar] +: Simhash of 11111082003884881626 added.
[fsimilar]  n='Useful Soccer Defending Tips', e='.mp4', s='4933599', d='./Soccer Tips & Soccer Advice/'
[fsimilar] +: Simhash of 12626824209421516479 added.
[fsimilar]  n='Soccer Tips - How To Become A Better Soccer Player', e='.mp4', s='4279640', d='./Soccer Tips & Soccer Advice/'
[fsimilar] +: Simhash of 10957959616818132618 added.
[fsimilar]  n='How To Be More Confident In Soccer', e='.mp4', s='4415741', d='./Soccer Tips & Soccer Advice/'
[fsimilar] +: Simhash of 5202316205899854382 added.
[fsimilar]  n='Soccer Dribbling Tips - How to dribble fast', e='.mp4', s='5613774', d='./Soccer Tips & Soccer Advice/'
[fsimilar] +: Simhash of 9801650791436204697 added.
[fsimilar]  n='Soccer Tips - Soccer Defending Technique', e='.mp4', s='6195197', d='./Soccer Tips & Soccer Advice/'
[fsimilar] +: Simhash of 12264283325544021645 added.
[fsimilar]  n='Soccer Tips - From Pros', e='.mp4', s='5523065', d='./Soccer Tips & Soccer Advice/'
[fsimilar] +: Simhash of 12561515171732732717 added.
[fsimilar]  n='Soccer Tips - How To Be A Good Soccer Midfielder', e='.mp4', s='5462427', d='./Soccer Tips & Soccer Advice/'
[fsimilar] +: Simhash of 16875687181866972890 added.
[fsimilar]  n='Football Dribbling Tips', e='.mp4', s='5912685', d='./Soccer Tips & Soccer Advice/'
[fsimilar] +: Simhash of 9945731305693588218 added.
[fsimilar]  n='Football Dribbling Tips - How to dribble', e='.mp4', s='5973267', d='./Soccer Tips & Soccer Advice/'
[fsimilar] +: Simhash of 9801615508011433727 added.
[fsimilar]  n='Football Tips - For Beginners', e='.mp4', s='4124350', d='./Soccer Tips & Soccer Advice/'
[fsimilar] +: Simhash of 16037307125946742766 added.
[fsimilar]  n='Soccer Tips - How To Play Midfield', e='.mp4', s='6771263', d='./Soccer Tips & Soccer Advice/'
[fsimilar] +: Simhash of 18199880068402976511 added.
[fsimilar]  n='Soccer Dribbling Tips - How to dribble a ball', e='.mp4', s='5122099', d='./Soccer Tips & Soccer Advice/'
[fsimilar] +: Simhash of 10243005788634953406 added.
[fsimilar]  n='Soccer Tips - How To Play Defense In Soccer', e='.mp4', s='8373105', d='./Soccer Tips & Soccer Advice/'
[fsimilar] +: Simhash of 13272809825291419327 added.
[fsimilar]  n='How To Watch Soccer Online For Free', e='.mp4', s='9432351', d='./Soccer Tips & Soccer Advice/'
[fsimilar] +: Simhash of 6396042881295591022 added.
[fsimilar]  n='Football Tips - For Forwards', e='.mp4', s='7466166', d='./Soccer Tips & Soccer Advice/'
[fsimilar] +: Simhash of 15591303564172539327 added.
[fsimilar]  n='Soccer Tips - How To Play Forward', e='.mp4', s='5600003', d='./Soccer Tips & Soccer Advice/'
[fsimilar] +: Simhash of 14742249975636235967 added.
[fsimilar]  n='Soccer Training Guide', e='.webm', s='4455628', d='./Soccer Tips & Soccer Advice/'
[fsimilar] +: Simhash of 17452081549050421519 added.
[fsimilar]  n='Soccer Tips - How to be a Soccer Player', e='.mp4', s='3362485', d='./Soccer Tips & Soccer Advice/'
[fsimilar] =: Simhash of 15722767885141751518 ignored for 11111082003884881626 (4).
[fsimilar]  n='How To Play Soccer Midfielder Properly', e='.mp4', s='4924397', d='./Soccer Tips & Soccer Advice/'
[fsimilar] +: Simhash of 17182072693949667070 added.
[fsimilar]  n='Football Tips - For Youth', e='.mp4', s='3475782', d='./Soccer Tips & Soccer Advice/'
[fsimilar] +: Simhash of 16899720218311882734 added.
[fsimilar]  n='Soccer Shooting Tips - How to improve shot power', e='.mp4', s='4956223', d='./Soccer Tips & Soccer Advice/'
[fsimilar] +: Simhash of 15723885435633480671 added.
[fsimilar]  n='Soccer Shooting Tips - How to improve shot accuracy', e='.mp4', s='6443126', d='./Soccer Tips & Soccer Advice/'
[fsimilar] +: Simhash of 15722724076409010175 added.
[fsimilar]  n='Football Shooting Tips - How to kick a football hard', e='.mp4', s='5711932', d='./Soccer Tips & Soccer Advice/'
[fsimilar] +: Simhash of 16728380351558415358 added.
[fsimilar]  n='Soccer Dribbling Tips', e='.mp4', s='4148720', d='./Soccer Tips & Soccer Advice/'
[fsimilar] +: Simhash of 9959278418532837912 added.
[fsimilar]  n='Soccer Tips - Become A Better Player', e='.mp4', s='2788847', d='./Soccer Tips & Soccer Advice/'
[fsimilar] +: Simhash of 11390517391084861098 added.
[fsimilar]  n='Soccer Tips - How to play soccer', e='.mp4', s='3943764', d='./Soccer Tips & Soccer Advice/'
[fsimilar] =: Simhash of 17884495878011434687 ignored for 13272809825291419327 (4).
[fsimilar]  n='Soccer Tips - How to play midfielder', e='.mp4', s='5805224', d='./Soccer Tips & Soccer Advice/'
[fsimilar] +: Simhash of 17028809749989111551 added.
[fsimilar]  n='Soccer Tips - How To Prepare For A Soccer Game', e='.mp4', s='5882933', d='./Soccer Tips & Soccer Advice/'
[fsimilar] +: Simhash of 15583429138583729854 added.
[fsimilar]  n='Soccer Defending Tips - How to defend in Soccer', e='.mp4', s='7848231', d='./Soccer Tips & Soccer Advice/'
[fsimilar] +: Simhash of 17884495710507448029 added.
[fsimilar]  n='Soccer Tips - How to improve ball control', e='.mp4', s='5617049', d='./Soccer Tips & Soccer Advice/'
[fsimilar] +: Simhash of 11102013267681687070 added.
[fsimilar]  n='Soccer Foward Training To Score More Goals', e='.mp4', s='5088700', d='./Soccer Tips & Soccer Advice/'
[fsimilar] +: Simhash of 9960615700490495658 added.
[fsimilar]  n='Football Tips - How To Play Forward', e='.mp4', s='6602383', d='./Soccer Tips & Soccer Advice/'
[fsimilar] +: Simhash of 14737710233859069695 added.
[fsimilar]  n='Football Tips - From Pros', e='.mp4', s='4659545', d='./Soccer Tips & Soccer Advice/'
[fsimilar] +: Simhash of 12562621280430275567 added.
[fsimilar]  n='Football Tips - How to play football', e='.mp4', s='4090343', d='./Soccer Tips & Soccer Advice/'
[fsimilar] +: Simhash of 16719153332279261183 added.
[fsimilar]  n='Soccer Tips - Improve Soccer Skills', e='.mp4', s='5541961', d='./Soccer Tips & Soccer Advice/'
[fsimilar] +: Simhash of 16002273224143153679 added.
[fsimilar]  n='Football Tips - How To Play Midfield', e='.mp4', s='6147173', d='./Soccer Tips & Soccer Advice/'
[fsimilar] =: Simhash of 17048083364191344639 ignored for 18199880068402976511 (5).
[fsimilar]  n='Soccer Shooting Tips - How to Shoot a Soccer Ball', e='.mp4', s='5131092', d='./Soccer Tips & Soccer Advice/'
[fsimilar] +: Simhash of 12264276213145745054 added.
[fsimilar]  n='Football Tips - How to be a Footballer', e='.mp4', s='3995650', d='./Soccer Tips & Soccer Advice/'
[fsimilar] +: Simhash of 577151574821517054 added.
[fsimilar]  n='Learn How to Pass A Soccer Ball Like Xavi Hernandez - Soccer Success Secrets Preview', e='.mp4', s='13770039', d='./How to improve Soccer passing & receiving skills/'
[fsimilar] +: Simhash of 13277691965806162870 added.
[fsimilar]  n='Football Passing Drills', e='.mp4', s='13599728', d='./How to improve Soccer passing & receiving skills/'
[fsimilar] +: Simhash of 3354442631533840778 added.
[fsimilar]  n='Soccer Passing Drills For Youth', e='.mp4', s='13295374', d='./How to improve Soccer passing & receiving skills/'
[fsimilar] +: Simhash of 18053206583791399694 added.
[fsimilar]  n='Soccer Tips - How To Pass A Soccer Ball', e='.mp4', s='11155530', d='./How to improve Soccer passing & receiving skills/'
[fsimilar] +: Simhash of 12553632772940314270 added.
[fsimilar]  n='Soccer Passing Drills', e='.mp4', s='11827630', d='./How to improve Soccer passing & receiving skills/'
[fsimilar] +: Simhash of 13735239702301117322 added.
[fsimilar]  n='Soccer Training Guide', e='.webm', s='4455628', d='./How to improve Soccer passing & receiving skills/'
[fsimilar] =: Simhash of 17452081549050421519 ignored for 17452081549050421519 (0).
[fsimilar]  n='Soccer Ball Control Drills', e='.mp4', s='7997569', d='./How to improve Soccer passing & receiving skills/'
[fsimilar] +: Simhash of 13735837846405070110 added.
[fsimilar]  n='At Home Soccer Drills - Passing Drills For Soccer', e='.mp4', s='8242852', d='./How to improve Soccer passing & receiving skills/'
[fsimilar] +: Simhash of 18068265494860873614 added.
[fsimilar]  n='Soccer Passing Exercises', e='.mp4', s='6173393', d='./How to improve Soccer passing & receiving skills/'
[fsimilar] +: Simhash of 16949708640989520778 added.
[fsimilar]  n='5 - How To Play Winger Tutorial In Soccer', e='.mp4', s='25235189', d='./Your Guide To Every Position/'
[fsimilar] +: Simhash of 15614788172180567807 added.
[fsimilar]  n='3 - How To Play Defensive Midfielder In Football Tutorial', e='.mp4', s='24436475', d='./Your Guide To Every Position/'
[fsimilar] +: Simhash of 14718569651588773614 added.
[fsimilar]  n='4 - How To Play Attacking Midfielder Tutorial In Soccer', e='.mp4', s='19337340', d='./Your Guide To Every Position/'
[fsimilar] +: Simhash of 14727438273774039723 added.
[fsimilar]  n='6 - How To Play Striker In Soccer Tutorial', e='.mp4', s='27784248', d='./Your Guide To Every Position/'
[fsimilar] =: Simhash of 15916529355837880063 ignored for 15614788172180567807 (5).
[fsimilar]  n='2 - How To Play Fullback In Football Tutorial', e='.mp4', s='36342703', d='./Your Guide To Every Position/'
[fsimilar] +: Simhash of 12151520063296058111 added.
[fsimilar]  n='1 - How To Play Center Back Tutorial For Football', e='.mp4', s='32435757', d='./Your Guide To Every Position/'
[fsimilar] +: Simhash of 14700555521497962414 added.
[fsimilar]  n='How To Do The Rainbow In Soccer', e='.mp4', s='18225870', d='./How to improve Soccer ball control skills/'
[fsimilar] +: Simhash of 14425687203389321964 added.
[fsimilar]  n='Best Soccer Ball Control Drills For Kids', e='.mp4', s='3368061', d='./How to improve Soccer ball control skills/'
[fsimilar] +: Simhash of 13441863071752784906 added.
[fsimilar]  n='How to improve football ball control #2', e='.mp4', s='9057984', d='./How to improve Soccer ball control skills/'
[fsimilar] +: Simhash of 3027060028881450494 added.
[fsimilar]  n='Freestyle Soccer Tricks', e='.mp4', s='13807320', d='./How to improve Soccer ball control skills/'
[fsimilar] +: Simhash of 18060366018711986220 added.
[fsimilar]  n='How To Control A Soccer Ball Like Zidane', e='.mp4', s='12146599', d='./How to improve Soccer ball control skills/'
[fsimilar] +: Simhash of 18037592977447794620 added.
[fsimilar]  n='How to improve football touch #6', e='.mp4', s='9983695', d='./How to improve Soccer ball control skills/'
[fsimilar] +: Simhash of 6774501315416113151 added.
[fsimilar]  n='Soccer Ball Control Exercises For Kids', e='.mp4', s='11142887', d='./How to improve Soccer ball control skills/'
[fsimilar] +: Simhash of 18049274188913913134 added.
[fsimilar]  n='How To Control A Football', e='.mp4', s='6389206', d='./How to improve Soccer ball control skills/'
[fsimilar] +: Simhash of 12268444255005644798 added.
[fsimilar]  n='At Home Soccer Drills - Ball Control Drills', e='.mp4', s='8108581', d='./How to improve Soccer ball control skills/'
[fsimilar] +: Simhash of 3611064117558983950 added.
[fsimilar]  n='At Home Soccer Drills - Side Flick Up Skills', e='.mp4', s='5024852', d='./How to improve Soccer ball control skills/'
[fsimilar] +: Simhash of 15578927063857049518 added.
[fsimilar]  n='How To Stall A Soccer Ball On Your Head', e='.mp4', s='10921944', d='./How to improve Soccer ball control skills/'
[fsimilar] +: Simhash of 7517180948560688766 added.
[fsimilar]  n='How To Control A Soccer Ball Like Ronaldinho', e='.mp4', s='8598560', d='./How to improve Soccer ball control skills/'
[fsimilar] =: Simhash of 13425924551205918716 ignored for 18037592977447794620 (5).
[fsimilar]  n='How to improve football juggling #4', e='.mp4', s='8146946', d='./How to improve Soccer ball control skills/'
[fsimilar] +: Simhash of 9108491891800489983 added.
[fsimilar]  n='How To Stall A Soccer Ball On Your Foot', e='.mp4', s='8547326', d='./How to improve Soccer ball control skills/'
[fsimilar] +: Simhash of 608060985588790780 added.
[fsimilar]  n='How To Improve Soccer Touch #7', e='.mp4', s='14427058', d='./How to improve Soccer ball control skills/'
[fsimilar] +: Simhash of 16011420636900442110 added.
[fsimilar]  n='At Home Soccer Drills - Scoop Stall Skills', e='.mp4', s='3952646', d='./How to improve Soccer ball control skills/'
[fsimilar] +: Simhash of 6354877247305825583 added.
[fsimilar]  n='How to improve soccer ball control #3', e='.mp4', s='11781008', d='./How to improve Soccer ball control skills/'
[fsimilar] +: Simhash of 13403352676989875996 added.
[fsimilar]  n='How to Improve Soccer Ball Control - Soccer Training Drills', e='.mp4', s='7062781', d='./How to improve Soccer ball control skills/'
[fsimilar] +: Simhash of 13410125625600126238 added.
[fsimilar]  n='Soccer Training Guide', e='.webm', s='4455628', d='./How to improve Soccer ball control skills/'
[fsimilar] =: Simhash of 17452081549050421519 ignored for 17452081549050421519 (0).
[fsimilar]  n='How To Juggle A Soccer Ball Tutorial For Beginners', e='.mp4', s='11936817', d='./How to improve Soccer ball control skills/'
[fsimilar] +: Simhash of 15610591336330376894 added.
[fsimilar]  n='How To Control A Soccer Ball Out Of The Air', e='.mp4', s='11886999', d='./How to improve Soccer ball control skills/'
[fsimilar] +: Simhash of 15618139484729325438 added.
[fsimilar]  n='Soccer Drills For Kids - Improve First Touch', e='.mp4', s='15529431', d='./How to improve Soccer ball control skills/'
[fsimilar] +: Simhash of 15171393737040604202 added.
[fsimilar]  n='How To Improve First Touch In Soccer', e='.mp4', s='9516704', d='./How to improve Soccer ball control skills/'
[fsimilar] +: Simhash of 6346238263632277116 added.
[fsimilar]  n='How to juggle a soccer ball #1', e='.mp4', s='6785805', d='./How to improve Soccer ball control skills/'
[fsimilar] +: Simhash of 12277716780721583806 added.
[fsimilar]  n='Soccer Dribbling Moves', e='.mp4', s='11654072', d='./How to improve Soccer ball control skills/'
[fsimilar] +: Simhash of 11143874568710335052 added.
[fsimilar]  n='How To Stall A Soccer Ball On Your Neck', e='.mp4', s='6217816', d='./How to improve Soccer ball control skills/'
[fsimilar] =: Simhash of 2905494930141689724 ignored for 7517180948560688766 (4).
[fsimilar]  n='How To Improve Football Control', e='.mp4', s='10738891', d='./How to improve Soccer ball control skills/'
[fsimilar] +: Simhash of 6521853322474491390 added.
[fsimilar]  n='Football Passing Drills', e='.mp4', s='13599728', d='./Youth Soccer Training Drills/'
[fsimilar] =: Simhash of 3354442631533840778 ignored for 3354442631533840778 (0).
[fsimilar]  n='Soccer Passing Drills For Youth', e='.mp4', s='13295374', d='./Youth Soccer Training Drills/'
[fsimilar] =: Simhash of 18053206583791399694 ignored for 18053206583791399694 (0).
[fsimilar]  n='Soccer Drills For Beginners', e='.mp4', s='23688344', d='./Youth Soccer Training Drills/'
[fsimilar] +: Simhash of 16045199146740957070 added.
[fsimilar]  n='Soccer Passing Drills', e='.mp4', s='11827630', d='./Youth Soccer Training Drills/'
[fsimilar] =: Simhash of 13735239702301117322 ignored for 13735239702301117322 (0).
[fsimilar]  n='Soccer Passing Drills For A Sunday Kickabout', e='.mp4', s='14469640', d='./Youth Soccer Training Drills/'
[fsimilar] +: Simhash of 13802406942137723786 added.
[fsimilar]  n='How To Improve Running Endurance and Stamina For Soccer', e='.mp4', s='18897144', d='./Youth Soccer Training Drills/'
[fsimilar] +: Simhash of 15623644720458053244 added.
[fsimilar]  n='Soccer Drills For Youth', e='.mp4', s='11650500', d='./Youth Soccer Training Drills/'
[fsimilar] +: Simhash of 18062776733066936110 added.
[fsimilar]  n='Soccer Training Guide', e='.webm', s='4455628', d='./Youth Soccer Training Drills/'
[fsimilar] =: Simhash of 17452081549050421519 ignored for 17452081549050421519 (0).
[fsimilar]  n='Soccer Ball Control Drills', e='.mp4', s='7997569', d='./Youth Soccer Training Drills/'
[fsimilar] =: Simhash of 13735837846405070110 ignored for 13735837846405070110 (0).
[fsimilar]  n='Soccer Drills And Exercises', e='.mp4', s='10245175', d='./Youth Soccer Training Drills/'
[fsimilar] +: Simhash of 15780048754455654314 added.
[fsimilar]  n='How To Warm Up For Soccer', e='.mp4', s='26142540', d='./Youth Soccer Training Drills/'
[fsimilar] +: Simhash of 15596764986337859502 added.
[fsimilar]  n='04 - Soccer Shooting Technique', e='.mp4', s='15554942', d='./Must Watch Tutorials/'
[fsimilar] +: Simhash of 16877237910277970717 added.
[fsimilar]  n='09 - How To Beat A Defender In Football', e='.mp4', s='10241361', d='./Must Watch Tutorials/'
[fsimilar] +: Simhash of 754035521093316604 added.
[fsimilar]  n='03 - How To Defend In Soccer', e='.mp4', s='12369636', d='./Must Watch Tutorials/'
[fsimilar] +: Simhash of 15578758185726184188 added.
[fsimilar]  n='10 - How To Juggle A Soccer Ball Tutorial For Beginners', e='.mp4', s='11936817', d='./Must Watch Tutorials/'
[fsimilar] =: Simhash of 15610591336332998590 ignored for 15610591336330376894 (3).
[fsimilar]  n='05 - Long Passing Football or Soccer Tutorial', e='.mp4', s='18744572', d='./Must Watch Tutorials/'
[fsimilar] +: Simhash of 14425977521399474218 added.
[fsimilar]  n='02 - How To Head A Soccer Ball Tutorial', e='.mp4', s='33780753', d='./Must Watch Tutorials/'
[fsimilar] +: Simhash of 17956966751049299647 added.
[fsimilar]  n='01 - How To Receive A Soccer Pass Tutorial', e='.mp4', s='50859146', d='./Must Watch Tutorials/'
[fsimilar] +: Simhash of 18168609545225179838 added.
[fsimilar]  n='06 - Soccer Kick Training Video', e='.mp4', s='12897051', d='./Must Watch Tutorials/'
[fsimilar] +: Simhash of 16731884402114431279 added.
[fsimilar]  n='07 - How To Take a Penalty Kick In Soccer or Football', e='.mp4', s='18755502', d='./Must Watch Tutorials/'
[fsimilar] +: Simhash of 9814008855502988142 added.
[fsimilar]  n='08 - How To Run Faster In Football', e='.mp4', s='20831801', d='./Must Watch Tutorials/'
[fsimilar] +: Simhash of 590768764541930412 added.
[fsimilar]  n='How To Control A Soccer Ball Like Zidane', e='.mp4', s='12146599', d='./Try These Soccer Drills/'
[fsimilar] =: Simhash of 18037592977447794620 ignored for 18037592977447794620 (0).
[fsimilar]  n='Soccer Skills Training For Advanced Players', e='.mp4', s='8533396', d='./Try These Soccer Drills/'
[fsimilar] +: Simhash of 18143823352412614543 added.
[fsimilar]  n='Soccer Passing Drills For Youth', e='.mp4', s='9710216', d='./Try These Soccer Drills/'
[fsimilar] =: Simhash of 18053206583791399694 ignored for 18053206583791399694 (0).
[fsimilar]  n='Improve Soccer Dribbling - Soccer Dribbling Drills - The Soccer Essentials', e='.mp4', s='8895724', d='./Try These Soccer Drills/'
[fsimilar] +: Simhash of 15182582882618583564 added.
[fsimilar]  n='How To Improve Soccer Speed Agility and Quickness', e='.mp4', s='14980304', d='./Try These Soccer Drills/'
[fsimilar] +: Simhash of 15758313051464024062 added.
[fsimilar]  n='How To Do 1v1 Soccer Moves', e='.mp4', s='9042503', d='./Try These Soccer Drills/'
[fsimilar] +: Simhash of 15579919325823975149 added.
[fsimilar]  n='How to Improve Soccer Ball Control - Soccer Training Drills', e='.mp4', s='7062781', d='./Try These Soccer Drills/'
[fsimilar] =: Simhash of 13410125625600126238 ignored for 13410125625600126238 (0).
[fsimilar]  n='Improve Soccer Shooting Technique', e='.mp4', s='10043873', d='./Try These Soccer Drills/'
[fsimilar] +: Simhash of 17777808297800170271 added.
[fsimilar]  n='Agility Exercises and Agility Drills For Soccer', e='.mp4', s='18035710', d='./Try These Soccer Drills/'
[fsimilar] +: Simhash of 5776964626753827502 added.
[fsimilar]  n='Strength Exercises for Soccer Players', e='.mp4', s='22221368', d='./Try These Soccer Drills/'
[fsimilar] +: Simhash of 6493010012192711950 added.
[fsimilar]  n='02 - How To Play Football', e='.mp4', s='17960558', d='./Start By Watching These Videos/'
[fsimilar] +: Simhash of 577266761717191679 added.
[fsimilar]  n='01 - The Video Every Soccer or Football Player Must Watch', e='.mp4', s='18942706', d='./Start By Watching These Videos/'
[fsimilar] +: Simhash of 14426538238275071086 added.
[fsimilar]  n='08 - How To Play Football Quicker', e='.mp4', s='19857544', d='./Start By Watching These Videos/'
[fsimilar] +: Simhash of 5217100346553997311 added.
[fsimilar]  n='03 - How Do You Play Soccer Better', e='.mp4', s='15524654', d='./Start By Watching These Videos/'
[fsimilar] +: Simhash of 9836705009067823758 added.
[fsimilar]  n='07 - 5 Soccer Drills Every Soccer Player Must Practice To Improve', e='.mp4', s='21411377', d='./Start By Watching These Videos/'
[fsimilar] +: Simhash of 15722733250508008010 added.
[fsimilar]  n='10 - Off The Ball Movement Tutorial For Soccer', e='.mp4', s='18871217', d='./Start By Watching These Videos/'
[fsimilar] +: Simhash of 15617346736981884030 added.
[fsimilar]  n='05 - 5 Soccer Tips For On Field Success', e='.mp4', s='10647101', d='./Start By Watching These Videos/'
[fsimilar] +: Simhash of 9814466321347065662 added.
[fsimilar]  n='09 - One Touch Football Tutorial - Play Like Barcelona', e='.mp4', s='29790307', d='./Start By Watching These Videos/'
[fsimilar] +: Simhash of 15889786072256428278 added.
[fsimilar]  n='06 - 5 Football Tips For Success', e='.mp4', s='8659538', d='./Start By Watching These Videos/'
[fsimilar] +: Simhash of 9805353775133734894 added.
[fsimilar]  n='04 - How To Play Soccer', e='.mp4', s='16543102', d='./Start By Watching These Videos/'
[fsimilar] +: Simhash of 9814148528023999165 added.
[fsimilar]  n='Soccer Shooting Drills and Tutorial', e='.mp4', s='20096681', d='./How to improve Soccer shooting skills & finishing/'
[fsimilar] +: Simhash of 15178774085427147402 added.
[fsimilar]  n='How To Score Goals In Soccer', e='.mp4', s='5602684', d='./How to improve Soccer shooting skills & finishing/'
[fsimilar] +: Simhash of 11111364445566875389 added.
[fsimilar]  n='How To Shoot A Soccer Ball', e='.mp4', s='8848963', d='./How to improve Soccer shooting skills & finishing/'
[fsimilar] +: Simhash of 13777636329625695998 added.
[fsimilar]  n='How To Improve Soccer Shooting Accuracy', e='.mp4', s='10198389', d='./How to improve Soccer shooting skills & finishing/'
[fsimilar] +: Simhash of 18024204185903241182 added.
[fsimilar]  n='Soccer Forward Tips - How To Score More Goals', e='.mp4', s='14437116', d='./How to improve Soccer shooting skills & finishing/'
[fsimilar] +: Simhash of 14573216555542189759 added.
[fsimilar]  n='Soccer Shooting Drills For Youth', e='.mp4', s='11075861', d='./How to improve Soccer shooting skills & finishing/'
[fsimilar] +: Simhash of 17483501093548798734 added.
[fsimilar]  n='Soccer Training Guide', e='.webm', s='4455628', d='./How to improve Soccer shooting skills & finishing/'
[fsimilar] =: Simhash of 17452081549050421519 ignored for 17452081549050421519 (0).
[fsimilar]  n='Football shooting drills', e='.mp4', s='9188090', d='./How to improve Soccer shooting skills & finishing/'
[fsimilar] +: Simhash of 7063227293522483658 added.
[fsimilar]  n='How To Dribble A Soccer Ball', e='.mp4', s='10208226', d='./Top Soccer Training Videos/'
[fsimilar] =: Simhash of 13700653061202720446 ignored for 10243005788634953406 (5).
[fsimilar]  n='Soccer Ball Control Exercises For Kids', e='.mp4', s='11142887', d='./Top Soccer Training Videos/'
[fsimilar] =: Simhash of 18049274188913913134 ignored for 18049274188913913134 (0).
[fsimilar]  n='Soccer Shooting Drills and Tutorial', e='.mp4', s='20096681', d='./Top Soccer Training Videos/'
[fsimilar] =: Simhash of 15178774085427147402 ignored for 15178774085427147402 (0).
[fsimilar]  n='1v1 Soccer Moves - Elastico Tutorial', e='.mp4', s='7714251', d='./Top Soccer Training Videos/'
[fsimilar] +: Simhash of 16080101027171089029 added.
[fsimilar]  n='How To Improve Soccer Speed and Acceleration', e='.mp4', s='9255149', d='./Top Soccer Training Videos/'
[fsimilar] +: Simhash of 6529170761474320316 added.
[fsimilar]  n='How To Control A Football', e='.mp4', s='6389206', d='./Top Soccer Training Videos/'
[fsimilar] =: Simhash of 12268444255005644798 ignored for 12268444255005644798 (0).
[fsimilar]  n='Football Dribbling Tips - How to dribble', e='.mp4', s='5973267', d='./Top Soccer Training Videos/'
[fsimilar] =: Simhash of 9801615508011433727 ignored for 9801615508011433727 (0).
[fsimilar]  n='Powerful Tips to Improve Soccer Football Dribbling', e='.mp4', s='3256295', d='./Top Soccer Training Videos/'
[fsimilar] +: Simhash of 731366988589181694 added.
[fsimilar]  n='Improve Soccer Dribbling - Soccer Dribbling Drills - The Soccer Essentials', e='.mp4', s='8895724', d='./Top Soccer Training Videos/'
[fsimilar] =: Simhash of 15182582882618583564 ignored for 15182582882618583564 (0).
[fsimilar]  n='How To Improve Soccer Shooting Accuracy', e='.mp4', s='10198389', d='./Top Soccer Training Videos/'
[fsimilar] =: Simhash of 18024204185903241182 ignored for 18024204185903241182 (0).
[fsimilar]  n='How To Do Around The World Soccer Football Juggling Move - ATW', e='.mp4', s='7734302', d='./Top Soccer Training Videos/'
[fsimilar] +: Simhash of 15570859385141534462 added.
[fsimilar]  n='Soccer Drills For Youth', e='.mp4', s='11650500', d='./Top Soccer Training Videos/'
[fsimilar] =: Simhash of 18062776733066936110 ignored for 18062776733066936110 (0).
[fsimilar]  n='How To Do 1v1 Soccer Moves', e='.mp4', s='9042503', d='./Top Soccer Training Videos/'
[fsimilar] =: Simhash of 15579919325823975149 ignored for 15579919325823975149 (0).
[fsimilar]  n='How to Improve Soccer Ball Control - Soccer Training Drills', e='.mp4', s='7062781', d='./Top Soccer Training Videos/'
[fsimilar] =: Simhash of 13410125625600126238 ignored for 13410125625600126238 (0).
[fsimilar]  n='Soccer Training Guide', e='.webm', s='4455628', d='./Top Soccer Training Videos/'
[fsimilar] =: Simhash of 17452081549050421519 ignored for 17452081549050421519 (0).
[fsimilar]  n='Soccer Ball Control Drills', e='.mp4', s='7997569', d='./Top Soccer Training Videos/'
[fsimilar] =: Simhash of 13735837846405070110 ignored for 13735837846405070110 (0).
[fsimilar]  n='Improve Soccer Shooting Technique', e='.mp4', s='10043873', d='./Top Soccer Training Videos/'
[fsimilar] =: Simhash of 17777808297800170271 ignored for 17777808297800170271 (0).
[fsimilar]  n='How To Control A Soccer Ball Out Of The Air', e='.mp4', s='11886999', d='./Top Soccer Training Videos/'
[fsimilar] =: Simhash of 15618139484729325438 ignored for 15618139484729325438 (0).
[fsimilar]  n='Strength and Power Workout for Soccer Players - The Soccer Essentials', e='.mp4', s='12105912', d='./Top Soccer Training Videos/'
[fsimilar] +: Simhash of 15753536780469517326 added.
[fsimilar]  n='Soccer Cool Down', e='.mp4', s='15189628', d='./Top Soccer Training Videos/'
[fsimilar] +: Simhash of 2020953494341860908 added.
[fsimilar]  n='How to Improve your Soccer Dribbling Skills At Home', e='.mp4', s='8949123', d='./Top Soccer Training Videos/'
[fsimilar] +: Simhash of 14479714053293550556 added.
[fsimilar]  n='Soccer Tips - How to play midfielder', e='.mp4', s='5805224', d='./Top Soccer Training Videos/'
[fsimilar] =: Simhash of 17028809749989111551 ignored for 17028809749989111551 (0).
[fsimilar]  n='Soccer Dribbling Drills - Soccer Footwork', e='.mp4', s='12977783', d='./Top Soccer Training Videos/'
[fsimilar] =: Simhash of 15182582830013884940 ignored for 15182582882618583564 (5).
[fsimilar]  n='How To Improve Football Control', e='.mp4', s='10738891', d='./Top Soccer Training Videos/'
[fsimilar] =: Simhash of 6521853322474491390 ignored for 6521853322474491390 (0).
[fsimilar]  n='Football Tips - How to play football', e='.mp4', s='4090343', d='./Top Soccer Training Videos/'
[fsimilar] =: Simhash of 16719153332279261183 ignored for 16719153332279261183 (0).
[fsimilar]  n='How To Beat A Defender In Soccer', e='.mp4', s='11474273', d='./Top Soccer Training Videos/'
[fsimilar] +: Simhash of 752768569913847516 added.
[fsimilar]  n='Soccer Shooting Tips - How to Shoot a Soccer Ball', e='.mp4', s='5131092', d='./Top Soccer Training Videos/'
[fsimilar] =: Simhash of 12264276213145745054 ignored for 12264276213145745054 (0).
[fsimilar]  n='10 - Soccer Workouts', e='.mp4', s='14945052', d='./How to improve Soccer conditioning & Soccer fitness/'
[fsimilar] +: Simhash of 17884698158052420364 added.
[fsimilar]  n='18 - Professional Soccer Stretches', e='.webm', s='10252959', d='./How to improve Soccer conditioning & Soccer fitness/'
[fsimilar] +: Simhash of 18101092484345735272 added.
[fsimilar]  n='11 - Soccer Workouts At Home', e='.mp4', s='14654522', d='./How to improve Soccer conditioning & Soccer fitness/'
[fsimilar] =: Simhash of 17884699257547467532 ignored for 17884698158052420364 (4).
[fsimilar]  n='16 - Dynamic Stretching for Soccer', e='.mp4', s='8879105', d='./How to improve Soccer conditioning & Soccer fitness/'
[fsimilar] +: Simhash of 10969633054112364828 added.
[fsimilar]  n='23 - How To Improve Running Endurance and Stamina For Soccer', e='.mp4', s='18897144', d='./How to improve Soccer conditioning & Soccer fitness/'
[fsimilar] =: Simhash of 15623644722607667196 ignored for 15623644720458053244 (5).
[fsimilar]  n='17 - Soccer Speed Drills', e='.webm', s='7290897', d='./How to improve Soccer conditioning & Soccer fitness/'
[fsimilar] +: Simhash of 8845034138674802079 added.
[fsimilar]  n='21 - Soccer Nutrition', e='.mp4', s='30648462', d='./How to improve Soccer conditioning & Soccer fitness/'
[fsimilar] +: Simhash of 9958231344646064902 added.
[fsimilar]  n='19 - Soccer Fitness Guide To Improve Strength and Speed', e='.mp4', s='47472507', d='./How to improve Soccer conditioning & Soccer fitness/'
[fsimilar] +: Simhash of 6499334210875957662 added.
[fsimilar]  n='22 - Soccer Positions Explained', e='.mp4', s='5443429', d='./How to improve Soccer conditioning & Soccer fitness/'
[fsimilar] +: Simhash of 18066963843907578765 added.
[fsimilar]  n='12 - Soccer Strength Training', e='.mp4', s='16822993', d='./How to improve Soccer conditioning & Soccer fitness/'
[fsimilar] +: Simhash of 17236365896705617166 added.
[fsimilar]  n='02 - At Home Soccer Drills - How To Improve Strength', e='.mp4', s='16505362', d='./How to improve Soccer conditioning & Soccer fitness/'
[fsimilar] +: Simhash of 6355236611982827278 added.
[fsimilar]  n='25 - How To Improve Soccer Fitness', e='.mp4', s='9684573', d='./How to improve Soccer conditioning & Soccer fitness/'
[fsimilar] +: Simhash of 6535521540842133407 added.
[fsimilar]  n='07 - Soccer Workouts For Strength', e='.mp4', s='13659133', d='./How to improve Soccer conditioning & Soccer fitness/'
[fsimilar] +: Simhash of 15579039721736186638 added.
[fsimilar]  n='14 - How To Improve Soccer Speed and Quickness', e='.mp4', s='3587425', d='./How to improve Soccer conditioning & Soccer fitness/'
[fsimilar] +: Simhash of 15758330660695781342 added.
[fsimilar]  n='06 - Soccer Speed Training', e='.mp4', s='13332956', d='./How to improve Soccer conditioning & Soccer fitness/'
[fsimilar] +: Simhash of 18031246565529268015 added.
[fsimilar]  n='27 - How To Improve Flexibility For Soccer Beginners', e='.mp4', s='21698705', d='./How to improve Soccer conditioning & Soccer fitness/'
[fsimilar] +: Simhash of 6531017803710834654 added.
[fsimilar]  n='01 - At Home Soccer Drills - Improve Endurance', e='.mp4', s='11012967', d='./How to improve Soccer conditioning & Soccer fitness/'
[fsimilar] +: Simhash of 1166747893203119916 added.
[fsimilar]  n='29 - How To Improve Strength And Stability', e='.mp4', s='22069657', d='./How to improve Soccer conditioning & Soccer fitness/'
[fsimilar] +: Simhash of 5193431117900514974 added.
[fsimilar]  n='08 - Soccer Cool Down', e='.mp4', s='15189628', d='./How to improve Soccer conditioning & Soccer fitness/'
[fsimilar] +: Simhash of 2034464293562334765 added.
[fsimilar]  n='30 - How To Improve Soccer Speed and Acceleration', e='.mp4', s='22365457', d='./How to improve Soccer conditioning & Soccer fitness/'
[fsimilar] +: Simhash of 6538881652738467772 added.
[fsimilar]  n='24 - How To Warm Up For Soccer', e='.mp4', s='26142540', d='./How to improve Soccer conditioning & Soccer fitness/'
[fsimilar] +: Simhash of 5202457011856021422 added.
[fsimilar]  n='13 - Best Soccer Stretches', e='.mp4', s='11211542', d='./How to improve Soccer conditioning & Soccer fitness/'
[fsimilar] +: Simhash of 16875963306658925081 added.
[fsimilar]  n='09 - Soccer Warm Up', e='.mp4', s='15689042', d='./How to improve Soccer conditioning & Soccer fitness/'
[fsimilar] +: Simhash of 7652459331613036334 added.
[fsimilar]  n='28 - How To Improve Soccer Speed Agility and Quickness', e='.mp4', s='14980304', d='./How to improve Soccer conditioning & Soccer fitness/'
[fsimilar] +: Simhash of 6354797029346641822 added.
[fsimilar]  n='31 - How To Improve Vertical Jump', e='.mp4', s='18537569', d='./How to improve Soccer conditioning & Soccer fitness/'
[fsimilar] +: Simhash of 15767831374576990111 added.
[fsimilar]  n='32 - Soccer Training Guide', e='.webm', s='4455628', d='./How to improve Soccer conditioning & Soccer fitness/'
[fsimilar] +: Simhash of 18028683045563705135 added.
[fsimilar]  n='26 - How To Improve Football Speed And Endurance', e='.mp4', s='8539399', d='./How to improve Soccer conditioning & Soccer fitness/'
[fsimilar] +: Simhash of 6382804705865347070 added.
[fsimilar]  n='15 - Soccer Plyometrics', e='.mp4', s='4279210', d='./How to improve Soccer conditioning & Soccer fitness/'
[fsimilar] +: Simhash of 7652380506094938636 added.
[fsimilar]  n='04 - Soccer warm up drills', e='.mp4', s='14137332', d='./How to improve Soccer conditioning & Soccer fitness/'
[fsimilar] +: Simhash of 734820142053789486 added.
[fsimilar]  n='03 - How To Improve Soccer Speed and Acceleration', e='.mp4', s='9255149', d='./How to improve Soccer conditioning & Soccer fitness/'
[fsimilar] =: Simhash of 6538881652738469822 ignored for 6538881652738467772 (2).
[fsimilar]  n='20 - Soccer Workouts for strength and speed', e='.mp4', s='16307976', d='./How to improve Soccer conditioning & Soccer fitness/'
[fsimilar] +: Simhash of 15581265167626479502 added.
[fsimilar]  n='05 - Soccer Fitness Training Drills For Youth', e='.mp4', s='23183543', d='./How to improve Soccer conditioning & Soccer fitness/'
[fsimilar] +: Simhash of 9420294279322022158 added.
[fsimilar]  n='05 - At Home Soccer Training Drills - How to improve soccer dribbling skills', e='.mp4', s='7722313', d='./At Home Soccer Training Drills/'
[fsimilar] +: Simhash of 15578759488124694286 added.
[fsimilar]  n='17 - At Home Soccer Drills - Advanced Drag Back Skills', e='.mp4', s='5236418', d='./At Home Soccer Training Drills/'
[fsimilar] +: Simhash of 81099114190679311 added.
[fsimilar]  n='11 - At Home Soccer Drills - Push and Pull Skills', e='.mp4', s='3487644', d='./At Home Soccer Training Drills/'
[fsimilar] +: Simhash of 9849890386849082136 added.
[fsimilar]  n='08 - At Home Soccer Drills - Ball Control Drills', e='.mp4', s='8108581', d='./At Home Soccer Training Drills/'
[fsimilar] +: Simhash of 4197103815979384110 added.
[fsimilar]  n='04 - Soccer Dribbling Drills At Home', e='.mp4', s='10309616', d='./At Home Soccer Training Drills/'
[fsimilar] +: Simhash of 11112596518021574444 added.
[fsimilar]  n='19 - At Home Soccer Drills - Brazilian Skills', e='.mp4', s='3765516', d='./At Home Soccer Training Drills/'
[fsimilar] +: Simhash of 1743842585898495887 added.
[fsimilar]  n='03 - Calgary Soccer', e='.mp4', s='11134128', d='./At Home Soccer Training Drills/'
[fsimilar] +: Simhash of 3040836534818966284 added.
[fsimilar]  n='12 - At Home Soccer Drills - Cuts and V Turns', e='.mp4', s='3487358', d='./At Home Soccer Training Drills/'
[fsimilar] +: Simhash of 1743692455247293708 added.
[fsimilar]  n='16 - At Home Soccer Drills - Side Touch Skills', e='.mp4', s='5040474', d='./At Home Soccer Training Drills/'
[fsimilar] +: Simhash of 11183562948774669614 added.
[fsimilar]  n='14 - At Home Soccer Drills - Scoop Stall Skills', e='.mp4', s='3952646', d='./At Home Soccer Training Drills/'
[fsimilar] +: Simhash of 6355598527471107391 added.
[fsimilar]  n='06 - At Home Soccer Drills - How To Improve Strength', e='.mp4', s='16505362', d='./At Home Soccer Training Drills/'
[fsimilar] =: Simhash of 6355236611982827278 ignored for 6355236611982827278 (0).
[fsimilar]  n='07 - At Home Soccer Drills - Passing Drills For Soccer', e='.mp4', s='8242852', d='./At Home Soccer Training Drills/'
[fsimilar] +: Simhash of 10967214094135930638 added.
[fsimilar]  n='10 - At Home Soccer Drills - Scissor To Step Over', e='.mp4', s='4206289', d='./At Home Soccer Training Drills/'
[fsimilar] +: Simhash of 1168216873958839614 added.
[fsimilar]  n='02 - How to Improve your Soccer Dribbling Skills At Home', e='.mp4', s='8949123', d='./At Home Soccer Training Drills/'
[fsimilar] +: Simhash of 14479731649843801086 added.
[fsimilar]  n='09 - At Home Soccer Drills - Cut and Turn Skills', e='.mp4', s='4550201', d='./At Home Soccer Training Drills/'
[fsimilar] +: Simhash of 15624006487614762892 added.
[fsimilar]  n='15 - At Home Soccer Drills - Side Flick Up Skills', e='.mp4', s='5024852', d='./At Home Soccer Training Drills/'
[fsimilar] +: Simhash of 9814283772301610382 added.
[fsimilar]  n='20 - Soccer Training Guide', e='.webm', s='4455628', d='./At Home Soccer Training Drills/'
[fsimilar] =: Simhash of 18028683045563705231 ignored for 18028683045563705135 (2).
[fsimilar]  n='01 - Best Soccer Stretches', e='.mp4', s='11211542', d='./At Home Soccer Training Drills/'
[fsimilar] +: Simhash of 16875964406170552876 added.
[fsimilar]  n='13 - At Home Soccer Drills - Improve Endurance', e='.mp4', s='11012967', d='./At Home Soccer Training Drills/'
[fsimilar] =: Simhash of 1166739097110097164 ignored for 1166747893203119916 (3).
[fsimilar]  n='18 - At Home Soccer Drills - Roll Over To Chop Skills', e='.mp4', s='4972074', d='./At Home Soccer Training Drills/'
[fsimilar] +: Simhash of 10966933040406446030 added.
[fsimilar]  n='How To Dribble A Soccer Ball', e='.mp4', s='10208226', d='./How to improve Soccer dribbling skills and fast footwork/'
[fsimilar] =: Simhash of 13700653061202720446 ignored for 10243005788634953406 (5).
[fsimilar]  n='At Home Soccer Drills - Scissor To Step Over', e='.mp4', s='4206289', d='./How to improve Soccer dribbling skills and fast footwork/'
[fsimilar] +: Simhash of 10535713376018838975 added.
[fsimilar]  n='1v1 Soccer Moves - Elastico Tutorial', e='.mp4', s='7714251', d='./How to improve Soccer dribbling skills and fast footwork/'
[fsimilar] =: Simhash of 16080101027171089029 ignored for 16080101027171089029 (0).
[fsimilar]  n='At Home Soccer Drills - Cuts and V Turns', e='.mp4', s='3487358', d='./How to improve Soccer dribbling skills and fast footwork/'
[fsimilar] +: Simhash of 13435353954482339758 added.
[fsimilar]  n='At Home Soccer Drills - Push and Pull Skills', e='.mp4', s='3487644', d='./How to improve Soccer dribbling skills and fast footwork/'
[fsimilar] +: Simhash of 18210832304562810780 added.
[fsimilar]  n='At Home Soccer Drills - Cut and Turn Skills', e='.mp4', s='4550201', d='./How to improve Soccer dribbling skills and fast footwork/'
[fsimilar] +: Simhash of 15625237940788871054 added.
[fsimilar]  n='At Home Soccer Drills - Advanced Drag Back Skills', e='.mp4', s='5236418', d='./How to improve Soccer dribbling skills and fast footwork/'
[fsimilar] +: Simhash of 17807549031768866703 added.
[fsimilar]  n='How To Do 1v1 Soccer Moves', e='.mp4', s='9042503', d='./How to improve Soccer dribbling skills and fast footwork/'
[fsimilar] =: Simhash of 15579919325823975149 ignored for 15579919325823975149 (0).
[fsimilar]  n='Soccer Training Guide', e='.webm', s='4455628', d='./How to improve Soccer dribbling skills and fast footwork/'
[fsimilar] =: Simhash of 17452081549050421519 ignored for 17452081549050421519 (0).
[fsimilar]  n='At Home Soccer Training Drills - How to improve soccer dribbling skills', e='.mp4', s='7722313', d='./How to improve Soccer dribbling skills and fast footwork/'
[fsimilar] =: Simhash of 15578609945951219470 ignored for 15578759488124694286 (5).
[fsimilar]  n='At Home Soccer Drills - Side Touch Skills', e='.mp4', s='5040474', d='./How to improve Soccer dribbling skills and fast footwork/'
[fsimilar] =: Simhash of 10597954255366073646 ignored for 11183562948774669614 (5).
[fsimilar]  n='At Home Soccer Drills - Roll Over To Chop Skills', e='.mp4', s='4972074', d='./How to improve Soccer dribbling skills and fast footwork/'
[fsimilar] +: Simhash of 10962428341263155086 added.
[fsimilar]  n='How To Do Soccer Moves', e='.mp4', s='7475135', d='./How to improve Soccer dribbling skills and fast footwork/'
[fsimilar] +: Simhash of 10966940213001795276 added.
[fsimilar]  n='At Home Soccer Drills - Brazilian Skills', e='.mp4', s='3765516', d='./How to improve Soccer dribbling skills and fast footwork/'
[fsimilar] +: Simhash of 15724177052081696687 added.
[fsimilar]  n='How To Dribble A Soccer Ball Like Lionel Messi', e='.mp4', s='15733350', d='./How to improve Soccer dribbling skills and fast footwork/'
[fsimilar] +: Simhash of 8647586919545517724 added.
[fsimilar]  n='How to Improve your Soccer Dribbling Skills At Home', e='.mp4', s='8949123', d='./How to improve Soccer dribbling skills and fast footwork/'
[fsimilar] =: Simhash of 14479714053293550556 ignored for 14479714053293550556 (0).
[fsimilar]  n='How to dribble a football', e='.mp4', s='12080903', d='./How to improve Soccer dribbling skills and fast footwork/'
[fsimilar] +: Simhash of 577108697550493694 added.
[fsimilar]  n='Soccer Dribbling Moves', e='.mp4', s='11654072', d='./How to improve Soccer dribbling skills and fast footwork/'
[fsimilar] =: Simhash of 11143874568710335052 ignored for 11143874568710335052 (0).
[fsimilar]  n='Soccer Dribbling Drills - Soccer Footwork', e='.mp4', s='12977783', d='./How to improve Soccer dribbling skills and fast footwork/'
[fsimilar] =: Simhash of 15182582830013884940 ignored for 15182582882618583564 (5).
[fsimilar]  n='How To Beat A Defender In Soccer', e='.mp4', s='11474273', d='./How to improve Soccer dribbling skills and fast footwork/'
[fsimilar] =: Simhash of 752768569913847516 ignored for 752768569913847516 (0).
[fsimilar]  n='Soccer Dribbling Drills', e='.mp4', s='5751917', d='./How to improve Soccer dribbling skills and fast footwork/'
[fsimilar] +: Simhash of 10567660949360617992 added.
[fsimilar]  n='Soccer Dribbling Moves Tutorial', e='.mp4', s='5569413', d='./How to improve Soccer dribbling skills and fast footwork/'
[fsimilar] +: Simhash of 16044072507061123789 added.
[fsimilar] Deal Dups

[fsimilar] # Item: {16875964406170552876 0}.
[fsimilar]   No similar items at this hash
[fsimilar] # Item: {14479731649843801086 0}.
[fsimilar]   No similar items at this hash
[fsimilar] # Item: {3040836534818966284 0}.
[fsimilar]   No similar items at this hash
[fsimilar] # Item: {11112596518021574444 0}.
[fsimilar]   No similar items at this hash
[fsimilar] # Item: {15578759488124694286 0}.
[fsimilar]   No similar items at this hash
[fsimilar] # Item: {6355236611982827278 1}.
[fsimilar]   No similar items at this hash
[fsimilar] # Item: {10967214094135930638 0}.
[fsimilar]   No similar items at this hash
[fsimilar] # Item: {4197103815979384110 0}.
[fsimilar]   No similar items at this hash
[fsimilar] # Item: {15624006487614762892 0}.
[fsimilar]   No similar items at this hash
[fsimilar] # Item: {1168216873958839614 0}.
[fsimilar]   No similar items at this hash
[fsimilar] # Item: {9849890386849082136 0}.
[fsimilar]   No similar items at this hash
[fsimilar] # Item: {1743692455247293708 0}.
[fsimilar]   No similar items at this hash
[fsimilar] # Item: {1166739097110097164 0}.
[fsimilar]   Neighbors true: [{1166747893203119916 3}].
### #1: ./How to improve Soccer conditioning & Soccer fitness/01 - At Home Soccer Drills - Improve Endurance.mp4

11012967 ./How to improve Soccer conditioning & Soccer fitness/01 - At Home Soccer Drills - Improve Endurance.mp4
11012967 ./At Home Soccer Training Drills/13 - At Home Soccer Drills - Improve Endurance.mp4

[fsimilar] # Item: {6355598527471107391 0}.
[fsimilar]   No similar items at this hash
[fsimilar] # Item: {9814283772301610382 0}.
[fsimilar]   No similar items at this hash
[fsimilar] # Item: {11183562948774669614 0}.
[fsimilar]   No similar items at this hash
[fsimilar] # Item: {81099114190679311 0}.
[fsimilar]   No similar items at this hash
[fsimilar] # Item: {10966933040406446030 0}.
[fsimilar]   Neighbors true: [{10962428341263155086 6}].
### #2: ./At Home Soccer Training Drills/18 - At Home Soccer Drills - Roll Over To Chop Skills.mp4

 4972074 ./At Home Soccer Training Drills/18 - At Home Soccer Drills - Roll Over To Chop Skills.mp4
 4972074 ./How to improve Soccer dribbling skills and fast footwork/At Home Soccer Drills - Roll Over To Chop Skills.mp4

[fsimilar] # Item: {1743842585898495887 0}.
[fsimilar]   No similar items at this hash
[fsimilar] # Item: {18028683045563705231 0}.
[fsimilar]   Neighbors true: [{18028683045563705135 2}].
### #3: ./At Home Soccer Training Drills/20 - Soccer Training Guide.webm

 4455628 ./At Home Soccer Training Drills/20 - Soccer Training Guide.webm
 4455628 ./How to improve Soccer conditioning & Soccer fitness/32 - Soccer Training Guide.webm

[fsimilar] # Item: {3611064117558983950 0}.
[fsimilar]   No similar items at this hash
[fsimilar] # Item: {6354877247305825583 0}.
[fsimilar]   No similar items at this hash
[fsimilar] # Item: {15578927063857049518 0}.
[fsimilar]   No similar items at this hash
[fsimilar] # Item: {13441863071752784906 0}.
[fsimilar]   No similar items at this hash
[fsimilar] # Item: {18060366018711986220 0}.
[fsimilar]   No similar items at this hash
[fsimilar] # Item: {12268444255005644798 0}.
[fsimilar]   No similar items at this hash
[fsimilar] # Item: {13425924551205918716 0}.
[fsimilar]   Neighbors true: [{18037592977447794620 5}].
### #4: ./How to improve Soccer ball control skills/How To Control A Soccer Ball Like Ronaldinho.mp4

 8598560 ./How to improve Soccer ball control skills/How To Control A Soccer Ball Like Ronaldinho.mp4
12146599 ./How to improve Soccer ball control skills/How To Control A Soccer Ball Like Zidane.mp4
12146599 ./Try These Soccer Drills/How To Control A Soccer Ball Like Zidane.mp4

[fsimilar] # Item: {18037592977447794620 0}.
[fsimilar]   Visited hash ignored
[fsimilar] # Item: {15618139484729325438 0}.
[fsimilar]   No similar items at this hash
[fsimilar] # Item: {14425687203389321964 0}.
[fsimilar]   No similar items at this hash
[fsimilar] # Item: {6346238263632277116 0}.
[fsimilar]   No similar items at this hash
[fsimilar] # Item: {6521853322474491390 0}.
[fsimilar]   No similar items at this hash
[fsimilar] # Item: {16011420636900442110 0}.
[fsimilar]   No similar items at this hash
[fsimilar] # Item: {15610591336330376894 0}.
[fsimilar]   No similar items at this hash
[fsimilar] # Item: {608060985588790780 0}.
[fsimilar]   No similar items at this hash
[fsimilar] # Item: {7517180948560688766 0}.
[fsimilar]   No similar items at this hash
[fsimilar] # Item: {2905494930141689724 0}.
[fsimilar]   Neighbors true: [{7517180948560688766 4}].
### #5: ./How to improve Soccer ball control skills/How To Stall A Soccer Ball On Your Neck.mp4

 6217816 ./How to improve Soccer ball control skills/How To Stall A Soccer Ball On Your Neck.mp4

[fsimilar] # Item: {13410125625600126238 0}.
[fsimilar]   No similar items at this hash
[fsimilar] # Item: {3027060028881450494 0}.
[fsimilar]   No similar items at this hash
[fsimilar] # Item: {9108491891800489983 0}.
[fsimilar]   No similar items at this hash
[fsimilar] # Item: {6774501315416113151 0}.
[fsimilar]   No similar items at this hash
[fsimilar] # Item: {13403352676989875996 0}.
[fsimilar]   No similar items at this hash
[fsimilar] # Item: {12277716780721583806 0}.
[fsimilar]   Neighbors true: [{16871388538078705182 6}].
### #6: ./How to improve Soccer ball control skills/How to juggle a soccer ball #1.mp4

 6785805 ./How to improve Soccer ball control skills/How to juggle a soccer ball #1.mp4
 6457466 ./Soccer Tips & Soccer Advice/Soccer Shooting Tips - How to kick a soccer ball.mp4

[fsimilar] # Item: {18049274188913913134 0}.
[fsimilar]   No similar items at this hash
[fsimilar] # Item: {11143874568710335052 0}.
[fsimilar]   No similar items at this hash
[fsimilar] # Item: {15171393737040604202 0}.
[fsimilar]   No similar items at this hash
[fsimilar] # Item: {17452081549050421519 2}.
[fsimilar]   No similar items at this hash
[fsimilar] # Item: {1166747893203119916 0}.
[fsimilar]   Visited hash ignored
[fsimilar] # Item: {6355236611982827278 0}.
[fsimilar]   Visited hash ignored
[fsimilar] # Item: {6538881652738469822 0}.
[fsimilar]   Neighbors true: [{6538881652738467772 2}].
### #7: ./How to improve Soccer conditioning & Soccer fitness/03 - How To Improve Soccer Speed and Acceleration.mp4

 9255149 ./How to improve Soccer conditioning & Soccer fitness/03 - How To Improve Soccer Speed and Acceleration.mp4
22365457 ./How to improve Soccer conditioning & Soccer fitness/30 - How To Improve Soccer Speed and Acceleration.mp4

[fsimilar] # Item: {734820142053789486 0}.
[fsimilar]   No similar items at this hash
[fsimilar] # Item: {9420294279322022158 0}.
[fsimilar]   No similar items at this hash
[fsimilar] # Item: {18031246565529268015 0}.
[fsimilar]   No similar items at this hash
[fsimilar] # Item: {15579039721736186638 0}.
[fsimilar]   No similar items at this hash
[fsimilar] # Item: {2034464293562334765 0}.
[fsimilar]   No similar items at this hash
[fsimilar] # Item: {7652459331613036334 0}.
[fsimilar]   No similar items at this hash
[fsimilar] # Item: {17884698158052420364 0}.
[fsimilar]   No similar items at this hash
[fsimilar] # Item: {17884699257547467532 0}.
[fsimilar]   Neighbors true: [{17884698158052420364 4}].
### #8: ./How to improve Soccer conditioning & Soccer fitness/11 - Soccer Workouts At Home.mp4

14654522 ./How to improve Soccer conditioning & Soccer fitness/11 - Soccer Workouts At Home.mp4

[fsimilar] # Item: {17236365896705617166 0}.
[fsimilar]   No similar items at this hash
[fsimilar] # Item: {16875963306658925081 0}.
[fsimilar]   No similar items at this hash
[fsimilar] # Item: {15758330660695781342 0}.
[fsimilar]   Neighbors true: [{15758313051464024062 6}].
### #9: ./How to improve Soccer conditioning & Soccer fitness/14 - How To Improve Soccer Speed and Quickness.mp4

 3587425 ./How to improve Soccer conditioning & Soccer fitness/14 - How To Improve Soccer Speed and Quickness.mp4
14980304 ./Try These Soccer Drills/How To Improve Soccer Speed Agility and Quickness.mp4

[fsimilar] # Item: {7652380506094938636 0}.
[fsimilar]   No similar items at this hash
[fsimilar] # Item: {10969633054112364828 0}.
[fsimilar]   No similar items at this hash
[fsimilar] # Item: {8845034138674802079 0}.
[fsimilar]   No similar items at this hash
[fsimilar] # Item: {18101092484345735272 0}.
[fsimilar]   No similar items at this hash
[fsimilar] # Item: {6499334210875957662 0}.
[fsimilar]   No similar items at this hash
[fsimilar] # Item: {15581265167626479502 0}.
[fsimilar]   No similar items at this hash
[fsimilar] # Item: {9958231344646064902 0}.
[fsimilar]   No similar items at this hash
[fsimilar] # Item: {18066963843907578765 0}.
[fsimilar]   No similar items at this hash
[fsimilar] # Item: {15623644722607667196 0}.
[fsimilar]   Neighbors true: [{15623644720458053244 5}].
### #10: ./How to improve Soccer conditioning & Soccer fitness/23 - How To Improve Running Endurance and Stamina For Soccer.mp4

18897144 ./How to improve Soccer conditioning & Soccer fitness/23 - How To Improve Running Endurance and Stamina For Soccer.mp4
18897144 ./Youth Soccer Training Drills/How To Improve Running Endurance and Stamina For Soccer.mp4

[fsimilar] # Item: {5202457011856021422 0}.
[fsimilar]   Neighbors true: [{15596764986337859502 6}].
### #11: ./How to improve Soccer conditioning & Soccer fitness/24 - How To Warm Up For Soccer.mp4

26142540 ./How to improve Soccer conditioning & Soccer fitness/24 - How To Warm Up For Soccer.mp4
26142540 ./Youth Soccer Training Drills/How To Warm Up For Soccer.mp4

[fsimilar] # Item: {6535521540842133407 0}.
[fsimilar]   No similar items at this hash
[fsimilar] # Item: {6382804705865347070 0}.
[fsimilar]   No similar items at this hash
[fsimilar] # Item: {6531017803710834654 0}.
[fsimilar]   No similar items at this hash
[fsimilar] # Item: {6354797029346641822 0}.
[fsimilar]   No similar items at this hash
[fsimilar] # Item: {5193431117900514974 0}.
[fsimilar]   No similar items at this hash
[fsimilar] # Item: {6538881652738467772 0}.
[fsimilar]   Visited hash ignored
[fsimilar] # Item: {15767831374576990111 0}.
[fsimilar]   No similar items at this hash
[fsimilar] # Item: {18028683045563705135 0}.
[fsimilar]   Visited hash ignored
[fsimilar] # Item: {16080101027171089029 1}.
[fsimilar]   No similar items at this hash
[fsimilar] # Item: {17807549031768866703 0}.
[fsimilar]   No similar items at this hash
[fsimilar] # Item: {15724177052081696687 0}.
[fsimilar]   No similar items at this hash
[fsimilar] # Item: {15625237940788871054 0}.
[fsimilar]   No similar items at this hash
[fsimilar] # Item: {13435353954482339758 0}.
[fsimilar]   No similar items at this hash
[fsimilar] # Item: {18210832304562810780 0}.
[fsimilar]   No similar items at this hash
[fsimilar] # Item: {10962428341263155086 0}.
[fsimilar]   Visited hash ignored
[fsimilar] # Item: {10535713376018838975 0}.
[fsimilar]   No similar items at this hash
[fsimilar] # Item: {10597954255366073646 0}.
[fsimilar]   Neighbors true: [{11183562948774669614 5}].
### #12: ./How to improve Soccer dribbling skills and fast footwork/At Home Soccer Drills - Side Touch Skills.mp4

 5040474 ./How to improve Soccer dribbling skills and fast footwork/At Home Soccer Drills - Side Touch Skills.mp4

[fsimilar] # Item: {15578609945951219470 0}.
[fsimilar]   Neighbors true: [{15578759488124694286 5}].
### #13: ./How to improve Soccer dribbling skills and fast footwork/At Home Soccer Training Drills - How to improve soccer dribbling skills.mp4

 7722313 ./How to improve Soccer dribbling skills and fast footwork/At Home Soccer Training Drills - How to improve soccer dribbling skills.mp4

[fsimilar] # Item: {752768569913847516 1}.
[fsimilar]   No similar items at this hash
[fsimilar] # Item: {15579919325823975149 2}.
[fsimilar]   No similar items at this hash
[fsimilar] # Item: {10966940213001795276 0}.
[fsimilar]   No similar items at this hash
[fsimilar] # Item: {8647586919545517724 0}.
[fsimilar]   No similar items at this hash
[fsimilar] # Item: {13700653061202720446 1}.
[fsimilar]   Neighbors true: [{10243005788634953406 5}].
### #14: ./Top Soccer Training Videos/How To Dribble A Soccer Ball.mp4

10208226 ./Top Soccer Training Videos/How To Dribble A Soccer Ball.mp4
10208226 ./How to improve Soccer dribbling skills and fast footwork/How To Dribble A Soccer Ball.mp4
 5122099 ./Soccer Tips & Soccer Advice/Soccer Dribbling Tips - How to dribble a ball.mp4

[fsimilar] # Item: {14479714053293550556 1}.
[fsimilar]   No similar items at this hash
[fsimilar] # Item: {577108697550493694 0}.
[fsimilar]   No similar items at this hash
[fsimilar] # Item: {15182582830013884940 1}.
[fsimilar]   Neighbors true: [{15182582882618583564 5}].
### #15: ./Try These Soccer Drills/Improve Soccer Dribbling - Soccer Dribbling Drills - The Soccer Essentials.mp4

 8895724 ./Try These Soccer Drills/Improve Soccer Dribbling - Soccer Dribbling Drills - The Soccer Essentials.mp4
 8895724 ./Top Soccer Training Videos/Improve Soccer Dribbling - Soccer Dribbling Drills - The Soccer Essentials.mp4
12977783 ./Top Soccer Training Videos/Soccer Dribbling Drills - Soccer Footwork.mp4
12977783 ./How to improve Soccer dribbling skills and fast footwork/Soccer Dribbling Drills - Soccer Footwork.mp4

[fsimilar] # Item: {10567660949360617992 0}.
[fsimilar]   No similar items at this hash
[fsimilar] # Item: {16044072507061123789 0}.
[fsimilar]   No similar items at this hash
[fsimilar] # Item: {11143874568710335052 1}.
[fsimilar]   Visited hash ignored
[fsimilar] # Item: {17452081549050421519 6}.
[fsimilar]   Visited hash ignored
[fsimilar] # Item: {18068265494860873614 0}.
[fsimilar]   No similar items at this hash
[fsimilar] # Item: {3354442631533840778 0}.
[fsimilar]   No similar items at this hash
[fsimilar] # Item: {13277691965806162870 0}.
[fsimilar]   No similar items at this hash
[fsimilar] # Item: {13735837846405070110 0}.
[fsimilar]   No similar items at this hash
[fsimilar] # Item: {18053206583791399694 0}.
[fsimilar]   Neighbors true: [{17483501093548798734 6}].
### #16: ./Try These Soccer Drills/Soccer Passing Drills For Youth.mp4

 9710216 ./Try These Soccer Drills/Soccer Passing Drills For Youth.mp4
13295374 ./How to improve Soccer passing & receiving skills/Soccer Passing Drills For Youth.mp4
13295374 ./Youth Soccer Training Drills/Soccer Passing Drills For Youth.mp4
11075861 ./How to improve Soccer shooting skills & finishing/Soccer Shooting Drills For Youth.mp4

[fsimilar] # Item: {13735239702301117322 0}.
[fsimilar]   No similar items at this hash
[fsimilar] # Item: {16949708640989520778 0}.
[fsimilar]   No similar items at this hash
[fsimilar] # Item: {12553632772940314270 0}.
[fsimilar]   No similar items at this hash
[fsimilar] # Item: {17452081549050421519 1}.
[fsimilar]   Visited hash ignored
[fsimilar] # Item: {7063227293522483658 0}.
[fsimilar]   No similar items at this hash
[fsimilar] # Item: {18024204185903241182 0}.
[fsimilar]   No similar items at this hash
[fsimilar] # Item: {11111364445566875389 0}.
[fsimilar]   No similar items at this hash
[fsimilar] # Item: {13777636329625695998 0}.
[fsimilar]   No similar items at this hash
[fsimilar] # Item: {14573216555542189759 0}.
[fsimilar]   No similar items at this hash
[fsimilar] # Item: {17483501093548798734 0}.
[fsimilar]   Visited hash ignored
[fsimilar] # Item: {15178774085427147402 0}.
[fsimilar]   No similar items at this hash
[fsimilar] # Item: {17452081549050421519 4}.
[fsimilar]   Visited hash ignored
[fsimilar] # Item: {18168609545225179838 0}.
[fsimilar]   No similar items at this hash
[fsimilar] # Item: {17956966751049299647 0}.
[fsimilar]   No similar items at this hash
[fsimilar] # Item: {15578758185726184188 0}.
[fsimilar]   No similar items at this hash
[fsimilar] # Item: {16877237910277970717 0}.
[fsimilar]   No similar items at this hash
[fsimilar] # Item: {14425977521399474218 0}.
[fsimilar]   No similar items at this hash
[fsimilar] # Item: {16731884402114431279 0}.
[fsimilar]   No similar items at this hash
[fsimilar] # Item: {9814008855502988142 0}.
[fsimilar]   No similar items at this hash
[fsimilar] # Item: {590768764541930412 0}.
[fsimilar]   No similar items at this hash
[fsimilar] # Item: {754035521093316604 0}.
[fsimilar]   No similar items at this hash
[fsimilar] # Item: {15610591336332998590 0}.
[fsimilar]   Neighbors true: [{15610591336330376894 3}].
### #17: ./Must Watch Tutorials/10 - How To Juggle A Soccer Ball Tutorial For Beginners.mp4

11936817 ./Must Watch Tutorials/10 - How To Juggle A Soccer Ball Tutorial For Beginners.mp4

[fsimilar] # Item: {9801615508011433727 0}.
[fsimilar]   No similar items at this hash
[fsimilar] # Item: {9945731305693588218 0}.
[fsimilar]   No similar items at this hash
[fsimilar] # Item: {16728380351558415358 0}.
[fsimilar]   No similar items at this hash
[fsimilar] # Item: {16037307125946742766 0}.
[fsimilar]   No similar items at this hash
[fsimilar] # Item: {15591303564172539327 0}.
[fsimilar]   Neighbors true: [{15591320058994702015 6}].
### #18: ./Soccer Tips & Soccer Advice/Football Tips - For Forwards.mp4

 7466166 ./Soccer Tips & Soccer Advice/Football Tips - For Forwards.mp4
 1628316 ./Soccer Tips & Soccer Advice/Soccer Tips - For Forwards.mp4

[fsimilar] # Item: {16899720218311882734 0}.
[fsimilar]   No similar items at this hash
[fsimilar] # Item: {12562621280430275567 0}.
[fsimilar]   Neighbors true: [{12561515171732732717 6}].
### #19: ./Soccer Tips & Soccer Advice/Football Tips - From Pros.mp4

 4659545 ./Soccer Tips & Soccer Advice/Football Tips - From Pros.mp4
 5523065 ./Soccer Tips & Soccer Advice/Soccer Tips - From Pros.mp4

[fsimilar] # Item: {14737710233859069695 0}.
[fsimilar]   No similar items at this hash
[fsimilar] # Item: {17048083364191344639 0}.
[fsimilar]   Neighbors true: [{18199880068402976511 5}].
### #20: ./Soccer Tips & Soccer Advice/Football Tips - How To Play Midfield.mp4

 6147173 ./Soccer Tips & Soccer Advice/Football Tips - How To Play Midfield.mp4
 6771263 ./Soccer Tips & Soccer Advice/Soccer Tips - How To Play Midfield.mp4

[fsimilar] # Item: {577151574821517054 0}.
[fsimilar]   No similar items at this hash
[fsimilar] # Item: {16719153332279261183 0}.
[fsimilar]   No similar items at this hash
[fsimilar] # Item: {5202316205899854382 0}.
[fsimilar]   No similar items at this hash
[fsimilar] # Item: {13308238151522392830 0}.
[fsimilar]   No similar items at this hash
[fsimilar] # Item: {17182072693949667070 0}.
[fsimilar]   No similar items at this hash
[fsimilar] # Item: {6396042881295591022 0}.
[fsimilar]   No similar items at this hash
[fsimilar] # Item: {17884495710507448029 0}.
[fsimilar]   No similar items at this hash
[fsimilar] # Item: {10243005788634953406 0}.
[fsimilar]   Visited hash ignored
[fsimilar] # Item: {9801650791436204697 0}.
[fsimilar]   No similar items at this hash
[fsimilar] # Item: {9959278418532837912 0}.
[fsimilar]   No similar items at this hash
[fsimilar] # Item: {15778887670310975406 0}.
[fsimilar]   No similar items at this hash
[fsimilar] # Item: {9960615700490495658 0}.
[fsimilar]   No similar items at this hash
[fsimilar] # Item: {17490360155018979853 0}.
[fsimilar]   No similar items at this hash
[fsimilar] # Item: {12264276213145745054 0}.
[fsimilar]   No similar items at this hash
[fsimilar] # Item: {15722724076409010175 0}.
[fsimilar]   No similar items at this hash
[fsimilar] # Item: {15723885435633480671 0}.
[fsimilar]   No similar items at this hash
[fsimilar] # Item: {16871388538078705182 0}.
[fsimilar]   Visited hash ignored
[fsimilar] # Item: {11390517391084861098 0}.
[fsimilar]   No similar items at this hash
[fsimilar] # Item: {16049693262409447342 0}.
[fsimilar]   No similar items at this hash
[fsimilar] # Item: {15591320058994702015 0}.
[fsimilar]   Visited hash ignored
[fsimilar] # Item: {12561515171732732717 0}.
[fsimilar]   Visited hash ignored
[fsimilar] # Item: {11111082003884881626 0}.
[fsimilar]   Neighbors true: [{16875687181866972890 6}].
### #21: ./Soccer Tips & Soccer Advice/Soccer Tips - How To Be A Good Soccer Defender.mp4

 6463719 ./Soccer Tips & Soccer Advice/Soccer Tips - How To Be A Good Soccer Defender.mp4
 5462427 ./Soccer Tips & Soccer Advice/Soccer Tips - How To Be A Good Soccer Midfielder.mp4

[fsimilar] # Item: {16875687181866972890 0}.
[fsimilar]   Visited hash ignored
[fsimilar] # Item: {10957959616818132618 0}.
[fsimilar]   No similar items at this hash
[fsimilar] # Item: {13272809825291419327 0}.
[fsimilar]   No similar items at this hash
[fsimilar] # Item: {14742249975636235967 0}.
[fsimilar]   No similar items at this hash
[fsimilar] # Item: {18199880068402976511 0}.
[fsimilar]   Visited hash ignored
[fsimilar] # Item: {15583429138583729854 0}.
[fsimilar]   No similar items at this hash
[fsimilar] # Item: {15722767885141751518 0}.
[fsimilar]   Neighbors true: [{16875687181866972890 6} {11111082003884881626 4} {17884495710507448029 6}].
### #22: ./Soccer Tips & Soccer Advice/Soccer Tips - How to be a Soccer Player.mp4

 3362485 ./Soccer Tips & Soccer Advice/Soccer Tips - How to be a Soccer Player.mp4

[fsimilar] # Item: {11102013267681687070 0}.
[fsimilar]   No similar items at this hash
[fsimilar] # Item: {17028809749989111551 0}.
[fsimilar]   No similar items at this hash
[fsimilar] # Item: {17884495878011434687 0}.
[fsimilar]   Neighbors true: [{13272809825291419327 4}].
### #23: ./Soccer Tips & Soccer Advice/Soccer Tips - How to play soccer.mp4

 3943764 ./Soccer Tips & Soccer Advice/Soccer Tips - How to play soccer.mp4

[fsimilar] # Item: {16002273224143153679 0}.
[fsimilar]   No similar items at this hash
[fsimilar] # Item: {12264283325544021645 0}.
[fsimilar]   No similar items at this hash
[fsimilar] # Item: {17452081549050421519 0}.
[fsimilar]   Visited hash ignored
[fsimilar] # Item: {12626824209421516479 0}.
[fsimilar]   No similar items at this hash
[fsimilar] # Item: {14426538238275071086 0}.
[fsimilar]   No similar items at this hash
[fsimilar] # Item: {577266761717191679 0}.
[fsimilar]   No similar items at this hash
[fsimilar] # Item: {9836705009067823758 0}.
[fsimilar]   No similar items at this hash
[fsimilar] # Item: {9814148528023999165 0}.
[fsimilar]   No similar items at this hash
[fsimilar] # Item: {9814466321347065662 0}.
[fsimilar]   No similar items at this hash
[fsimilar] # Item: {9805353775133734894 0}.
[fsimilar]   No similar items at this hash
[fsimilar] # Item: {15722733250508008010 0}.
[fsimilar]   No similar items at this hash
[fsimilar] # Item: {5217100346553997311 0}.
[fsimilar]   No similar items at this hash
[fsimilar] # Item: {15889786072256428278 0}.
[fsimilar]   No similar items at this hash
[fsimilar] # Item: {15617346736981884030 0}.
[fsimilar]   No similar items at this hash
[fsimilar] # Item: {16080101027171089029 0}.
[fsimilar]   Visited hash ignored
[fsimilar] # Item: {9801615508011433727 1}.
[fsimilar]   Visited hash ignored
[fsimilar] # Item: {16719153332279261183 1}.
[fsimilar]   Visited hash ignored
[fsimilar] # Item: {752768569913847516 0}.
[fsimilar]   Visited hash ignored
[fsimilar] # Item: {12268444255005644798 1}.
[fsimilar]   Visited hash ignored
[fsimilar] # Item: {15618139484729325438 1}.
[fsimilar]   Visited hash ignored
[fsimilar] # Item: {15579919325823975149 1}.
[fsimilar]   Visited hash ignored
[fsimilar] # Item: {15570859385141534462 0}.
[fsimilar]   No similar items at this hash
[fsimilar] # Item: {13700653061202720446 0}.
[fsimilar]   Visited hash ignored
[fsimilar] # Item: {6521853322474491390 1}.
[fsimilar]   Visited hash ignored
[fsimilar] # Item: {18024204185903241182 1}.
[fsimilar]   Visited hash ignored
[fsimilar] # Item: {6529170761474320316 0}.
[fsimilar]   No similar items at this hash
[fsimilar] # Item: {13410125625600126238 2}.
[fsimilar]   Visited hash ignored
[fsimilar] # Item: {14479714053293550556 0}.
[fsimilar]   Visited hash ignored
[fsimilar] # Item: {15182582882618583564 1}.
[fsimilar]   Visited hash ignored
[fsimilar] # Item: {17777808297800170271 1}.
[fsimilar]   No similar items at this hash
[fsimilar] # Item: {731366988589181694 0}.
[fsimilar]   No similar items at this hash
[fsimilar] # Item: {13735837846405070110 2}.
[fsimilar]   Visited hash ignored
[fsimilar] # Item: {18049274188913913134 1}.
[fsimilar]   Visited hash ignored
[fsimilar] # Item: {2020953494341860908 0}.
[fsimilar]   No similar items at this hash
[fsimilar] # Item: {15182582830013884940 0}.
[fsimilar]   Visited hash ignored
[fsimilar] # Item: {18062776733066936110 1}.
[fsimilar]   No similar items at this hash
[fsimilar] # Item: {15178774085427147402 1}.
[fsimilar]   Visited hash ignored
[fsimilar] # Item: {12264276213145745054 1}.
[fsimilar]   Visited hash ignored
[fsimilar] # Item: {17028809749989111551 1}.
[fsimilar]   Visited hash ignored
[fsimilar] # Item: {17452081549050421519 5}.
[fsimilar]   Visited hash ignored
[fsimilar] # Item: {15753536780469517326 0}.
[fsimilar]   No similar items at this hash
[fsimilar] # Item: {5776964626753827502 0}.
[fsimilar]   No similar items at this hash
[fsimilar] # Item: {18037592977447794620 1}.
[fsimilar]   Visited hash ignored
[fsimilar] # Item: {15579919325823975149 0}.
[fsimilar]   Visited hash ignored
[fsimilar] # Item: {15758313051464024062 0}.
[fsimilar]   Visited hash ignored
[fsimilar] # Item: {13410125625600126238 1}.
[fsimilar]   Visited hash ignored
[fsimilar] # Item: {15182582882618583564 0}.
[fsimilar]   Visited hash ignored
[fsimilar] # Item: {17777808297800170271 0}.
[fsimilar]   Visited hash ignored
[fsimilar] # Item: {18053206583791399694 2}.
[fsimilar]   Visited hash ignored
[fsimilar] # Item: {18143823352412614543 0}.
[fsimilar]   No similar items at this hash
[fsimilar] # Item: {6493010012192711950 0}.
[fsimilar]   No similar items at this hash
[fsimilar] # Item: {14700555521497962414 0}.
[fsimilar]   No similar items at this hash
[fsimilar] # Item: {12151520063296058111 0}.
[fsimilar]   No similar items at this hash
[fsimilar] # Item: {14718569651588773614 0}.
[fsimilar]   No similar items at this hash
[fsimilar] # Item: {14727438273774039723 0}.
[fsimilar]   No similar items at this hash
[fsimilar] # Item: {15614788172180567807 0}.
[fsimilar]   No similar items at this hash
[fsimilar] # Item: {15916529355837880063 0}.
[fsimilar]   Neighbors true: [{15614788172180567807 5}].
### #24: ./Your Guide To Every Position/6 - How To Play Striker In Soccer Tutorial.mp4

27784248 ./Your Guide To Every Position/6 - How To Play Striker In Soccer Tutorial.mp4

[fsimilar] # Item: {3354442631533840778 1}.
[fsimilar]   Visited hash ignored
[fsimilar] # Item: {15623644720458053244 0}.
[fsimilar]   Visited hash ignored
[fsimilar] # Item: {15596764986337859502 0}.
[fsimilar]   Visited hash ignored
[fsimilar] # Item: {13735837846405070110 1}.
[fsimilar]   Visited hash ignored
[fsimilar] # Item: {15780048754455654314 0}.
[fsimilar]   No similar items at this hash
[fsimilar] # Item: {16045199146740957070 0}.
[fsimilar]   No similar items at this hash
[fsimilar] # Item: {18062776733066936110 0}.
[fsimilar]   Visited hash ignored
[fsimilar] # Item: {13802406942137723786 0}.
[fsimilar]   No similar items at this hash
[fsimilar] # Item: {18053206583791399694 1}.
[fsimilar]   Visited hash ignored
[fsimilar] # Item: {13735239702301117322 1}.
[fsimilar]   Visited hash ignored
[fsimilar] # Item: {17452081549050421519 3}.
[fsimilar]   Visited hash ignored

