[fsimilar] # C: [ fr:2 pjnrs:1 pknrs:1 sxr:2 tps:2 ].
[fsimilar] # C: [ fr:2 frrts:2 sxr:2 tps:2 ].
[fsimilar] # C: [ an:2 h:1 hf:1 kt:2 pl:2 sxr:2 t:2 tfns:2 ].
[fsimilar] # C: [ a:2 h:1 hf:1 kk:2 pl:2 sxr:4 t:2 tps:2 xtnk:2 ].
[fsimilar] # C: [ aksplnt:2 psxns:2 sxr:2 ].
[fsimilar] # C: [ a0:1 aksrsss:2 ant:2 at:1 fr:2 sxr:2 trls:2 ].
[fsimilar] # C: [ a:2 h:1 hf:1 kt:2 p:2 sxr:4 t:2 tfntr:2 tps:2 ].
[fsimilar] # C: [ asfl:2 sxr:2 tfntnk:2 tps:2 ].
[fsimilar] # C: [ a:2 h:1 hf:1 pkm:2 plr:2 ptr:2 sxr:4 t:2 tps:2 ].
[fsimilar] # C: [ an:2 h:1 hf:1 knftnt:2 mr:2 p:2 sxr:2 t:2 ].
[fsimilar] # C: [ fst:2 h:1 hf:1 sxr:2 t:2 tps:2 trpl:2 trplnk:2 ].
[fsimilar] # C: [ sxr:4 tfntnk:2 tknk:2 tps:2 ].
[fsimilar] # C: [ frm:2 prs:2 sxr:2 tps:2 ].
[fsimilar] # C: [ a:2 h:1 hf:1 kt:2 mtfltr:2 p:2 sxr:4 t:2 tps:2 ].
[fsimilar] # C: [ ftpl:2 tps:2 trplnk:2 ].
[fsimilar] # C: [ ftpl:2 h:1 hf:1 t:2 tps:2 trpl:2 trplnk:2 ].
[fsimilar] # C: [ fr:2 ftpl:2 pjnrs:1 pknrs:1 tps:2 ].
[fsimilar] # C: [ h:1 hf:1 mtflt:2 pl:2 sxr:2 t:2 tps:2 ].
[fsimilar] # C: [ a:2 h:1 hf:1 pl:2 sxr:2 t:2 tps:2 trpl:2 trplnk:2 ].
[fsimilar] # C: [ an:2 h:1 hf:1 pl:2 sxr:4 t:2 tfns:2 tps:2 ].
[fsimilar] # C: [ anln:2 ax:1 fr:4 fx:1 h:1 hf:1 sxr:2 t:2 ].
[fsimilar] # C: [ fr:2 frrts:2 ftpl:2 tps:2 ].
[fsimilar] # C: [ frrt:2 h:1 hf:1 pl:2 sxr:2 t:2 tps:2 ].
[fsimilar] # C: [ kt:2 sxr:2 trnnk:2 ].
[fsimilar] # C: [ a:2 h:1 hf:1 p:2 plr:2 sxr:4 t:2 tps:2 ].
[fsimilar] # C: [ h:1 hf:1 mtfltr:2 pl:2 prprl:2 sxr:2 t:2 ].
[fsimilar] # C: [ a0:1 at:1 fr:2 ftpl:2 tps:2 ].
[fsimilar] # C: [ amprf:2 h:1 hf:1 pr:2 sxr:2 t:2 tps:2 xt:2 xtnk:2 ].
[fsimilar] # C: [ akrs:2 amprf:2 h:1 hf:1 sxr:2 t:2 tps:2 xt:2 xtnk:2 ].
[fsimilar] # C: [ a:2 ftpl:4 h:1 hf:1 hrt:2 kk:2 t:2 tps:2 xtnk:2 ].
[fsimilar] # C: [ sxr:2 tps:2 trplnk:2 ].
[fsimilar] # C: [ a:2 pkm:2 plr:2 ptr:2 sxr:2 tps:2 ].
[fsimilar] # C: [ h:1 hf:1 pl:2 sxr:4 t:2 tps:2 ].
[fsimilar] # C: [ h:1 hf:1 mtfltr:2 pl:2 sxr:2 t:2 tps:2 ].
[fsimilar] # C: [ a:2 fr:2 h:1 hf:1 km:2 prpr:2 sxr:4 t:2 tps:2 ].
[fsimilar] # C: [ an:2 h:1 hf:1 sxr:4 t:2 tfnt:2 tfntnk:2 tps:2 ].
[fsimilar] # C: [ amprf:2 h:1 hf:1 kntrl:2 pl:2 sxr:2 t:2 tps:2 ].
[fsimilar] # C: [ frt:2 kls:2 mr:2 skr:2 sxr:2 t:2 trnnk:2 ].
[fsimilar] # C: [ frrt:2 ftpl:2 h:1 hf:1 pl:2 t:2 tps:2 ].
[fsimilar] # C: [ frm:2 ftpl:2 prs:2 tps:2 ].
[fsimilar] # C: [ ftpl:4 h:1 hf:1 pl:2 t:2 tps:2 ].
[fsimilar] # C: [ amprf:2 skls:2 sxr:4 tps:2 ].
[fsimilar] # C: [ ftpl:2 h:1 hf:1 mtflt:2 pl:2 t:2 tps:2 ].
[fsimilar] # C: [ a:2 h:1 hf:1 pl:2 sxr:4 t:2 tps:2 xt:2 xtnk:2 ].
[fsimilar] # C: [ a:2 ftpl:2 ftplr:2 h:1 hf:1 p:2 t:2 tps:2 ].
[fsimilar] # C: [ a:2 h:1 hf:1 hrnnts:2 lk:2 lrn:2 pl:2 prf:1 prff:1 ps:2 sf:2 skrts:2 skss:2 sxr:4 t:2 ].
[fsimilar] # C: [ ftpl:2 psnk:2 trls:2 ].
[fsimilar] # C: [ a0:1 at:1 fr:2 psnk:2 sxr:2 trls:2 ].
[fsimilar] # C: [ a:2 h:1 hf:1 pl:2 ps:2 sxr:4 t:2 tps:2 ].
[fsimilar] # C: [ psnk:2 sxr:2 trls:2 ].
[fsimilar] # C: [ kt:2 sxr:2 trnnk:2 ].
[fsimilar] # C: [ kntrl:2 pl:2 sxr:2 trls:2 ].
[fsimilar] # C: [ at:2 fr:2 hm:2 psnk:2 sxr:4 trls:4 ].
[fsimilar] # C: [ aksrsss:2 psnk:2 sxr:2 ].
[fsimilar] # C: [ :1 an:2 ankr:1 fnjr:1 h:1 hf:1 pl:2 sxr:2 t:2 ttrl:2 ].
[fsimilar] # C: [ :1 an:2 ftpl:2 h:1 hf:1 mtfltr:2 pl:2 t:2 tfnsf:2 ttrl:2 ].
[fsimilar] # C: [ :1 an:2 atknk:2 h:1 hf:1 mtfltr:2 pl:2 sxr:2 t:2 ttrl:2 ].
[fsimilar] # C: [ :1 an:2 h:1 hf:1 pl:2 strkr:2 sxr:2 t:2 ttrl:2 ].
[fsimilar] # C: [ :1 an:2 flpk:2 ftpl:2 h:1 hf:1 pl:2 t:2 ttrl:2 ].
[fsimilar] # C: [ :1 fr:2 ftpl:2 h:1 hf:1 pk:2 pl:2 sntr:2 t:2 ttrl:2 ].
[fsimilar] # C: [ 0:1 an:2 h:1 hf:1 rnp:1 rnpf:1 sxr:2 t:5 ].
[fsimilar] # C: [ fr:2 kntrl:2 kts:2 pl:2 pst:2 sxr:2 trls:2 ].
[fsimilar] # C: [ :1 amprf:2 ftpl:2 h:1 hf:1 kntrl:2 pl:2 t:2 ].
[fsimilar] # C: [ frstl:2 sxr:2 trks:2 ].
[fsimilar] # C: [ a:2 h:1 hf:1 kntrl:2 lk:2 pl:2 stn:2 sxr:2 t:2 ].
[fsimilar] # C: [ :1 amprf:2 ftpl:2 h:1 hf:1 t:2 tk:2 ].
[fsimilar] # C: [ aksrsss:2 fr:2 kntrl:2 kts:2 pl:2 sxr:2 ].
[fsimilar] # C: [ a:2 ftpl:2 h:1 hf:1 kntrl:2 t:2 ].
[fsimilar] # C: [ at:2 hm:2 kntrl:2 pl:2 sxr:2 trls:4 ].
[fsimilar] # C: [ ap:2 at:2 flk:2 hm:2 skls:2 st:2 sxr:2 trls:2 ].
[fsimilar] # C: [ a:2 an:2 ar:2 h:1 hf:1 ht:2 pl:2 stl:2 sxr:2 t:2 ].
[fsimilar] # C: [ a:2 h:1 hf:1 kntrl:2 lk:2 pl:2 rnltn:2 sxr:2 t:2 ].
[fsimilar] # C: [ :1 aklnk:1 amprf:2 ftpl:2 h:1 hf:1 jklnk:1 t:2 ].
[fsimilar] # C: [ a:2 an:2 ar:2 ft:2 h:1 hf:1 pl:2 stl:2 sxr:2 t:2 ].
[fsimilar] # C: [ :1 amprf:2 h:1 hf:1 sxr:2 t:2 tk:2 ].
[fsimilar] # C: [ at:2 hm:2 skls:2 skp:2 stl:2 sxr:2 trls:2 ].
[fsimilar] # C: [ :1 amprf:2 h:1 hf:1 kntrl:2 pl:2 sxr:2 t:2 ].
[fsimilar] # C: [ amprf:2 h:1 hf:1 kntrl:2 pl:2 sxr:4 t:2 trls:2 trnnk:2 ].
[fsimilar] # C: [ kt:2 sxr:2 trnnk:2 ].
[fsimilar] # C: [ a:2 akl:1 fr:2 h:1 hf:1 jkl:1 pjnrs:1 pknrs:1 pl:2 sxr:2 t:2 ttrl:2 ].
[fsimilar] # C: [ 0:1 a:2 af:2 ar:2 at:2 h:1 hf:1 kntrl:2 pl:2 sxr:2 t:3 ].
[fsimilar] # C: [ amprf:2 fr:2 frst:2 kts:2 sxr:2 tk:2 trls:2 ].
[fsimilar] # C: [ amprf:2 an:2 frst:2 h:1 hf:1 sxr:2 t:2 tk:2 ].
[fsimilar] # C: [ :1 a:2 akl:1 h:1 hf:1 jkl:1 pl:2 sxr:2 t:2 ].
[fsimilar] # C: [ mfs:2 sxr:2 trplnk:2 ].
[fsimilar] # C: [ a:2 an:2 ar:2 h:1 hf:1 nk:2 pl:2 stl:2 sxr:2 t:2 ].
[fsimilar] # C: [ amprf:2 ftpl:2 h:1 hf:1 kntrl:2 t:2 ].
[fsimilar] # C: [ ftpl:2 psnk:2 trls:2 ].
[fsimilar] # C: [ a0:1 at:1 fr:2 psnk:2 sxr:2 trls:2 ].
[fsimilar] # C: [ fr:2 pjnrs:1 pknrs:1 sxr:2 trls:2 ].
[fsimilar] # C: [ psnk:2 sxr:2 trls:2 ].
[fsimilar] # C: [ a:2 fr:2 kkpt:2 psnk:2 snt:2 sxr:2 trls:2 ].
[fsimilar] # C: [ amprf:2 ant:2 antrns:2 fr:2 h:1 hf:1 rnnk:2 stmn:2 sxr:2 t:2 ].
[fsimilar] # C: [ a0:1 at:1 fr:2 sxr:2 trls:2 ].
[fsimilar] # C: [ kt:2 sxr:2 trnnk:2 ].
[fsimilar] # C: [ kntrl:2 pl:2 sxr:2 trls:2 ].
[fsimilar] # C: [ aksrsss:2 ant:2 sxr:2 trls:2 ].
[fsimilar] # C: [ ap:2 arm:1 fr:2 frm:1 h:1 hf:1 sxr:2 t:2 ].
[fsimilar] # C: [ :1 sxr:2 tknk:2 xtnk:2 ].
[fsimilar] # C: [ :1 a:2 an:2 ftpl:2 h:1 hf:1 pt:2 t:2 tfntr:2 ].
[fsimilar] # C: [ :1 an:2 h:1 hf:1 sxr:2 t:2 tfnt:2 ].
[fsimilar] # C: [ :1 a:2 akl:1 fr:2 h:1 hf:1 jkl:1 pjnrs:1 pknrs:1 pl:2 sxr:2 t:2 ttrl:2 ].
[fsimilar] # C: [ :1 ar:2 ftpl:2 lnk:2 psnk:2 sxr:2 ttrl:2 ].
[fsimilar] # C: [ :1 a:2 h:1 hf:1 ht:2 pl:2 sxr:2 t:2 ttrl:2 ].
[fsimilar] # C: [ :1 a:2 h:1 hf:1 ps:2 rsf:2 sxr:2 t:2 ttrl:2 ].
[fsimilar] # C: [ :1 ft:1 kk:2 pt:1 sxr:2 trnnk:2 ].
[fsimilar] # C: [ :1 a:2 an:2 ar:2 ftpl:2 h:1 hf:1 kk:2 pnlt:2 sxr:2 t:2 tk:2 ].
[fsimilar] # C: [ :1 an:2 fstr:2 ftpl:2 h:1 hf:1 rn:2 t:2 ].
[fsimilar] # C: [ a:2 h:1 hf:1 kntrl:2 lk:2 pl:2 stn:2 sxr:2 t:2 ].
[fsimilar] # C: [ atfnst:2 fr:2 plrs:2 skls:2 sxr:2 trnnk:2 ].
[fsimilar] # C: [ a0:1 at:1 fr:2 psnk:2 sxr:2 trls:2 ].
[fsimilar] # C: [ 0:1 amprf:2 asnxls:2 sxr:6 t:1 trls:2 trplnk:4 ].
[fsimilar] # C: [ ajlt:1 aklt:1 amprf:2 ant:2 h:1 hf:1 kkns:2 spt:2 sxr:2 t:2 ].
[fsimilar] # C: [ f:2 h:1 hf:1 mfs:2 sxr:2 t:4 ].
[fsimilar] # C: [ amprf:2 h:1 hf:1 kntrl:2 pl:2 sxr:4 t:2 trls:2 trnnk:2 ].
[fsimilar] # C: [ amprf:2 sxr:2 tknk:2 xtnk:2 ].
[fsimilar] # C: [ ajlt:2 aklt:2 aksrsss:2 ant:2 fr:2 sxr:2 trls:2 ].
[fsimilar] # C: [ aksrsss:2 fr:2 plrs:2 strnk0:1 strnkt:1 sxr:2 ].
[fsimilar] # C: [ :1 ftpl:2 h:1 hf:1 pl:2 t:2 ].
[fsimilar] # C: [ :1 0:1 afr:2 ar:2 ax:1 ft:1 ftpl:2 fx:1 mst:2 plr:2 pt:1 sxr:2 t:1 ].
[fsimilar] # C: [ :1 ftpl:2 h:1 hf:1 kkr:2 pl:2 t:2 ].
[fsimilar] # C: [ :1 a:2 h:1 hf:1 pl:2 ptr:2 sxr:2 t:2 ].
[fsimilar] # C: [ :1 afr:2 amprf:2 mst:2 plr:2 prkts:2 sxr:4 t:2 trls:2 ].
[fsimilar] # C: [ :1 0:1 af:2 fr:2 mfmnt:2 pl:2 sxr:2 t:1 ttrl:2 ].
[fsimilar] # C: [ :1 an:2 flt:2 fr:2 skss:2 sxr:2 tps:2 ].
[fsimilar] # C: [ :1 an:2 ftpl:2 lk:2 pl:2 prsln:2 tk:2 ttrl:2 ].
[fsimilar] # C: [ :1 fr:2 ftpl:2 skss:2 tps:2 ].
[fsimilar] # C: [ :1 h:1 hf:1 pl:2 sxr:2 t:2 ].
[fsimilar] # C: [ ant:2 sxr:2 trls:2 ttrl:2 xtnk:2 ].
[fsimilar] # C: [ an:2 h:1 hf:1 kls:2 skr:2 sxr:2 t:2 ].
[fsimilar] # C: [ a:2 h:1 hf:1 pl:2 sxr:2 t:2 xt:2 ].
[fsimilar] # C: [ akrs:2 amprf:2 h:1 hf:1 sxr:2 t:2 xtnk:2 ].
[fsimilar] # C: [ frrt:2 h:1 hf:1 kls:2 mr:2 skr:2 sxr:2 t:2 tps:2 ].
[fsimilar] # C: [ a0:1 at:1 fr:2 sxr:2 trls:2 xtnk:2 ].
[fsimilar] # C: [ kt:2 sxr:2 trnnk:2 ].
[fsimilar] # C: [ ftpl:2 trls:2 xtnk:2 ].
[fsimilar] # C: [ a:2 h:1 hf:1 pl:2 sxr:2 t:2 trpl:2 ].
[fsimilar] # C: [ aksrsss:2 fr:2 kntrl:2 kts:2 pl:2 sxr:2 ].
[fsimilar] # C: [ ant:2 sxr:2 trls:2 ttrl:2 xtnk:2 ].
[fsimilar] # C: [ alstk:2 f:2 mfs:2 sxr:2 ttrl:2 ].
[fsimilar] # C: [ akslrxn:2 amprf:2 ant:2 h:1 hf:1 spt:2 sxr:2 t:2 ].
[fsimilar] # C: [ a:2 ftpl:2 h:1 hf:1 kntrl:2 t:2 ].
[fsimilar] # C: [ ftpl:2 h:1 hf:1 t:2 tps:2 trpl:2 trplnk:2 ].
[fsimilar] # C: [ amprf:2 ftpl:2 prfl:2 sxr:2 t:2 tps:2 trplnk:2 ].
[fsimilar] # C: [ 0:1 amprf:2 asnxls:2 sxr:6 t:1 trls:2 trplnk:4 ].
[fsimilar] # C: [ akrs:2 amprf:2 h:1 hf:1 sxr:2 t:2 xtnk:2 ].
[fsimilar] # C: [ 0:1 aklnk:1 arlt:1 arnt:2 at:2 frlt:1 ftpl:2 h:1 hf:1 jklnk:1 mf:2 sxr:2 t:5 ].
[fsimilar] # C: [ a0:1 at:1 fr:2 sxr:2 trls:2 ].
[fsimilar] # C: [ f:2 h:1 hf:1 mfs:2 sxr:2 t:4 ].
[fsimilar] # C: [ amprf:2 h:1 hf:1 kntrl:2 pl:2 sxr:4 t:2 trls:2 trnnk:2 ].
[fsimilar] # C: [ kt:2 sxr:2 trnnk:2 ].
[fsimilar] # C: [ kntrl:2 pl:2 sxr:2 trls:2 ].
[fsimilar] # C: [ amprf:2 sxr:2 tknk:2 xtnk:2 ].
[fsimilar] # C: [ 0:1 a:2 af:2 ar:2 at:2 h:1 hf:1 kntrl:2 pl:2 sxr:2 t:3 ].
[fsimilar] # C: [ 0:1 ant:2 arkt:1 asnxls:2 fr:2 frkt:1 plrs:2 pr:2 strnk0:1 strnkt:1 sxr:4 t:1 ].
[fsimilar] # C: [ kl:2 sxr:2 tn:2 ].
[fsimilar] # C: [ amprf:2 ar:2 at:2 h:1 hf:1 hm:2 skls:2 sxr:2 t:2 trplnk:2 ].
[fsimilar] # C: [ h:1 hf:1 mtfltr:2 pl:2 sxr:2 t:2 tps:2 ].
[fsimilar] # C: [ ftrk:2 sxr:4 trls:2 trplnk:2 ].
[fsimilar] # C: [ amprf:2 ftpl:2 h:1 hf:1 kntrl:2 t:2 ].
[fsimilar] # C: [ ftpl:4 h:1 hf:1 pl:2 t:2 tps:2 ].
[fsimilar] # C: [ a:2 an:2 h:1 hf:1 pt:2 sxr:2 t:2 tfntr:2 ].
[fsimilar] # C: [ a:2 h:1 hf:1 pl:2 sxr:4 t:2 tps:2 xt:2 xtnk:2 ].
[fsimilar] # C: [ :1 arkts:1 frkts:1 sxr:2 ].
[fsimilar] # C: [ :1 prfsnl:2 strxs:2 sxr:2 ].
[fsimilar] # C: [ :1 arkts:1 at:2 frkts:1 hm:2 sxr:2 ].
[fsimilar] # C: [ :1 fr:2 strxnk:2 sxr:2 tnmk:2 ].
[fsimilar] # C: [ :1 amprf:2 ant:2 antrns:2 fr:2 h:1 hf:1 rnnk:2 stmn:2 sxr:2 t:2 ].
[fsimilar] # C: [ :1 spt:2 sxr:2 trls:2 ].
[fsimilar] # C: [ :1 ntrxn:2 sxr:2 ].
[fsimilar] # C: [ :1 amprf:2 ant:2 ftns:2 kt:2 spt:2 strnk0:1 strnkt:1 sxr:2 t:2 ].
[fsimilar] # C: [ :1 aksplnt:2 psxns:2 sxr:2 ].
[fsimilar] # C: [ :1 strnk0:1 strnkt:1 sxr:2 trnnk:2 ].
[fsimilar] # C: [ :1 amprf:2 at:2 h:1 hf:1 hm:2 strnk0:1 strnkt:1 sxr:2 t:2 trls:2 ].
[fsimilar] # C: [ :1 amprf:2 ftns:2 h:1 hf:1 sxr:2 t:2 ].
[fsimilar] # C: [ :1 arkts:1 fr:2 frkts:1 strnk0:1 strnkt:1 sxr:2 ].
[fsimilar] # C: [ :1 amprf:2 ant:2 h:1 hf:1 kkns:2 spt:2 sxr:2 t:2 ].
[fsimilar] # C: [ :1 spt:2 sxr:2 trnnk:2 ].
[fsimilar] # C: [ :1 amprf:2 flksplt:2 fr:2 h:1 hf:1 pjnrs:1 pknrs:1 sxr:2 t:2 ].
[fsimilar] # C: [ :1 amprf:2 antrns:2 at:2 hm:2 sxr:2 trls:2 ].
[fsimilar] # C: [ :1 amprf:2 ant:2 h:1 hf:1 stplt:2 strnk0:1 strnkt:1 t:2 ].
[fsimilar] # C: [ :1 kl:2 sxr:2 tn:2 ].
[fsimilar] # C: [ :1 akslrxn:2 amprf:2 ant:2 h:1 hf:1 spt:2 sxr:2 t:2 ].
[fsimilar] # C: [ :1 ap:2 arm:1 fr:2 frm:1 h:1 hf:1 sxr:2 t:2 ].
[fsimilar] # C: [ :1 pst:2 strxs:2 sxr:2 ].
[fsimilar] # C: [ :1 ap:2 arm:1 frm:1 sxr:2 ].
[fsimilar] # C: [ :1 ajlt:1 aklt:1 amprf:2 ant:2 h:1 hf:1 kkns:2 spt:2 sxr:2 t:2 ].
[fsimilar] # C: [ :1 amp:1 amprf:2 frtkl:1 h:1 hf:1 jmp:1 prtkl:1 t:2 ].
[fsimilar] # C: [ :1 kt:2 sxr:2 trnnk:2 ].
[fsimilar] # C: [ :1 amprf:2 ant:2 antrns:2 ftpl:2 h:1 hf:1 spt:2 t:2 ].
[fsimilar] # C: [ :1 plmtrks:2 sxr:2 ].
[fsimilar] # C: [ :1 ap:2 arm:1 frm:1 sxr:2 trls:2 ].
[fsimilar] # C: [ :1 akslrxn:2 amprf:2 ant:2 h:1 hf:1 spt:2 sxr:2 t:2 ].
[fsimilar] # C: [ :1 ant:2 arkts:1 fr:2 frkts:1 spt:2 strnk0:1 strnkt:1 sxr:2 ].
[fsimilar] # C: [ :1 a0:1 at:1 fr:2 ftns:2 sxr:2 trls:2 trnnk:2 ].
[fsimilar] # C: [ :1 amprf:2 at:2 h:1 hf:1 hm:2 skls:2 sxr:4 t:2 trls:2 trnnk:2 trplnk:2 ].
[fsimilar] # C: [ :1 at:2 atfnst:2 hm:2 pk:2 skls:2 sxr:2 trk:2 trls:2 ].
[fsimilar] # C: [ :1 ant:2 at:2 hm:2 pl:2 px:2 skls:2 sxr:2 trls:2 ].
[fsimilar] # C: [ :1 at:2 hm:2 kntrl:2 pl:2 sxr:2 trls:4 ].
[fsimilar] # C: [ :1 at:2 hm:2 sxr:2 trls:2 trplnk:2 ].
[fsimilar] # C: [ :1 at:2 hm:2 prsln:2 skls:2 sxr:2 trls:2 ].
[fsimilar] # C: [ :1 klkr:2 sxr:2 ].
[fsimilar] # C: [ :1 ant:2 at:2 f:1 hm:2 kts:2 p:1 sxr:2 trls:2 trns:2 ].
[fsimilar] # C: [ :1 at:2 hm:2 skls:2 st:2 sxr:2 tk:2 trls:2 ].
[fsimilar] # C: [ :1 at:2 hm:2 skls:2 skp:2 stl:2 sxr:2 trls:2 ].
[fsimilar] # C: [ :1 amprf:2 at:2 h:1 hf:1 hm:2 strnk0:1 strnkt:1 sxr:2 t:2 trls:2 ].
[fsimilar] # C: [ :1 at:2 fr:2 hm:2 psnk:2 sxr:4 trls:4 ].
[fsimilar] # C: [ :1 afr:2 at:2 hm:2 ssr:2 stp:2 sxr:2 t:2 trls:2 ].
[fsimilar] # C: [ :1 amprf:2 ar:2 at:2 h:1 hf:1 hm:2 skls:2 sxr:2 t:2 trplnk:2 ].
[fsimilar] # C: [ :1 ant:2 at:2 hm:2 kt:2 skls:2 sxr:2 trls:2 trn:2 ].
[fsimilar] # C: [ :1 ap:2 at:2 flk:2 hm:2 skls:2 st:2 sxr:2 trls:2 ].
[fsimilar] # C: [ :1 kt:2 sxr:2 trnnk:2 ].
[fsimilar] # C: [ :1 pst:2 strxs:2 sxr:2 ].
[fsimilar] # C: [ :1 amprf:2 antrns:2 at:2 hm:2 sxr:2 trls:2 ].
[fsimilar] # C: [ :1 afr:2 at:2 hm:2 rl:2 skls:2 sxr:2 t:2 trls:2 xp:2 ].
[fsimilar] # C: [ a:2 h:1 hf:1 pl:2 sxr:2 t:2 trpl:2 ].
[fsimilar] # C: [ afr:2 at:2 hm:2 ssr:2 stp:2 sxr:2 t:2 trls:2 ].
[fsimilar] # C: [ alstk:2 f:2 mfs:2 sxr:2 ttrl:2 ].
[fsimilar] # C: [ ant:2 at:2 f:1 hm:2 kts:2 p:1 sxr:2 trls:2 trns:2 ].
[fsimilar] # C: [ ant:2 at:2 hm:2 pl:2 px:2 skls:2 sxr:2 trls:2 ].
[fsimilar] # C: [ ant:2 at:2 hm:2 kt:2 skls:2 sxr:2 trls:2 trn:2 ].
[fsimilar] # C: [ at:2 atfnst:2 hm:2 pk:2 skls:2 sxr:2 trk:2 trls:2 ].
[fsimilar] # C: [ f:2 h:1 hf:1 mfs:2 sxr:2 t:4 ].
[fsimilar] # C: [ kt:2 sxr:2 trnnk:2 ].
[fsimilar] # C: [ amprf:2 at:2 h:1 hf:1 hm:2 skls:2 sxr:4 t:2 trls:2 trnnk:2 trplnk:2 ].
[fsimilar] # C: [ at:2 hm:2 skls:2 st:2 sxr:2 tk:2 trls:2 ].
[fsimilar] # C: [ afr:2 at:2 hm:2 rl:2 skls:2 sxr:2 t:2 trls:2 xp:2 ].
[fsimilar] # C: [ h:1 hf:1 mfs:2 sxr:2 t:4 ].
[fsimilar] # C: [ at:2 hm:2 prsln:2 skls:2 sxr:2 trls:2 ].
[fsimilar] # C: [ a:2 h:1 hf:1 lk:2 lnl:2 ms:2 pl:2 sxr:2 t:2 trpl:2 ].
[fsimilar] # C: [ amprf:2 ar:2 at:2 h:1 hf:1 hm:2 skls:2 sxr:2 t:2 trplnk:2 ].
[fsimilar] # C: [ a:2 ftpl:2 h:1 hf:1 t:2 trpl:2 ].
[fsimilar] # C: [ mfs:2 sxr:2 trplnk:2 ].
[fsimilar] # C: [ ftrk:2 sxr:4 trls:2 trplnk:2 ].
[fsimilar] # C: [ a:2 an:2 h:1 hf:1 pt:2 sxr:2 t:2 tfntr:2 ].
[fsimilar] # C: [ sxr:2 trls:2 trplnk:2 ].
[fsimilar] # C: [ mfs:2 sxr:2 trplnk:2 ttrl:2 ].
[fsimilar] # S: [4 171].
 5443429 ./Soccer Tips & Soccer Advice/Soccer Positions Explained.mp4
 5443429 ./How to improve Soccer conditioning & Soccer fitness/22 - Soccer Positions Explained.mp4

[fsimilar] # S: [15 142].
 5973267 ./Soccer Tips & Soccer Advice/Football Dribbling Tips - How to dribble.mp4
 5973267 ./Top Soccer Training Videos/Football Dribbling Tips - How to dribble.mp4

[fsimilar] # S: [23 50 78 94 134 150 188 211 223].
 4455628 ./Soccer Tips & Soccer Advice/Soccer Training Guide.webm
 4455628 ./How to improve Soccer passing & receiving skills/Soccer Training Guide.webm
 4455628 ./How to improve Soccer ball control skills/Soccer Training Guide.webm
 4455628 ./Youth Soccer Training Drills/Soccer Training Guide.webm
 4455628 ./How to improve Soccer shooting skills & finishing/Soccer Training Guide.webm
 4455628 ./Top Soccer Training Videos/Soccer Training Guide.webm
 4455628 ./How to improve Soccer conditioning & Soccer fitness/32 - Soccer Training Guide.webm
 4455628 ./At Home Soccer Training Drills/20 - Soccer Training Guide.webm
 4455628 ./How to improve Soccer dribbling skills and fast footwork/Soccer Training Guide.webm

[fsimilar] # S: [33 157].
 5805224 ./Soccer Tips & Soccer Advice/Soccer Tips - How to play midfielder.mp4
 5805224 ./Top Soccer Training Videos/Soccer Tips - How to play midfielder.mp4

[fsimilar] # S: [40 160].
 4090343 ./Soccer Tips & Soccer Advice/Football Tips - How to play football.mp4
 4090343 ./Top Soccer Training Videos/Football Tips - How to play football.mp4

[fsimilar] # S: [43 162].
 5131092 ./Soccer Tips & Soccer Advice/Soccer Shooting Tips - How to Shoot a Soccer Ball.mp4
 5131092 ./Top Soccer Training Videos/Soccer Shooting Tips - How to Shoot a Soccer Ball.mp4

[fsimilar] # S: [46 87].
13599728 ./How to improve Soccer passing & receiving skills/Football Passing Drills.mp4
13599728 ./Youth Soccer Training Drills/Football Passing Drills.mp4

[fsimilar] # S: [47 88].
13295374 ./How to improve Soccer passing & receiving skills/Soccer Passing Drills For Youth.mp4
13295374 ./Youth Soccer Training Drills/Soccer Passing Drills For Youth.mp4

[fsimilar] # S: [49 90].
11827630 ./How to improve Soccer passing & receiving skills/Soccer Passing Drills.mp4
11827630 ./Youth Soccer Training Drills/Soccer Passing Drills.mp4

[fsimilar] # S: [51 95 151].
 7997569 ./How to improve Soccer passing & receiving skills/Soccer Ball Control Drills.mp4
 7997569 ./Youth Soccer Training Drills/Soccer Ball Control Drills.mp4
 7997569 ./Top Soccer Training Videos/Soccer Ball Control Drills.mp4

[fsimilar] # S: [52 206].
 8242852 ./How to improve Soccer passing & receiving skills/At Home Soccer Drills - Passing Drills For Soccer.mp4
 8242852 ./At Home Soccer Training Drills/07 - At Home Soccer Drills - Passing Drills For Soccer.mp4

[fsimilar] # S: [64 108].
12146599 ./How to improve Soccer ball control skills/How To Control A Soccer Ball Like Zidane.mp4
12146599 ./Try These Soccer Drills/How To Control A Soccer Ball Like Zidane.mp4

[fsimilar] # S: [66 137].
11142887 ./How to improve Soccer ball control skills/Soccer Ball Control Exercises For Kids.mp4
11142887 ./Top Soccer Training Videos/Soccer Ball Control Exercises For Kids.mp4

[fsimilar] # S: [67 141].
 6389206 ./How to improve Soccer ball control skills/How To Control A Football.mp4
 6389206 ./Top Soccer Training Videos/How To Control A Football.mp4

[fsimilar] # S: [68 198].
 8108581 ./How to improve Soccer ball control skills/At Home Soccer Drills - Ball Control Drills.mp4
 8108581 ./At Home Soccer Training Drills/08 - At Home Soccer Drills - Ball Control Drills.mp4

[fsimilar] # S: [69 210].
 5024852 ./How to improve Soccer ball control skills/At Home Soccer Drills - Side Flick Up Skills.mp4
 5024852 ./At Home Soccer Training Drills/15 - At Home Soccer Drills - Side Flick Up Skills.mp4

[fsimilar] # S: [75 204].
 3952646 ./How to improve Soccer ball control skills/At Home Soccer Drills - Scoop Stall Skills.mp4
 3952646 ./At Home Soccer Training Drills/14 - At Home Soccer Drills - Scoop Stall Skills.mp4

[fsimilar] # S: [77 114 149].
 7062781 ./How to improve Soccer ball control skills/How to Improve Soccer Ball Control - Soccer Training Drills.mp4
 7062781 ./Try These Soccer Drills/How to Improve Soccer Ball Control - Soccer Training Drills.mp4
 7062781 ./Top Soccer Training Videos/How to Improve Soccer Ball Control - Soccer Training Drills.mp4

[fsimilar] # S: [79 101].
11936817 ./How to improve Soccer ball control skills/How To Juggle A Soccer Ball Tutorial For Beginners.mp4
11936817 ./Must Watch Tutorials/10 - How To Juggle A Soccer Ball Tutorial For Beginners.mp4

[fsimilar] # S: [80 153].
11886999 ./How to improve Soccer ball control skills/How To Control A Soccer Ball Out Of The Air.mp4
11886999 ./Top Soccer Training Videos/How To Control A Soccer Ball Out Of The Air.mp4

[fsimilar] # S: [84 232].
11654072 ./How to improve Soccer ball control skills/Soccer Dribbling Moves.mp4
11654072 ./How to improve Soccer dribbling skills and fast footwork/Soccer Dribbling Moves.mp4

[fsimilar] # S: [86 159].
10738891 ./How to improve Soccer ball control skills/How To Improve Football Control.mp4
10738891 ./Top Soccer Training Videos/How To Improve Football Control.mp4

[fsimilar] # S: [92 167].
18897144 ./Youth Soccer Training Drills/How To Improve Running Endurance and Stamina For Soccer.mp4
18897144 ./How to improve Soccer conditioning & Soccer fitness/23 - How To Improve Running Endurance and Stamina For Soccer.mp4

[fsimilar] # S: [93 147].
11650500 ./Youth Soccer Training Drills/Soccer Drills For Youth.mp4
11650500 ./Top Soccer Training Videos/Soccer Drills For Youth.mp4

[fsimilar] # S: [97 183].
26142540 ./Youth Soccer Training Drills/How To Warm Up For Soccer.mp4
26142540 ./How to improve Soccer conditioning & Soccer fitness/24 - How To Warm Up For Soccer.mp4

[fsimilar] # S: [111 144].
 8895724 ./Try These Soccer Drills/Improve Soccer Dribbling - Soccer Dribbling Drills - The Soccer Essentials.mp4
 8895724 ./Top Soccer Training Videos/Improve Soccer Dribbling - Soccer Dribbling Drills - The Soccer Essentials.mp4

[fsimilar] # S: [112 186].
14980304 ./Try These Soccer Drills/How To Improve Soccer Speed Agility and Quickness.mp4
14980304 ./How to improve Soccer conditioning & Soccer fitness/28 - How To Improve Soccer Speed Agility and Quickness.mp4

[fsimilar] # S: [113 148 222].
 9042503 ./Try These Soccer Drills/How To Do 1v1 Soccer Moves.mp4
 9042503 ./Top Soccer Training Videos/How To Do 1v1 Soccer Moves.mp4
 9042503 ./How to improve Soccer dribbling skills and fast footwork/How To Do 1v1 Soccer Moves.mp4

[fsimilar] # S: [115 152].
10043873 ./Try These Soccer Drills/Improve Soccer Shooting Technique.mp4
10043873 ./Top Soccer Training Videos/Improve Soccer Shooting Technique.mp4

[fsimilar] # S: [128 138].
20096681 ./How to improve Soccer shooting skills & finishing/Soccer Shooting Drills and Tutorial.mp4
20096681 ./Top Soccer Training Videos/Soccer Shooting Drills and Tutorial.mp4

[fsimilar] # S: [131 145].
10198389 ./How to improve Soccer shooting skills & finishing/How To Improve Soccer Shooting Accuracy.mp4
10198389 ./Top Soccer Training Videos/How To Improve Soccer Shooting Accuracy.mp4

[fsimilar] # S: [136 215].
10208226 ./Top Soccer Training Videos/How To Dribble A Soccer Ball.mp4
10208226 ./How to improve Soccer dribbling skills and fast footwork/How To Dribble A Soccer Ball.mp4

[fsimilar] # S: [139 217].
 7714251 ./Top Soccer Training Videos/1v1 Soccer Moves - Elastico Tutorial.mp4
 7714251 ./How to improve Soccer dribbling skills and fast footwork/1v1 Soccer Moves - Elastico Tutorial.mp4

[fsimilar] # S: [140 192].
 9255149 ./Top Soccer Training Videos/How To Improve Soccer Speed and Acceleration.mp4
 9255149 ./How to improve Soccer conditioning & Soccer fitness/03 - How To Improve Soccer Speed and Acceleration.mp4

[fsimilar] # S: [155 181].
15189628 ./Top Soccer Training Videos/Soccer Cool Down.mp4
15189628 ./How to improve Soccer conditioning & Soccer fitness/08 - Soccer Cool Down.mp4

[fsimilar] # S: [156 208 230].
 8949123 ./Top Soccer Training Videos/How to Improve your Soccer Dribbling Skills At Home.mp4
 8949123 ./At Home Soccer Training Drills/02 - How to Improve your Soccer Dribbling Skills At Home.mp4
 8949123 ./How to improve Soccer dribbling skills and fast footwork/How to Improve your Soccer Dribbling Skills At Home.mp4

[fsimilar] # S: [158 233].
12977783 ./Top Soccer Training Videos/Soccer Dribbling Drills - Soccer Footwork.mp4
12977783 ./How to improve Soccer dribbling skills and fast footwork/Soccer Dribbling Drills - Soccer Footwork.mp4

[fsimilar] # S: [161 234].
11474273 ./Top Soccer Training Videos/How To Beat A Defender In Soccer.mp4
11474273 ./How to improve Soccer dribbling skills and fast footwork/How To Beat A Defender In Soccer.mp4

[fsimilar] # S: [173 205].
16505362 ./How to improve Soccer conditioning & Soccer fitness/02 - At Home Soccer Drills - How To Improve Strength.mp4
16505362 ./At Home Soccer Training Drills/06 - At Home Soccer Drills - How To Improve Strength.mp4

[fsimilar] # S: [179 213].
11012967 ./How to improve Soccer conditioning & Soccer fitness/01 - At Home Soccer Drills - Improve Endurance.mp4
11012967 ./At Home Soccer Training Drills/13 - At Home Soccer Drills - Improve Endurance.mp4

[fsimilar] # S: [184 212].
11211542 ./How to improve Soccer conditioning & Soccer fitness/13 - Best Soccer Stretches.mp4
11211542 ./At Home Soccer Training Drills/01 - Best Soccer Stretches.mp4

[fsimilar] # S: [195 224].
 7722313 ./At Home Soccer Training Drills/05 - At Home Soccer Training Drills - How to improve soccer dribbling skills.mp4
 7722313 ./How to improve Soccer dribbling skills and fast footwork/At Home Soccer Training Drills - How to improve soccer dribbling skills.mp4

[fsimilar] # S: [196 221].
 5236418 ./At Home Soccer Training Drills/17 - At Home Soccer Drills - Advanced Drag Back Skills.mp4
 5236418 ./How to improve Soccer dribbling skills and fast footwork/At Home Soccer Drills - Advanced Drag Back Skills.mp4

[fsimilar] # S: [197 219].
 3487644 ./At Home Soccer Training Drills/11 - At Home Soccer Drills - Push and Pull Skills.mp4
 3487644 ./How to improve Soccer dribbling skills and fast footwork/At Home Soccer Drills - Push and Pull Skills.mp4

[fsimilar] # S: [200 228].
 3765516 ./At Home Soccer Training Drills/19 - At Home Soccer Drills - Brazilian Skills.mp4
 3765516 ./How to improve Soccer dribbling skills and fast footwork/At Home Soccer Drills - Brazilian Skills.mp4

[fsimilar] # S: [202 218].
 3487358 ./At Home Soccer Training Drills/12 - At Home Soccer Drills - Cuts and V Turns.mp4
 3487358 ./How to improve Soccer dribbling skills and fast footwork/At Home Soccer Drills - Cuts and V Turns.mp4

[fsimilar] # S: [203 225].
 5040474 ./At Home Soccer Training Drills/16 - At Home Soccer Drills - Side Touch Skills.mp4
 5040474 ./How to improve Soccer dribbling skills and fast footwork/At Home Soccer Drills - Side Touch Skills.mp4

[fsimilar] # S: [207 216].
 4206289 ./At Home Soccer Training Drills/10 - At Home Soccer Drills - Scissor To Step Over.mp4
 4206289 ./How to improve Soccer dribbling skills and fast footwork/At Home Soccer Drills - Scissor To Step Over.mp4

[fsimilar] # S: [209 220].
 4550201 ./At Home Soccer Training Drills/09 - At Home Soccer Drills - Cut and Turn Skills.mp4
 4550201 ./How to improve Soccer dribbling skills and fast footwork/At Home Soccer Drills - Cut and Turn Skills.mp4

[fsimilar] # S: [214 226].
 4972074 ./At Home Soccer Training Drills/18 - At Home Soccer Drills - Roll Over To Chop Skills.mp4
 4972074 ./How to improve Soccer dribbling skills and fast footwork/At Home Soccer Drills - Roll Over To Chop Skills.mp4


