[fsimilar] # C: [ beginners:1 for:1 soccer:1 tips:1 ].
[fsimilar] # C: [ for:1 forwards:1 soccer:1 tips:1 ].
[fsimilar] # C: [ defense:1 good:1 how:1 in:1 play:1 soccer:1 to:1 ].
[fsimilar] # C: [ a:1 ball:1 how:1 kick:1 shooting:1 soccer:2 tips:1 to:1 ].
[fsimilar] # C: [ explained:1 positions:1 soccer:1 ].
[fsimilar] # C: [ and:1 drills:1 exercises:1 for:1 soccer:1 youth:1 ].
[fsimilar] # C: [ a:1 be:1 defender:1 good:1 how:1 soccer:2 tips:1 to:1 ].
[fsimilar] # C: [ defending:1 soccer:1 tips:1 useful:1 ].
[fsimilar] # C: [ a:1 become:1 better:1 how:1 player:1 soccer:2 tips:1 to:1 ].
[fsimilar] # C: [ be:1 confident:1 how:1 in:1 more:1 soccer:1 to:1 ].
[fsimilar] # C: [ dribble:1 dribbling:1 fast:1 how:1 soccer:1 tips:1 to:1 ].
[fsimilar] # C: [ defending:1 soccer:2 technique:1 tips:1 ].
[fsimilar] # C: [ from:1 pros:1 soccer:1 tips:1 ].
[fsimilar] # C: [ a:1 be:1 good:1 how:1 midfielder:1 soccer:2 tips:1 to:1 ].
[fsimilar] # C: [ dribbling:1 football:1 tips:1 ].
[fsimilar] # C: [ dribble:1 dribbling:1 football:1 how:1 tips:1 to:1 ].
[fsimilar] # C: [ beginners:1 football:1 for:1 tips:1 ].
[fsimilar] # C: [ how:1 midfield:1 play:1 soccer:1 tips:1 to:1 ].
[fsimilar] # C: [ a:1 ball:1 dribble:1 dribbling:1 how:1 soccer:1 tips:1 to:1 ].
[fsimilar] # C: [ defense:1 how:1 in:1 play:1 soccer:2 tips:1 to:1 ].
[fsimilar] # C: [ for:1 free:1 how:1 online:1 soccer:1 to:1 watch:1 ].
[fsimilar] # C: [ football:1 for:1 forwards:1 tips:1 ].
[fsimilar] # C: [ forward:1 how:1 play:1 soccer:1 tips:1 to:1 ].
[fsimilar] # C: [ guide:1 soccer:1 training:1 ].
[fsimilar] # C: [ a:1 be:1 how:1 player:1 soccer:2 tips:1 to:1 ].
[fsimilar] # C: [ how:1 midfielder:1 play:1 properly:1 soccer:1 to:1 ].
[fsimilar] # C: [ football:1 for:1 tips:1 youth:1 ].
[fsimilar] # C: [ how:1 improve:1 power:1 shooting:1 shot:1 soccer:1 tips:1 to:1 ].
[fsimilar] # C: [ accuracy:1 how:1 improve:1 shooting:1 shot:1 soccer:1 tips:1 to:1 ].
[fsimilar] # C: [ a:1 football:2 hard:1 how:1 kick:1 shooting:1 tips:1 to:1 ].
[fsimilar] # C: [ dribbling:1 soccer:1 tips:1 ].
[fsimilar] # C: [ a:1 become:1 better:1 player:1 soccer:1 tips:1 ].
[fsimilar] # C: [ how:1 play:1 soccer:2 tips:1 to:1 ].
[fsimilar] # C: [ how:1 midfielder:1 play:1 soccer:1 tips:1 to:1 ].
[fsimilar] # C: [ a:1 for:1 game:1 how:1 prepare:1 soccer:2 tips:1 to:1 ].
[fsimilar] # C: [ defend:1 defending:1 how:1 in:1 soccer:2 tips:1 to:1 ].
[fsimilar] # C: [ ball:1 control:1 how:1 improve:1 soccer:1 tips:1 to:1 ].
[fsimilar] # C: [ foward:1 goals:1 more:1 score:1 soccer:1 to:1 training:1 ].
[fsimilar] # C: [ football:1 forward:1 how:1 play:1 tips:1 to:1 ].
[fsimilar] # C: [ football:1 from:1 pros:1 tips:1 ].
[fsimilar] # C: [ football:2 how:1 play:1 tips:1 to:1 ].
[fsimilar] # C: [ improve:1 skills:1 soccer:2 tips:1 ].
[fsimilar] # C: [ football:1 how:1 midfield:1 play:1 tips:1 to:1 ].
[fsimilar] # C: [ a:1 ball:1 how:1 shoot:1 shooting:1 soccer:2 tips:1 to:1 ].
[fsimilar] # C: [ a:1 be:1 football:1 footballer:1 how:1 tips:1 to:1 ].
[fsimilar] # C: [ a:1 ball:1 hernandez:1 how:1 learn:1 like:1 pass:1 preview:1 secrets:1 soccer:2 success:1 to:1 xavi:1 ].
[fsimilar] # C: [ drills:1 football:1 passing:1 ].
[fsimilar] # C: [ drills:1 for:1 passing:1 soccer:1 youth:1 ].
[fsimilar] # C: [ a:1 ball:1 how:1 pass:1 soccer:2 tips:1 to:1 ].
[fsimilar] # C: [ drills:1 passing:1 soccer:1 ].
[fsimilar] # C: [ guide:1 soccer:1 training:1 ].
[fsimilar] # C: [ ball:1 control:1 drills:1 soccer:1 ].
[fsimilar] # C: [ at:1 drills:2 for:1 home:1 passing:1 soccer:2 ].
[fsimilar] # C: [ exercises:1 passing:1 soccer:1 ].
[fsimilar] # C: [ 5:1 how:1 in:1 play:1 soccer:1 to:1 tutorial:1 winger:1 ].
[fsimilar] # C: [ 3:1 defensive:1 football:1 how:1 in:1 midfielder:1 play:1 to:1 tutorial:1 ].
[fsimilar] # C: [ 4:1 attacking:1 how:1 in:1 midfielder:1 play:1 soccer:1 to:1 tutorial:1 ].
[fsimilar] # C: [ 6:1 how:1 in:1 play:1 soccer:1 striker:1 to:1 tutorial:1 ].
[fsimilar] # C: [ 2:1 football:1 fullback:1 how:1 in:1 play:1 to:1 tutorial:1 ].
[fsimilar] # C: [ 1:1 back:1 center:1 football:1 for:1 how:1 play:1 to:1 tutorial:1 ].
[fsimilar] # C: [ do:1 how:1 in:1 rainbow:1 soccer:1 the:1 to:1 ].
[fsimilar] # C: [ ball:1 best:1 control:1 drills:1 for:1 kids:1 soccer:1 ].
[fsimilar] # C: [ 2:1 ball:1 control:1 football:1 how:1 improve:1 to:1 ].
[fsimilar] # C: [ freestyle:1 soccer:1 tricks:1 ].
[fsimilar] # C: [ a:1 ball:1 control:1 how:1 like:1 soccer:1 to:1 zidane:1 ].
[fsimilar] # C: [ 6:1 football:1 how:1 improve:1 to:1 touch:1 ].
[fsimilar] # C: [ ball:1 control:1 exercises:1 for:1 kids:1 soccer:1 ].
[fsimilar] # C: [ a:1 control:1 football:1 how:1 to:1 ].
[fsimilar] # C: [ at:1 ball:1 control:1 drills:2 home:1 soccer:1 ].
[fsimilar] # C: [ at:1 drills:1 flick:1 home:1 side:1 skills:1 soccer:1 up:1 ].
[fsimilar] # C: [ a:1 ball:1 head:1 how:1 on:1 soccer:1 stall:1 to:1 your:1 ].
[fsimilar] # C: [ a:1 ball:1 control:1 how:1 like:1 ronaldinho:1 soccer:1 to:1 ].
[fsimilar] # C: [ 4:1 football:1 how:1 improve:1 juggling:1 to:1 ].
[fsimilar] # C: [ a:1 ball:1 foot:1 how:1 on:1 soccer:1 stall:1 to:1 your:1 ].
[fsimilar] # C: [ 7:1 how:1 improve:1 soccer:1 to:1 touch:1 ].
[fsimilar] # C: [ at:1 drills:1 home:1 scoop:1 skills:1 soccer:1 stall:1 ].
[fsimilar] # C: [ 3:1 ball:1 control:1 how:1 improve:1 soccer:1 to:1 ].
[fsimilar] # C: [ ball:1 control:1 drills:1 how:1 improve:1 soccer:2 to:1 training:1 ].
[fsimilar] # C: [ guide:1 soccer:1 training:1 ].
[fsimilar] # C: [ a:1 ball:1 beginners:1 for:1 how:1 juggle:1 soccer:1 to:1 tutorial:1 ].
[fsimilar] # C: [ a:1 air:1 ball:1 control:1 how:1 of:1 out:1 soccer:1 the:1 to:1 ].
[fsimilar] # C: [ drills:1 first:1 for:1 improve:1 kids:1 soccer:1 touch:1 ].
[fsimilar] # C: [ first:1 how:1 improve:1 in:1 soccer:1 to:1 touch:1 ].
[fsimilar] # C: [ 1:1 a:1 ball:1 how:1 juggle:1 soccer:1 to:1 ].
[fsimilar] # C: [ dribbling:1 moves:1 soccer:1 ].
[fsimilar] # C: [ a:1 ball:1 how:1 neck:1 on:1 soccer:1 stall:1 to:1 your:1 ].
[fsimilar] # C: [ control:1 football:1 how:1 improve:1 to:1 ].
[fsimilar] # C: [ drills:1 football:1 passing:1 ].
[fsimilar] # C: [ drills:1 for:1 passing:1 soccer:1 youth:1 ].
[fsimilar] # C: [ beginners:1 drills:1 for:1 soccer:1 ].
[fsimilar] # C: [ drills:1 passing:1 soccer:1 ].
[fsimilar] # C: [ a:1 drills:1 for:1 kickabout:1 passing:1 soccer:1 sunday:1 ].
[fsimilar] # C: [ and:1 endurance:1 for:1 how:1 improve:1 running:1 soccer:1 stamina:1 to:1 ].
[fsimilar] # C: [ drills:1 for:1 soccer:1 youth:1 ].
[fsimilar] # C: [ guide:1 soccer:1 training:1 ].
[fsimilar] # C: [ ball:1 control:1 drills:1 soccer:1 ].
[fsimilar] # C: [ and:1 drills:1 exercises:1 soccer:1 ].
[fsimilar] # C: [ for:1 how:1 soccer:1 to:1 up:1 warm:1 ].
[fsimilar] # C: [ 04:1 shooting:1 soccer:1 technique:1 ].
[fsimilar] # C: [ 09:1 a:1 beat:1 defender:1 football:1 how:1 in:1 to:1 ].
[fsimilar] # C: [ 03:1 defend:1 how:1 in:1 soccer:1 to:1 ].
[fsimilar] # C: [ 10:1 a:1 ball:1 beginners:1 for:1 how:1 juggle:1 soccer:1 to:1 tutorial:1 ].
[fsimilar] # C: [ 05:1 football:1 long:1 or:1 passing:1 soccer:1 tutorial:1 ].
[fsimilar] # C: [ 02:1 a:1 ball:1 head:1 how:1 soccer:1 to:1 tutorial:1 ].
[fsimilar] # C: [ 01:1 a:1 how:1 pass:1 receive:1 soccer:1 to:1 tutorial:1 ].
[fsimilar] # C: [ 06:1 kick:1 soccer:1 training:1 video:1 ].
[fsimilar] # C: [ 07:1 a:1 football:1 how:1 in:1 kick:1 or:1 penalty:1 soccer:1 take:1 to:1 ].
[fsimilar] # C: [ 08:1 faster:1 football:1 how:1 in:1 run:1 to:1 ].
[fsimilar] # C: [ a:1 ball:1 control:1 how:1 like:1 soccer:1 to:1 zidane:1 ].
[fsimilar] # C: [ advanced:1 for:1 players:1 skills:1 soccer:1 training:1 ].
[fsimilar] # C: [ drills:1 for:1 passing:1 soccer:1 youth:1 ].
[fsimilar] # C: [ dribbling:2 drills:1 essentials:1 improve:1 soccer:3 the:1 ].
[fsimilar] # C: [ agility:1 and:1 how:1 improve:1 quickness:1 soccer:1 speed:1 to:1 ].
[fsimilar] # C: [ 1v1:1 do:1 how:1 moves:1 soccer:1 to:1 ].
[fsimilar] # C: [ ball:1 control:1 drills:1 how:1 improve:1 soccer:2 to:1 training:1 ].
[fsimilar] # C: [ improve:1 shooting:1 soccer:1 technique:1 ].
[fsimilar] # C: [ agility:2 and:1 drills:1 exercises:1 for:1 soccer:1 ].
[fsimilar] # C: [ exercises:1 for:1 players:1 soccer:1 strength:1 ].
[fsimilar] # C: [ 02:1 football:1 how:1 play:1 to:1 ].
[fsimilar] # C: [ 01:1 every:1 football:1 must:1 or:1 player:1 soccer:1 the:1 video:1 watch:1 ].
[fsimilar] # C: [ 08:1 football:1 how:1 play:1 quicker:1 to:1 ].
[fsimilar] # C: [ 03:1 better:1 do:1 how:1 play:1 soccer:1 you:1 ].
[fsimilar] # C: [ 07:1 5:1 drills:1 every:1 improve:1 must:1 player:1 practice:1 soccer:2 to:1 ].
[fsimilar] # C: [ 10:1 ball:1 for:1 movement:1 off:1 soccer:1 the:1 tutorial:1 ].
[fsimilar] # C: [ 05:1 5:1 field:1 for:1 on:1 soccer:1 success:1 tips:1 ].
[fsimilar] # C: [ 09:1 barcelona:1 football:1 like:1 one:1 play:1 touch:1 tutorial:1 ].
[fsimilar] # C: [ 06:1 5:1 football:1 for:1 success:1 tips:1 ].
[fsimilar] # C: [ 04:1 how:1 play:1 soccer:1 to:1 ].
[fsimilar] # C: [ and:1 drills:1 shooting:1 soccer:1 tutorial:1 ].
[fsimilar] # C: [ goals:1 how:1 in:1 score:1 soccer:1 to:1 ].
[fsimilar] # C: [ a:1 ball:1 how:1 shoot:1 soccer:1 to:1 ].
[fsimilar] # C: [ accuracy:1 how:1 improve:1 shooting:1 soccer:1 to:1 ].
[fsimilar] # C: [ forward:1 goals:1 how:1 more:1 score:1 soccer:1 tips:1 to:1 ].
[fsimilar] # C: [ drills:1 for:1 shooting:1 soccer:1 youth:1 ].
[fsimilar] # C: [ guide:1 soccer:1 training:1 ].
[fsimilar] # C: [ drills:1 football:1 shooting:1 ].
[fsimilar] # C: [ a:1 ball:1 dribble:1 how:1 soccer:1 to:1 ].
[fsimilar] # C: [ ball:1 control:1 exercises:1 for:1 kids:1 soccer:1 ].
[fsimilar] # C: [ and:1 drills:1 shooting:1 soccer:1 tutorial:1 ].
[fsimilar] # C: [ 1v1:1 elastico:1 moves:1 soccer:1 tutorial:1 ].
[fsimilar] # C: [ acceleration:1 and:1 how:1 improve:1 soccer:1 speed:1 to:1 ].
[fsimilar] # C: [ a:1 control:1 football:1 how:1 to:1 ].
[fsimilar] # C: [ dribble:1 dribbling:1 football:1 how:1 tips:1 to:1 ].
[fsimilar] # C: [ dribbling:1 football:1 improve:1 powerful:1 soccer:1 tips:1 to:1 ].
[fsimilar] # C: [ dribbling:2 drills:1 essentials:1 improve:1 soccer:3 the:1 ].
[fsimilar] # C: [ accuracy:1 how:1 improve:1 shooting:1 soccer:1 to:1 ].
[fsimilar] # C: [ around:1 atw:1 do:1 football:1 how:1 juggling:1 move:1 soccer:1 the:1 to:1 world:1 ].
[fsimilar] # C: [ drills:1 for:1 soccer:1 youth:1 ].
[fsimilar] # C: [ 1v1:1 do:1 how:1 moves:1 soccer:1 to:1 ].
[fsimilar] # C: [ ball:1 control:1 drills:1 how:1 improve:1 soccer:2 to:1 training:1 ].
[fsimilar] # C: [ guide:1 soccer:1 training:1 ].
[fsimilar] # C: [ ball:1 control:1 drills:1 soccer:1 ].
[fsimilar] # C: [ improve:1 shooting:1 soccer:1 technique:1 ].
[fsimilar] # C: [ a:1 air:1 ball:1 control:1 how:1 of:1 out:1 soccer:1 the:1 to:1 ].
[fsimilar] # C: [ and:1 essentials:1 for:1 players:1 power:1 soccer:2 strength:1 the:1 workout:1 ].
[fsimilar] # C: [ cool:1 down:1 soccer:1 ].
[fsimilar] # C: [ at:1 dribbling:1 home:1 how:1 improve:1 skills:1 soccer:1 to:1 your:1 ].
[fsimilar] # C: [ how:1 midfielder:1 play:1 soccer:1 tips:1 to:1 ].
[fsimilar] # C: [ dribbling:1 drills:1 footwork:1 soccer:2 ].
[fsimilar] # C: [ control:1 football:1 how:1 improve:1 to:1 ].
[fsimilar] # C: [ football:2 how:1 play:1 tips:1 to:1 ].
[fsimilar] # C: [ a:1 beat:1 defender:1 how:1 in:1 soccer:1 to:1 ].
[fsimilar] # C: [ a:1 ball:1 how:1 shoot:1 shooting:1 soccer:2 tips:1 to:1 ].
[fsimilar] # C: [ 10:1 soccer:1 workouts:1 ].
[fsimilar] # C: [ 18:1 professional:1 soccer:1 stretches:1 ].
[fsimilar] # C: [ 11:1 at:1 home:1 soccer:1 workouts:1 ].
[fsimilar] # C: [ 16:1 dynamic:1 for:1 soccer:1 stretching:1 ].
[fsimilar] # C: [ 23:1 and:1 endurance:1 for:1 how:1 improve:1 running:1 soccer:1 stamina:1 to:1 ].
[fsimilar] # C: [ 17:1 drills:1 soccer:1 speed:1 ].
[fsimilar] # C: [ 21:1 nutrition:1 soccer:1 ].
[fsimilar] # C: [ 19:1 and:1 fitness:1 guide:1 improve:1 soccer:1 speed:1 strength:1 to:1 ].
[fsimilar] # C: [ 22:1 explained:1 positions:1 soccer:1 ].
[fsimilar] # C: [ 12:1 soccer:1 strength:1 training:1 ].
[fsimilar] # C: [ 02:1 at:1 drills:1 home:1 how:1 improve:1 soccer:1 strength:1 to:1 ].
[fsimilar] # C: [ 25:1 fitness:1 how:1 improve:1 soccer:1 to:1 ].
[fsimilar] # C: [ 07:1 for:1 soccer:1 strength:1 workouts:1 ].
[fsimilar] # C: [ 14:1 and:1 how:1 improve:1 quickness:1 soccer:1 speed:1 to:1 ].
[fsimilar] # C: [ 06:1 soccer:1 speed:1 training:1 ].
[fsimilar] # C: [ 27:1 beginners:1 flexibility:1 for:1 how:1 improve:1 soccer:1 to:1 ].
[fsimilar] # C: [ 01:1 at:1 drills:1 endurance:1 home:1 improve:1 soccer:1 ].
[fsimilar] # C: [ 29:1 and:1 how:1 improve:1 stability:1 strength:1 to:1 ].
[fsimilar] # C: [ 08:1 cool:1 down:1 soccer:1 ].
[fsimilar] # C: [ 30:1 acceleration:1 and:1 how:1 improve:1 soccer:1 speed:1 to:1 ].
[fsimilar] # C: [ 24:1 for:1 how:1 soccer:1 to:1 up:1 warm:1 ].
[fsimilar] # C: [ 13:1 best:1 soccer:1 stretches:1 ].
[fsimilar] # C: [ 09:1 soccer:1 up:1 warm:1 ].
[fsimilar] # C: [ 28:1 agility:1 and:1 how:1 improve:1 quickness:1 soccer:1 speed:1 to:1 ].
[fsimilar] # C: [ 31:1 how:1 improve:1 jump:1 to:1 vertical:1 ].
[fsimilar] # C: [ 32:1 guide:1 soccer:1 training:1 ].
[fsimilar] # C: [ 26:1 and:1 endurance:1 football:1 how:1 improve:1 speed:1 to:1 ].
[fsimilar] # C: [ 15:1 plyometrics:1 soccer:1 ].
[fsimilar] # C: [ 04:1 drills:1 soccer:1 up:1 warm:1 ].
[fsimilar] # C: [ 03:1 acceleration:1 and:1 how:1 improve:1 soccer:1 speed:1 to:1 ].
[fsimilar] # C: [ 20:1 and:1 for:1 soccer:1 speed:1 strength:1 workouts:1 ].
[fsimilar] # C: [ 05:1 drills:1 fitness:1 for:1 soccer:1 training:1 youth:1 ].
[fsimilar] # C: [ 05:1 at:1 dribbling:1 drills:1 home:1 how:1 improve:1 skills:1 soccer:2 to:1 training:1 ].
[fsimilar] # C: [ 17:1 advanced:1 at:1 back:1 drag:1 drills:1 home:1 skills:1 soccer:1 ].
[fsimilar] # C: [ 11:1 and:1 at:1 drills:1 home:1 pull:1 push:1 skills:1 soccer:1 ].
[fsimilar] # C: [ 08:1 at:1 ball:1 control:1 drills:2 home:1 soccer:1 ].
[fsimilar] # C: [ 04:1 at:1 dribbling:1 drills:1 home:1 soccer:1 ].
[fsimilar] # C: [ 19:1 at:1 brazilian:1 drills:1 home:1 skills:1 soccer:1 ].
[fsimilar] # C: [ 03:1 calgary:1 soccer:1 ].
[fsimilar] # C: [ 12:1 and:1 at:1 cuts:1 drills:1 home:1 soccer:1 turns:1 v:1 ].
[fsimilar] # C: [ 16:1 at:1 drills:1 home:1 side:1 skills:1 soccer:1 touch:1 ].
[fsimilar] # C: [ 14:1 at:1 drills:1 home:1 scoop:1 skills:1 soccer:1 stall:1 ].
[fsimilar] # C: [ 06:1 at:1 drills:1 home:1 how:1 improve:1 soccer:1 strength:1 to:1 ].
[fsimilar] # C: [ 07:1 at:1 drills:2 for:1 home:1 passing:1 soccer:2 ].
[fsimilar] # C: [ 10:1 at:1 drills:1 home:1 over:1 scissor:1 soccer:1 step:1 to:1 ].
[fsimilar] # C: [ 02:1 at:1 dribbling:1 home:1 how:1 improve:1 skills:1 soccer:1 to:1 your:1 ].
[fsimilar] # C: [ 09:1 and:1 at:1 cut:1 drills:1 home:1 skills:1 soccer:1 turn:1 ].
[fsimilar] # C: [ 15:1 at:1 drills:1 flick:1 home:1 side:1 skills:1 soccer:1 up:1 ].
[fsimilar] # C: [ 20:1 guide:1 soccer:1 training:1 ].
[fsimilar] # C: [ 01:1 best:1 soccer:1 stretches:1 ].
[fsimilar] # C: [ 13:1 at:1 drills:1 endurance:1 home:1 improve:1 soccer:1 ].
[fsimilar] # C: [ 18:1 at:1 chop:1 drills:1 home:1 over:1 roll:1 skills:1 soccer:1 to:1 ].
[fsimilar] # C: [ a:1 ball:1 dribble:1 how:1 soccer:1 to:1 ].
[fsimilar] # C: [ at:1 drills:1 home:1 over:1 scissor:1 soccer:1 step:1 to:1 ].
[fsimilar] # C: [ 1v1:1 elastico:1 moves:1 soccer:1 tutorial:1 ].
[fsimilar] # C: [ and:1 at:1 cuts:1 drills:1 home:1 soccer:1 turns:1 v:1 ].
[fsimilar] # C: [ and:1 at:1 drills:1 home:1 pull:1 push:1 skills:1 soccer:1 ].
[fsimilar] # C: [ and:1 at:1 cut:1 drills:1 home:1 skills:1 soccer:1 turn:1 ].
[fsimilar] # C: [ advanced:1 at:1 back:1 drag:1 drills:1 home:1 skills:1 soccer:1 ].
[fsimilar] # C: [ 1v1:1 do:1 how:1 moves:1 soccer:1 to:1 ].
[fsimilar] # C: [ guide:1 soccer:1 training:1 ].
[fsimilar] # C: [ at:1 dribbling:1 drills:1 home:1 how:1 improve:1 skills:1 soccer:2 to:1 training:1 ].
[fsimilar] # C: [ at:1 drills:1 home:1 side:1 skills:1 soccer:1 touch:1 ].
[fsimilar] # C: [ at:1 chop:1 drills:1 home:1 over:1 roll:1 skills:1 soccer:1 to:1 ].
[fsimilar] # C: [ do:1 how:1 moves:1 soccer:1 to:1 ].
[fsimilar] # C: [ at:1 brazilian:1 drills:1 home:1 skills:1 soccer:1 ].
[fsimilar] # C: [ a:1 ball:1 dribble:1 how:1 like:1 lionel:1 messi:1 soccer:1 to:1 ].
[fsimilar] # C: [ at:1 dribbling:1 home:1 how:1 improve:1 skills:1 soccer:1 to:1 your:1 ].
[fsimilar] # C: [ a:1 dribble:1 football:1 how:1 to:1 ].
[fsimilar] # C: [ dribbling:1 moves:1 soccer:1 ].
[fsimilar] # C: [ dribbling:1 drills:1 footwork:1 soccer:2 ].
[fsimilar] # C: [ a:1 beat:1 defender:1 how:1 in:1 soccer:1 to:1 ].
[fsimilar] # C: [ dribbling:1 drills:1 soccer:1 ].
[fsimilar] # C: [ dribbling:1 moves:1 soccer:1 tutorial:1 ].
[fsimilar] # S: [4 171].
### #1

100  5443429 Soccer Positions Explained.mp4	./Soccer Tips & Soccer Advice/
 87  5443429 22 - Soccer Positions Explained.mp4	./How to improve Soccer conditioning & Soccer fitness/

[fsimilar] # S: [15 142].
### #2

100  5973267 Football Dribbling Tips - How to dribble.mp4	./Soccer Tips & Soccer Advice/
100  5973267 Football Dribbling Tips - How to dribble.mp4	./Top Soccer Training Videos/

[fsimilar] # S: [23 50 78 94 134 150 188 211 223].
### #3

100  4455628 Soccer Training Guide.webm	./Soccer Tips & Soccer Advice/
100  4455628 Soccer Training Guide.webm	./How to improve Soccer passing & receiving skills/
100  4455628 Soccer Training Guide.webm	./How to improve Soccer ball control skills/
100  4455628 Soccer Training Guide.webm	./Youth Soccer Training Drills/
100  4455628 Soccer Training Guide.webm	./How to improve Soccer shooting skills & finishing/
100  4455628 Soccer Training Guide.webm	./Top Soccer Training Videos/
 87  4455628 32 - Soccer Training Guide.webm	./How to improve Soccer conditioning & Soccer fitness/
 87  4455628 20 - Soccer Training Guide.webm	./At Home Soccer Training Drills/
100  4455628 Soccer Training Guide.webm	./How to improve Soccer dribbling skills and fast footwork/

[fsimilar] # S: [33 157].
### #4

100  5805224 Soccer Tips - How to play midfielder.mp4	./Soccer Tips & Soccer Advice/
100  5805224 Soccer Tips - How to play midfielder.mp4	./Top Soccer Training Videos/

[fsimilar] # S: [40 160].
### #5

100  4090343 Football Tips - How to play football.mp4	./Soccer Tips & Soccer Advice/
100  4090343 Football Tips - How to play football.mp4	./Top Soccer Training Videos/

[fsimilar] # S: [43 162].
### #6

100  5131092 Soccer Shooting Tips - How to Shoot a Soccer Ball.mp4	./Soccer Tips & Soccer Advice/
100  5131092 Soccer Shooting Tips - How to Shoot a Soccer Ball.mp4	./Top Soccer Training Videos/

[fsimilar] # S: [46 87].
### #7

100 13599728 Football Passing Drills.mp4	./How to improve Soccer passing & receiving skills/
100 13599728 Football Passing Drills.mp4	./Youth Soccer Training Drills/

[fsimilar] # S: [47 88].
### #8

100 13295374 Soccer Passing Drills For Youth.mp4	./How to improve Soccer passing & receiving skills/
100 13295374 Soccer Passing Drills For Youth.mp4	./Youth Soccer Training Drills/

[fsimilar] # S: [49 90].
### #9

100 11827630 Soccer Passing Drills.mp4	./How to improve Soccer passing & receiving skills/
100 11827630 Soccer Passing Drills.mp4	./Youth Soccer Training Drills/

[fsimilar] # S: [51 95 151].
### #10

100  7997569 Soccer Ball Control Drills.mp4	./How to improve Soccer passing & receiving skills/
100  7997569 Soccer Ball Control Drills.mp4	./Youth Soccer Training Drills/
100  7997569 Soccer Ball Control Drills.mp4	./Top Soccer Training Videos/

[fsimilar] # S: [52 206].
### #11

100  8242852 At Home Soccer Drills - Passing Drills For Soccer.mp4	./How to improve Soccer passing & receiving skills/
 96  8242852 07 - At Home Soccer Drills - Passing Drills For Soccer.mp4	./At Home Soccer Training Drills/

[fsimilar] # S: [64 108].
### #12

100 12146599 How To Control A Soccer Ball Like Zidane.mp4	./How to improve Soccer ball control skills/
100 12146599 How To Control A Soccer Ball Like Zidane.mp4	./Try These Soccer Drills/

[fsimilar] # S: [66 137].
### #13

100 11142887 Soccer Ball Control Exercises For Kids.mp4	./How to improve Soccer ball control skills/
100 11142887 Soccer Ball Control Exercises For Kids.mp4	./Top Soccer Training Videos/

[fsimilar] # S: [67 141].
### #14

100  6389206 How To Control A Football.mp4	./How to improve Soccer ball control skills/
100  6389206 How To Control A Football.mp4	./Top Soccer Training Videos/

[fsimilar] # S: [68 198].
### #15

100  8108581 At Home Soccer Drills - Ball Control Drills.mp4	./How to improve Soccer ball control skills/
 95  8108581 08 - At Home Soccer Drills - Ball Control Drills.mp4	./At Home Soccer Training Drills/

[fsimilar] # S: [69 210].
### #16

100  5024852 At Home Soccer Drills - Side Flick Up Skills.mp4	./How to improve Soccer ball control skills/
 94  5024852 15 - At Home Soccer Drills - Side Flick Up Skills.mp4	./At Home Soccer Training Drills/

[fsimilar] # S: [75 204].
### #17

100  3952646 At Home Soccer Drills - Scoop Stall Skills.mp4	./How to improve Soccer ball control skills/
 94  3952646 14 - At Home Soccer Drills - Scoop Stall Skills.mp4	./At Home Soccer Training Drills/

[fsimilar] # S: [77 114 149].
### #18

100  7062781 How to Improve Soccer Ball Control - Soccer Training Drills.mp4	./How to improve Soccer ball control skills/
100  7062781 How to Improve Soccer Ball Control - Soccer Training Drills.mp4	./Try These Soccer Drills/
100  7062781 How to Improve Soccer Ball Control - Soccer Training Drills.mp4	./Top Soccer Training Videos/

[fsimilar] # S: [79 101].
### #19

100 11936817 How To Juggle A Soccer Ball Tutorial For Beginners.mp4	./How to improve Soccer ball control skills/
 95 11936817 10 - How To Juggle A Soccer Ball Tutorial For Beginners.mp4	./Must Watch Tutorials/

[fsimilar] # S: [80 153].
### #20

100 11886999 How To Control A Soccer Ball Out Of The Air.mp4	./How to improve Soccer ball control skills/
100 11886999 How To Control A Soccer Ball Out Of The Air.mp4	./Top Soccer Training Videos/

[fsimilar] # S: [84 232].
### #21

100 11654072 Soccer Dribbling Moves.mp4	./How to improve Soccer ball control skills/
100 11654072 Soccer Dribbling Moves.mp4	./How to improve Soccer dribbling skills and fast footwork/

[fsimilar] # S: [86 159].
### #22

100 10738891 How To Improve Football Control.mp4	./How to improve Soccer ball control skills/
100 10738891 How To Improve Football Control.mp4	./Top Soccer Training Videos/

[fsimilar] # S: [92 167].
### #23

100 18897144 How To Improve Running Endurance and Stamina For Soccer.mp4	./Youth Soccer Training Drills/
 95 18897144 23 - How To Improve Running Endurance and Stamina For Soccer.mp4	./How to improve Soccer conditioning & Soccer fitness/

[fsimilar] # S: [93 147].
### #24

100 11650500 Soccer Drills For Youth.mp4	./Youth Soccer Training Drills/
100 11650500 Soccer Drills For Youth.mp4	./Top Soccer Training Videos/

[fsimilar] # S: [97 183].
### #25

100 26142540 How To Warm Up For Soccer.mp4	./Youth Soccer Training Drills/
 93 26142540 24 - How To Warm Up For Soccer.mp4	./How to improve Soccer conditioning & Soccer fitness/

[fsimilar] # S: [111 144].
### #26

100  8895724 Improve Soccer Dribbling - Soccer Dribbling Drills - The Soccer Essentials.mp4	./Try These Soccer Drills/
100  8895724 Improve Soccer Dribbling - Soccer Dribbling Drills - The Soccer Essentials.mp4	./Top Soccer Training Videos/

[fsimilar] # S: [112 186].
### #27

100 14980304 How To Improve Soccer Speed Agility and Quickness.mp4	./Try These Soccer Drills/
 94 14980304 28 - How To Improve Soccer Speed Agility and Quickness.mp4	./How to improve Soccer conditioning & Soccer fitness/

[fsimilar] # S: [113 148 222].
### #28

100  9042503 How To Do 1v1 Soccer Moves.mp4	./Try These Soccer Drills/
100  9042503 How To Do 1v1 Soccer Moves.mp4	./Top Soccer Training Videos/
100  9042503 How To Do 1v1 Soccer Moves.mp4	./How to improve Soccer dribbling skills and fast footwork/

[fsimilar] # S: [115 152].
### #29

100 10043873 Improve Soccer Shooting Technique.mp4	./Try These Soccer Drills/
100 10043873 Improve Soccer Shooting Technique.mp4	./Top Soccer Training Videos/

[fsimilar] # S: [128 138].
### #30

100 20096681 Soccer Shooting Drills and Tutorial.mp4	./How to improve Soccer shooting skills & finishing/
100 20096681 Soccer Shooting Drills and Tutorial.mp4	./Top Soccer Training Videos/

[fsimilar] # S: [131 145].
### #31

100 10198389 How To Improve Soccer Shooting Accuracy.mp4	./How to improve Soccer shooting skills & finishing/
100 10198389 How To Improve Soccer Shooting Accuracy.mp4	./Top Soccer Training Videos/

[fsimilar] # S: [136 215].
### #32

100 10208226 How To Dribble A Soccer Ball.mp4	./Top Soccer Training Videos/
100 10208226 How To Dribble A Soccer Ball.mp4	./How to improve Soccer dribbling skills and fast footwork/

[fsimilar] # S: [139 217].
### #33

100  7714251 1v1 Soccer Moves - Elastico Tutorial.mp4	./Top Soccer Training Videos/
100  7714251 1v1 Soccer Moves - Elastico Tutorial.mp4	./How to improve Soccer dribbling skills and fast footwork/

[fsimilar] # S: [140 192].
### #34

100  9255149 How To Improve Soccer Speed and Acceleration.mp4	./Top Soccer Training Videos/
 94  9255149 03 - How To Improve Soccer Speed and Acceleration.mp4	./How to improve Soccer conditioning & Soccer fitness/

[fsimilar] # S: [155 181].
### #35

100 15189628 Soccer Cool Down.mp4	./Top Soccer Training Videos/
 87 15189628 08 - Soccer Cool Down.mp4	./How to improve Soccer conditioning & Soccer fitness/

[fsimilar] # S: [156 208 230].
### #36

100  8949123 How to Improve your Soccer Dribbling Skills At Home.mp4	./Top Soccer Training Videos/
 95  8949123 02 - How to Improve your Soccer Dribbling Skills At Home.mp4	./At Home Soccer Training Drills/
100  8949123 How to Improve your Soccer Dribbling Skills At Home.mp4	./How to improve Soccer dribbling skills and fast footwork/

[fsimilar] # S: [158 233].
### #37

100 12977783 Soccer Dribbling Drills - Soccer Footwork.mp4	./Top Soccer Training Videos/
100 12977783 Soccer Dribbling Drills - Soccer Footwork.mp4	./How to improve Soccer dribbling skills and fast footwork/

[fsimilar] # S: [161 234].
### #38

100 11474273 How To Beat A Defender In Soccer.mp4	./Top Soccer Training Videos/
100 11474273 How To Beat A Defender In Soccer.mp4	./How to improve Soccer dribbling skills and fast footwork/

[fsimilar] # S: [173 205].
### #39

100 16505362 02 - At Home Soccer Drills - How To Improve Strength.mp4	./How to improve Soccer conditioning & Soccer fitness/
 89 16505362 06 - At Home Soccer Drills - How To Improve Strength.mp4	./At Home Soccer Training Drills/

[fsimilar] # S: [195 224].
### #40

100  7722313 05 - At Home Soccer Training Drills - How to improve soccer dribbling skills.mp4	./At Home Soccer Training Drills/
 96  7722313 At Home Soccer Training Drills - How to improve soccer dribbling skills.mp4	./How to improve Soccer dribbling skills and fast footwork/

[fsimilar] # S: [196 221].
### #41

100  5236418 17 - At Home Soccer Drills - Advanced Drag Back Skills.mp4	./At Home Soccer Training Drills/
 94  5236418 At Home Soccer Drills - Advanced Drag Back Skills.mp4	./How to improve Soccer dribbling skills and fast footwork/

[fsimilar] # S: [197 219].
### #42

100  3487644 11 - At Home Soccer Drills - Push and Pull Skills.mp4	./At Home Soccer Training Drills/
 94  3487644 At Home Soccer Drills - Push and Pull Skills.mp4	./How to improve Soccer dribbling skills and fast footwork/

[fsimilar] # S: [200 228].
### #43

100  3765516 19 - At Home Soccer Drills - Brazilian Skills.mp4	./At Home Soccer Training Drills/
 93  3765516 At Home Soccer Drills - Brazilian Skills.mp4	./How to improve Soccer dribbling skills and fast footwork/

[fsimilar] # S: [202 218].
### #44

100  3487358 12 - At Home Soccer Drills - Cuts and V Turns.mp4	./At Home Soccer Training Drills/
 94  3487358 At Home Soccer Drills - Cuts and V Turns.mp4	./How to improve Soccer dribbling skills and fast footwork/

[fsimilar] # S: [203 225].
### #45

100  5040474 16 - At Home Soccer Drills - Side Touch Skills.mp4	./At Home Soccer Training Drills/
 94  5040474 At Home Soccer Drills - Side Touch Skills.mp4	./How to improve Soccer dribbling skills and fast footwork/

[fsimilar] # S: [207 216].
### #46

100  4206289 10 - At Home Soccer Drills - Scissor To Step Over.mp4	./At Home Soccer Training Drills/
 94  4206289 At Home Soccer Drills - Scissor To Step Over.mp4	./How to improve Soccer dribbling skills and fast footwork/

[fsimilar] # S: [209 220].
### #47

100  4550201 09 - At Home Soccer Drills - Cut and Turn Skills.mp4	./At Home Soccer Training Drills/
 94  4550201 At Home Soccer Drills - Cut and Turn Skills.mp4	./How to improve Soccer dribbling skills and fast footwork/

[fsimilar] # S: [214 226].
### #48

100  4972074 18 - At Home Soccer Drills - Roll Over To Chop Skills.mp4	./At Home Soccer Training Drills/
 95  4972074 At Home Soccer Drills - Roll Over To Chop Skills.mp4	./How to improve Soccer dribbling skills and fast footwork/


